2025-04-20 21:46:09,143 - ERROR - Header mismatch for auxiliary.
Expected: {'Time': 'object', 'Unnamed: 1': 'float64', 'CanSigActTorq': 'int64', 'DCBusCurr': 'int64', 'DiIn1': 'int64', 'DiIn2': 'int64', 'DiIn3': 'int64', 'DiIn4': 'int64', 'DiIn5': 'int64', 'DiIn6': 'int64', 'DiIn7': 'int64', 'DiIn8': 'int64', 'DiIn9': 'int64', 'EncIn2A': 'int64', 'EncIn2B': 'int64', 'DiIn13': 'int64', 'EncIn1C': 'int64', 'EncIn1A': 'int64', 'EncIn1B': 'int64', 'AbiAccCurr': 'int64', 'IdArms': 'int64', 'IqArms': 'int64', 'UdRef': 'int64', 'UqRef': 'int64', 'ActLimType': 'int64', 'RegStat': 'int64', 'SensAng': 'int64', 'Iq': 'int64', 'Id': 'int64', 'ReaToSWOn': 'int64', 'SwOn': 'int64', 'Ena': 'int64', 'Trip': 'float64', 'CurrAbiRed': 'float64', 'CurrBoosAct': 'float64', 'ErrAct': 'float64', 'WarnAct': 'float64', 'Regen': 'float64', 'ODOut1On': 'float64', 'ODOut2On': 'float64', 'ODOut3On': 'float64', 'ODOut4On': 'float64', 'ODOut5On': 'float64', 'ODOut6On': 'float64', 'CanSigRotSpeedInRPM': 'float64', 'CanSigRmsMotCurr': 'float64', 'FiltVolt': 'float64', 'Event1': 'float64', 'Event2': 'float64', 'Event3': 'float64', 'Event4': 'float64', 'MotTemp': 'float64', 'HeatSTemp': 'float64', 'ActContMode': 'float64', 'ActEvent': 'float64', 'DCBusPow': 'float64', 'UpeakNorm': 'float64', 'VoltAng': 'float64', 'RefTorq': 'float64'}
Found: ['Time', 'CanSigActTorq', 'DCBusCurr', 'DiIn1', 'DiIn2', 'DiIn3', 'DiIn4', 'DiIn5', 'DiIn6', 'DiIn7', 'DiIn8', 'DiIn9', 'EncIn2A', 'EncIn2B', 'DiIn13', 'EncIn1C', 'EncIn1A', 'EncIn1B', 'AbiAccCurr', 'IdArms', 'IqArms', 'UdRef', 'UqRef', 'ActLimType', 'RegStat', 'SensAng', 'Iq', 'Id', 'ReaToSWOn', 'SwOn', 'Ena', 'Trip', 'CurrAbiRed', 'CurrBoosAct', 'ErrAct', 'WarnAct', 'Regen', 'ODOut1On', 'ODOut2On', 'ODOut3On', 'ODOut4On', 'ODOut5On', 'ODOut6On', 'CanSigRotSpeedInRPM', 'CanSigRmsMotCurr', 'FiltVolt', 'Event1', 'Event2', 'Event3', 'Event4', 'MotTemp', 'HeatSTemp', 'ActContMode', 'ActEvent', 'DCBusPow', 'UpeakNorm', 'VoltAng', 'RefTorq']
NoneType: None
2025-04-20 21:46:14,904 - ERROR - Header mismatch for auxiliary.
Expected: {'Time': 'object', 'Unnamed: 1': 'float64', 'CanSigActTorq': 'int64', 'DCBusCurr': 'int64', 'DiIn1': 'int64', 'DiIn2': 'int64', 'DiIn3': 'int64', 'DiIn4': 'int64', 'DiIn5': 'int64', 'DiIn6': 'int64', 'DiIn7': 'int64', 'DiIn8': 'int64', 'DiIn9': 'int64', 'EncIn2A': 'int64', 'EncIn2B': 'int64', 'DiIn13': 'int64', 'EncIn1C': 'int64', 'EncIn1A': 'int64', 'EncIn1B': 'int64', 'AbiAccCurr': 'int64', 'IdArms': 'int64', 'IqArms': 'int64', 'UdRef': 'int64', 'UqRef': 'int64', 'ActLimType': 'int64', 'RegStat': 'int64', 'SensAng': 'int64', 'Iq': 'int64', 'Id': 'int64', 'ReaToSWOn': 'int64', 'SwOn': 'int64', 'Ena': 'int64', 'Trip': 'float64', 'CurrAbiRed': 'float64', 'CurrBoosAct': 'float64', 'ErrAct': 'float64', 'WarnAct': 'float64', 'Regen': 'float64', 'ODOut1On': 'float64', 'ODOut2On': 'float64', 'ODOut3On': 'float64', 'ODOut4On': 'float64', 'ODOut5On': 'float64', 'ODOut6On': 'float64', 'CanSigRotSpeedInRPM': 'float64', 'CanSigRmsMotCurr': 'float64', 'FiltVolt': 'float64', 'Event1': 'float64', 'Event2': 'float64', 'Event3': 'float64', 'Event4': 'float64', 'MotTemp': 'float64', 'HeatSTemp': 'float64', 'ActContMode': 'float64', 'ActEvent': 'float64', 'DCBusPow': 'float64', 'UpeakNorm': 'float64', 'VoltAng': 'float64', 'RefTorq': 'float64'}
Found: ['time', 'unnamed_1', 'cansigacttorq', 'dcbuscurr', 'diin1', 'diin2', 'diin3', 'diin4', 'diin5', 'diin6', 'diin7', 'diin8', 'diin9', 'encin2a', 'encin2b', 'diin13', 'encin1c', 'encin1a', 'encin1b', 'abiacccurr', 'idarms', 'iqarms', 'udref', 'uqref', 'actlimtype', 'regstat', 'sensang', 'iq', 'id', 'reatoswon', 'swon', 'ena', 'trip', 'currabired', 'currboosact', 'erract', 'warnact', 'regen', 'odout1on', 'odout2on', 'odout3on', 'odout4on', 'odout5on', 'odout6on', 'cansigrotspeedinrpm', 'cansigrmsmotcurr', 'filtvolt', 'event1', 'event2', 'event3', 'event4', 'mottemp', 'heatstemp', 'actcontmode', 'actevent', 'dcbuspow', 'upeaknorm', 'voltang', 'reftorq']
NoneType: None
2025-04-20 21:46:18,450 - ERROR - Header mismatch for auxiliary.
Expected: {'Time': 'object', 'Unnamed: 1': 'float64', 'CanSigActTorq': 'int64', 'DCBusCurr': 'int64', 'DiIn1': 'int64', 'DiIn2': 'int64', 'DiIn3': 'int64', 'DiIn4': 'int64', 'DiIn5': 'int64', 'DiIn6': 'int64', 'DiIn7': 'int64', 'DiIn8': 'int64', 'DiIn9': 'int64', 'EncIn2A': 'int64', 'EncIn2B': 'int64', 'DiIn13': 'int64', 'EncIn1C': 'int64', 'EncIn1A': 'int64', 'EncIn1B': 'int64', 'AbiAccCurr': 'int64', 'IdArms': 'int64', 'IqArms': 'int64', 'UdRef': 'int64', 'UqRef': 'int64', 'ActLimType': 'int64', 'RegStat': 'int64', 'SensAng': 'int64', 'Iq': 'int64', 'Id': 'int64', 'ReaToSWOn': 'int64', 'SwOn': 'int64', 'Ena': 'int64', 'Trip': 'float64', 'CurrAbiRed': 'float64', 'CurrBoosAct': 'float64', 'ErrAct': 'float64', 'WarnAct': 'float64', 'Regen': 'float64', 'ODOut1On': 'float64', 'ODOut2On': 'float64', 'ODOut3On': 'float64', 'ODOut4On': 'float64', 'ODOut5On': 'float64', 'ODOut6On': 'float64', 'CanSigRotSpeedInRPM': 'float64', 'CanSigRmsMotCurr': 'float64', 'FiltVolt': 'float64', 'Event1': 'float64', 'Event2': 'float64', 'Event3': 'float64', 'Event4': 'float64', 'MotTemp': 'float64', 'HeatSTemp': 'float64', 'ActContMode': 'float64', 'ActEvent': 'float64', 'DCBusPow': 'float64', 'UpeakNorm': 'float64', 'VoltAng': 'float64', 'RefTorq': 'float64'}
Found: ['time', 'cansigacttorq', 'dcbuscurr', 'diin1', 'diin2', 'diin3', 'diin4', 'diin5', 'diin6', 'diin7', 'diin8', 'diin9', 'encin2a', 'encin2b', 'diin13', 'encin1c', 'encin1a', 'encin1b', 'abiacccurr', 'idarms', 'iqarms', 'udref', 'uqref', 'actlimtype', 'regstat', 'sensang', 'iq', 'id', 'reatoswon', 'swon', 'ena', 'trip', 'currabired', 'currboosact', 'erract', 'warnact', 'regen', 'odout1on', 'odout2on', 'odout3on', 'odout4on', 'odout5on', 'odout6on', 'cansigrotspeedinrpm', 'cansigrmsmotcurr', 'filtvolt', 'event1', 'event2', 'event3', 'event4', 'mottemp', 'heatstemp', 'actcontmode', 'actevent', 'dcbuspow', 'upeaknorm', 'voltang', 'reftorq']
NoneType: None
2025-04-20 21:48:03,327 - ERROR - Header mismatch for auxiliary.
Expected: {'Time': 'object', 'Unnamed: 1': 'float64', 'CanSigActTorq': 'int64', 'DCBusCurr': 'int64', 'DiIn1': 'int64', 'DiIn2': 'int64', 'DiIn3': 'int64', 'DiIn4': 'int64', 'DiIn5': 'int64', 'DiIn6': 'int64', 'DiIn7': 'int64', 'DiIn8': 'int64', 'DiIn9': 'int64', 'EncIn2A': 'int64', 'EncIn2B': 'int64', 'DiIn13': 'int64', 'EncIn1C': 'int64', 'EncIn1A': 'int64', 'EncIn1B': 'int64', 'AbiAccCurr': 'int64', 'IdArms': 'int64', 'IqArms': 'int64', 'UdRef': 'int64', 'UqRef': 'int64', 'ActLimType': 'int64', 'RegStat': 'int64', 'SensAng': 'int64', 'Iq': 'int64', 'Id': 'int64', 'ReaToSWOn': 'int64', 'SwOn': 'int64', 'Ena': 'int64', 'Trip': 'float64', 'CurrAbiRed': 'float64', 'CurrBoosAct': 'float64', 'ErrAct': 'float64', 'WarnAct': 'float64', 'Regen': 'float64', 'ODOut1On': 'float64', 'ODOut2On': 'float64', 'ODOut3On': 'float64', 'ODOut4On': 'float64', 'ODOut5On': 'float64', 'ODOut6On': 'float64', 'CanSigRotSpeedInRPM': 'float64', 'CanSigRmsMotCurr': 'float64', 'FiltVolt': 'float64', 'Event1': 'float64', 'Event2': 'float64', 'Event3': 'float64', 'Event4': 'float64', 'MotTemp': 'float64', 'HeatSTemp': 'float64', 'ActContMode': 'float64', 'ActEvent': 'float64', 'DCBusPow': 'float64', 'UpeakNorm': 'float64', 'VoltAng': 'float64', 'RefTorq': 'float64'}
Found: ['Time', 'CanSigActTorq', 'DCBusCurr', 'DiIn1', 'DiIn2', 'DiIn3', 'DiIn4', 'DiIn5', 'DiIn6', 'DiIn7', 'DiIn8', 'DiIn9', 'EncIn2A', 'EncIn2B', 'DiIn13', 'EncIn1C', 'EncIn1A', 'EncIn1B', 'AbiAccCurr', 'IdArms', 'IqArms', 'UdRef', 'UqRef', 'ActLimType', 'RegStat', 'SensAng', 'Iq', 'Id', 'ReaToSWOn', 'SwOn', 'Ena', 'Trip', 'CurrAbiRed', 'CurrBoosAct', 'ErrAct', 'WarnAct', 'Regen', 'ODOut1On', 'ODOut2On', 'ODOut3On', 'ODOut4On', 'ODOut5On', 'ODOut6On', 'CanSigRotSpeedInRPM', 'CanSigRmsMotCurr', 'FiltVolt', 'Event1', 'Event2', 'Event3', 'Event4', 'MotTemp', 'HeatSTemp', 'ActContMode', 'ActEvent', 'DCBusPow', 'UpeakNorm', 'VoltAng', 'RefTorq']
NoneType: None
2025-04-20 21:48:08,978 - ERROR - Header mismatch for auxiliary.
Expected: {'Time': 'object', 'Unnamed: 1': 'float64', 'CanSigActTorq': 'int64', 'DCBusCurr': 'int64', 'DiIn1': 'int64', 'DiIn2': 'int64', 'DiIn3': 'int64', 'DiIn4': 'int64', 'DiIn5': 'int64', 'DiIn6': 'int64', 'DiIn7': 'int64', 'DiIn8': 'int64', 'DiIn9': 'int64', 'EncIn2A': 'int64', 'EncIn2B': 'int64', 'DiIn13': 'int64', 'EncIn1C': 'int64', 'EncIn1A': 'int64', 'EncIn1B': 'int64', 'AbiAccCurr': 'int64', 'IdArms': 'int64', 'IqArms': 'int64', 'UdRef': 'int64', 'UqRef': 'int64', 'ActLimType': 'int64', 'RegStat': 'int64', 'SensAng': 'int64', 'Iq': 'int64', 'Id': 'int64', 'ReaToSWOn': 'int64', 'SwOn': 'int64', 'Ena': 'int64', 'Trip': 'float64', 'CurrAbiRed': 'float64', 'CurrBoosAct': 'float64', 'ErrAct': 'float64', 'WarnAct': 'float64', 'Regen': 'float64', 'ODOut1On': 'float64', 'ODOut2On': 'float64', 'ODOut3On': 'float64', 'ODOut4On': 'float64', 'ODOut5On': 'float64', 'ODOut6On': 'float64', 'CanSigRotSpeedInRPM': 'float64', 'CanSigRmsMotCurr': 'float64', 'FiltVolt': 'float64', 'Event1': 'float64', 'Event2': 'float64', 'Event3': 'float64', 'Event4': 'float64', 'MotTemp': 'float64', 'HeatSTemp': 'float64', 'ActContMode': 'float64', 'ActEvent': 'float64', 'DCBusPow': 'float64', 'UpeakNorm': 'float64', 'VoltAng': 'float64', 'RefTorq': 'float64'}
Found: ['time', 'unnamed_1', 'cansigacttorq', 'dcbuscurr', 'diin1', 'diin2', 'diin3', 'diin4', 'diin5', 'diin6', 'diin7', 'diin8', 'diin9', 'encin2a', 'encin2b', 'diin13', 'encin1c', 'encin1a', 'encin1b', 'abiacccurr', 'idarms', 'iqarms', 'udref', 'uqref', 'actlimtype', 'regstat', 'sensang', 'iq', 'id', 'reatoswon', 'swon', 'ena', 'trip', 'currabired', 'currboosact', 'erract', 'warnact', 'regen', 'odout1on', 'odout2on', 'odout3on', 'odout4on', 'odout5on', 'odout6on', 'cansigrotspeedinrpm', 'cansigrmsmotcurr', 'filtvolt', 'event1', 'event2', 'event3', 'event4', 'mottemp', 'heatstemp', 'actcontmode', 'actevent', 'dcbuspow', 'upeaknorm', 'voltang', 'reftorq']
NoneType: None
2025-04-20 21:48:12,556 - ERROR - Header mismatch for auxiliary.
Expected: {'Time': 'object', 'Unnamed: 1': 'float64', 'CanSigActTorq': 'int64', 'DCBusCurr': 'int64', 'DiIn1': 'int64', 'DiIn2': 'int64', 'DiIn3': 'int64', 'DiIn4': 'int64', 'DiIn5': 'int64', 'DiIn6': 'int64', 'DiIn7': 'int64', 'DiIn8': 'int64', 'DiIn9': 'int64', 'EncIn2A': 'int64', 'EncIn2B': 'int64', 'DiIn13': 'int64', 'EncIn1C': 'int64', 'EncIn1A': 'int64', 'EncIn1B': 'int64', 'AbiAccCurr': 'int64', 'IdArms': 'int64', 'IqArms': 'int64', 'UdRef': 'int64', 'UqRef': 'int64', 'ActLimType': 'int64', 'RegStat': 'int64', 'SensAng': 'int64', 'Iq': 'int64', 'Id': 'int64', 'ReaToSWOn': 'int64', 'SwOn': 'int64', 'Ena': 'int64', 'Trip': 'float64', 'CurrAbiRed': 'float64', 'CurrBoosAct': 'float64', 'ErrAct': 'float64', 'WarnAct': 'float64', 'Regen': 'float64', 'ODOut1On': 'float64', 'ODOut2On': 'float64', 'ODOut3On': 'float64', 'ODOut4On': 'float64', 'ODOut5On': 'float64', 'ODOut6On': 'float64', 'CanSigRotSpeedInRPM': 'float64', 'CanSigRmsMotCurr': 'float64', 'FiltVolt': 'float64', 'Event1': 'float64', 'Event2': 'float64', 'Event3': 'float64', 'Event4': 'float64', 'MotTemp': 'float64', 'HeatSTemp': 'float64', 'ActContMode': 'float64', 'ActEvent': 'float64', 'DCBusPow': 'float64', 'UpeakNorm': 'float64', 'VoltAng': 'float64', 'RefTorq': 'float64'}
Found: ['time', 'cansigacttorq', 'dcbuscurr', 'diin1', 'diin2', 'diin3', 'diin4', 'diin5', 'diin6', 'diin7', 'diin8', 'diin9', 'encin2a', 'encin2b', 'diin13', 'encin1c', 'encin1a', 'encin1b', 'abiacccurr', 'idarms', 'iqarms', 'udref', 'uqref', 'actlimtype', 'regstat', 'sensang', 'iq', 'id', 'reatoswon', 'swon', 'ena', 'trip', 'currabired', 'currboosact', 'erract', 'warnact', 'regen', 'odout1on', 'odout2on', 'odout3on', 'odout4on', 'odout5on', 'odout6on', 'cansigrotspeedinrpm', 'cansigrmsmotcurr', 'filtvolt', 'event1', 'event2', 'event3', 'event4', 'mottemp', 'heatstemp', 'actcontmode', 'actevent', 'dcbuspow', 'upeaknorm', 'voltang', 'reftorq']
NoneType: None
2025-04-20 21:48:32,949 - ERROR - Header mismatch for auxiliary.
Expected: {'Time': 'object', 'Unnamed: 1': 'float64', 'CanSigActTorq': 'int64', 'DCBusCurr': 'int64', 'DiIn1': 'int64', 'DiIn2': 'int64', 'DiIn3': 'int64', 'DiIn4': 'int64', 'DiIn5': 'int64', 'DiIn6': 'int64', 'DiIn7': 'int64', 'DiIn8': 'int64', 'DiIn9': 'int64', 'EncIn2A': 'int64', 'EncIn2B': 'int64', 'DiIn13': 'int64', 'EncIn1C': 'int64', 'EncIn1A': 'int64', 'EncIn1B': 'int64', 'AbiAccCurr': 'int64', 'IdArms': 'int64', 'IqArms': 'int64', 'UdRef': 'int64', 'UqRef': 'int64', 'ActLimType': 'int64', 'RegStat': 'int64', 'SensAng': 'int64', 'Iq': 'int64', 'Id': 'int64', 'ReaToSWOn': 'int64', 'SwOn': 'int64', 'Ena': 'int64', 'Trip': 'float64', 'CurrAbiRed': 'float64', 'CurrBoosAct': 'float64', 'ErrAct': 'float64', 'WarnAct': 'float64', 'Regen': 'float64', 'ODOut1On': 'float64', 'ODOut2On': 'float64', 'ODOut3On': 'float64', 'ODOut4On': 'float64', 'ODOut5On': 'float64', 'ODOut6On': 'float64', 'CanSigRotSpeedInRPM': 'float64', 'CanSigRmsMotCurr': 'float64', 'FiltVolt': 'float64', 'Event1': 'float64', 'Event2': 'float64', 'Event3': 'float64', 'Event4': 'float64', 'MotTemp': 'float64', 'HeatSTemp': 'float64', 'ActContMode': 'float64', 'ActEvent': 'float64', 'DCBusPow': 'float64', 'UpeakNorm': 'float64', 'VoltAng': 'float64', 'RefTorq': 'float64'}
Found: ['time', 'cansigacttorq', 'dcbuscurr', 'diin1', 'diin2', 'diin3', 'diin4', 'diin5', 'diin6', 'diin7', 'diin8', 'diin9', 'encin2a', 'encin2b', 'diin13', 'encin1c', 'encin1a', 'encin1b', 'abiacccurr', 'idarms', 'iqarms', 'udref', 'uqref', 'actlimtype', 'regstat', 'sensang', 'iq', 'id', 'reatoswon', 'swon', 'ena', 'trip', 'currabired', 'currboosact', 'erract', 'warnact', 'regen', 'odout1on', 'odout2on', 'odout3on', 'odout4on', 'odout5on', 'odout6on', 'cansigrotspeedinrpm', 'cansigrmsmotcurr', 'filtvolt', 'event1', 'event2', 'event3', 'event4', 'mottemp', 'heatstemp', 'actcontmode', 'actevent', 'dcbuspow', 'upeaknorm', 'voltang', 'reftorq']
NoneType: None
2025-04-20 21:48:35,516 - ERROR - Header mismatch for auxiliary.
Expected: {'Time': 'object', 'Unnamed: 1': 'float64', 'CanSigActTorq': 'int64', 'DCBusCurr': 'int64', 'DiIn1': 'int64', 'DiIn2': 'int64', 'DiIn3': 'int64', 'DiIn4': 'int64', 'DiIn5': 'int64', 'DiIn6': 'int64', 'DiIn7': 'int64', 'DiIn8': 'int64', 'DiIn9': 'int64', 'EncIn2A': 'int64', 'EncIn2B': 'int64', 'DiIn13': 'int64', 'EncIn1C': 'int64', 'EncIn1A': 'int64', 'EncIn1B': 'int64', 'AbiAccCurr': 'int64', 'IdArms': 'int64', 'IqArms': 'int64', 'UdRef': 'int64', 'UqRef': 'int64', 'ActLimType': 'int64', 'RegStat': 'int64', 'SensAng': 'int64', 'Iq': 'int64', 'Id': 'int64', 'ReaToSWOn': 'int64', 'SwOn': 'int64', 'Ena': 'int64', 'Trip': 'float64', 'CurrAbiRed': 'float64', 'CurrBoosAct': 'float64', 'ErrAct': 'float64', 'WarnAct': 'float64', 'Regen': 'float64', 'ODOut1On': 'float64', 'ODOut2On': 'float64', 'ODOut3On': 'float64', 'ODOut4On': 'float64', 'ODOut5On': 'float64', 'ODOut6On': 'float64', 'CanSigRotSpeedInRPM': 'float64', 'CanSigRmsMotCurr': 'float64', 'FiltVolt': 'float64', 'Event1': 'float64', 'Event2': 'float64', 'Event3': 'float64', 'Event4': 'float64', 'MotTemp': 'float64', 'HeatSTemp': 'float64', 'ActContMode': 'float64', 'ActEvent': 'float64', 'DCBusPow': 'float64', 'UpeakNorm': 'float64', 'VoltAng': 'float64', 'RefTorq': 'float64'}
Found: ['time', 'cansigacttorq', 'dcbuscurr', 'diin1', 'diin2', 'diin3', 'diin4', 'diin5', 'diin6', 'diin7', 'diin8', 'diin9', 'encin2a', 'encin2b', 'diin13', 'encin1c', 'encin1a', 'encin1b', 'abiacccurr', 'idarms', 'iqarms', 'udref', 'uqref', 'actlimtype', 'regstat', 'sensang', 'iq', 'id', 'reatoswon', 'swon', 'ena', 'trip', 'currabired', 'currboosact', 'erract', 'warnact', 'regen', 'odout1on', 'odout2on', 'odout3on', 'odout4on', 'odout5on', 'odout6on', 'cansigrotspeedinrpm', 'cansigrmsmotcurr', 'filtvolt', 'event1', 'event2', 'event3', 'event4', 'mottemp', 'heatstemp', 'actcontmode', 'actevent', 'dcbuspow', 'upeaknorm', 'voltang', 'reftorq']
NoneType: None
2025-04-20 21:48:38,769 - ERROR - Header mismatch for auxiliary_input.
Expected: {'Time': 'int', 'Unnamed: 1': 'int', 'CommTorq': 'int', ' CommAcCurr': 'int', ' CommVolt': 'int', ' CommControlMode': 'int', ' CommSwitchOn. CommSpdNeutBrakeRampParSet': 'int', ' CommEnable': 'float', ' CommRegulSet': 'int', ' CommActCurrBoost': 'int', ' CommSpeedRampParSet': 'int', ' CommIgnore': 'int', 'LowDCBus': 'int', ' CommHighSideSwitchOn': 'int', ' CommOpenDrain1On': 'int', ' CommOpenDrain2On': 'int', ' CommOpenDrain3On': 'float', ' CommOpenDrain4On': 'int', ' CommOpenDrain5On': 'float', ' CommOpenDrain6On': 'float', ' CommSpeed': 'float', ' CommAccChang': 'int', ' CommDecelChange': 'int', ' AccTorqLimit': 'int', ' BrakeTorqLimit': 'int', ' PosDcCurrLimit': 'int', ' NegDcCurrLimit': 'float'}
Found: ['Time', 'Unnamed: 1', 'CommTorq', ' CommAcCurr', ' CommVolt', ' CommControlMode', ' CommSwitchOn. CommSpdNeutBrakeRampParSet', ' CommEnable', ' CommRegulSet', ' CommActCurrBoost', ' CommSpeedRampParSet', ' CommIgnore', 'LowDCBus', ' CommHighSideSwitchOn', ' CommOpenDrain1On', ' CommOpenDrain2On', ' CommOpenDrain3On', ' CommOpenDrain4On', ' CommOpenDrain5On', ' CommOpenDrain6On', ' CommSpeed', ' CommAccChang', ' CommDecelChange', ' AccTorqLimit', ' BrakeTorqLimit', ' PosDcCurrLimit', ' NegDcCurrLimit ']
NoneType: None
2025-04-20 21:48:41,134 - ERROR - Header mismatch for auxiliary_input.
Expected: {'Time': 'int', 'Unnamed: 1': 'int', 'CommTorq': 'int', ' CommAcCurr': 'int', ' CommVolt': 'int', ' CommControlMode': 'int', ' CommSwitchOn. CommSpdNeutBrakeRampParSet': 'int', ' CommEnable': 'float', ' CommRegulSet': 'int', ' CommActCurrBoost': 'int', ' CommSpeedRampParSet': 'int', ' CommIgnore': 'int', 'LowDCBus': 'int', ' CommHighSideSwitchOn': 'int', ' CommOpenDrain1On': 'int', ' CommOpenDrain2On': 'int', ' CommOpenDrain3On': 'float', ' CommOpenDrain4On': 'int', ' CommOpenDrain5On': 'float', ' CommOpenDrain6On': 'float', ' CommSpeed': 'float', ' CommAccChang': 'int', ' CommDecelChange': 'int', ' AccTorqLimit': 'int', ' BrakeTorqLimit': 'int', ' PosDcCurrLimit': 'int', ' NegDcCurrLimit': 'float'}
Found: ['Time', 'Unnamed: 1', 'CommTorq', ' CommAcCurr', ' CommVolt', ' CommControlMode', ' CommSwitchOn. CommSpdNeutBrakeRampParSet', ' CommEnable', ' CommRegulSet', ' CommActCurrBoost', ' CommSpeedRampParSet', ' CommIgnore', 'LowDCBus', ' CommHighSideSwitchOn', ' CommOpenDrain1On', ' CommOpenDrain2On', ' CommOpenDrain3On', ' CommOpenDrain4On', ' CommOpenDrain5On', ' CommOpenDrain6On', ' CommSpeed', ' CommAccChang', ' CommDecelChange', ' AccTorqLimit', ' BrakeTorqLimit', ' PosDcCurrLimit', ' NegDcCurrLimit ']
NoneType: None
2025-04-20 21:48:45,113 - ERROR - Header mismatch for auxiliary_input.
Expected: {'Time': 'int', 'Unnamed: 1': 'int', 'CommTorq': 'int', ' CommAcCurr': 'int', ' CommVolt': 'int', ' CommControlMode': 'int', ' CommSwitchOn. CommSpdNeutBrakeRampParSet': 'int', ' CommEnable': 'float', ' CommRegulSet': 'int', ' CommActCurrBoost': 'int', ' CommSpeedRampParSet': 'int', ' CommIgnore': 'int', 'LowDCBus': 'int', ' CommHighSideSwitchOn': 'int', ' CommOpenDrain1On': 'int', ' CommOpenDrain2On': 'int', ' CommOpenDrain3On': 'float', ' CommOpenDrain4On': 'int', ' CommOpenDrain5On': 'float', ' CommOpenDrain6On': 'float', ' CommSpeed': 'float', ' CommAccChang': 'int', ' CommDecelChange': 'int', ' AccTorqLimit': 'int', ' BrakeTorqLimit': 'int', ' PosDcCurrLimit': 'int', ' NegDcCurrLimit': 'float'}
Found: ['Time', 'Unnamed: 1', 'CommTorq', ' CommAcCurr', ' CommVolt', ' CommControlMode', ' CommSwitchOn. CommSpdNeutBrakeRampParSet', ' CommEnable', ' CommRegulSet', ' CommActCurrBoost', ' CommSpeedRampParSet', ' CommIgnore', 'LowDCBus', ' CommHighSideSwitchOn', ' CommOpenDrain1On', ' CommOpenDrain2On', ' CommOpenDrain3On', ' CommOpenDrain4On', ' CommOpenDrain5On', ' CommOpenDrain6On', ' CommSpeed', ' CommAccChang', ' CommDecelChange', ' AccTorqLimit', ' BrakeTorqLimit', ' PosDcCurrLimit', ' NegDcCurrLimit ']
NoneType: None
2025-04-20 21:48:45,429 - ERROR - Header mismatch for auxiliary_input.
Expected: {'Time': 'int', 'Unnamed: 1': 'int', 'CommTorq': 'int', ' CommAcCurr': 'int', ' CommVolt': 'int', ' CommControlMode': 'int', ' CommSwitchOn. CommSpdNeutBrakeRampParSet': 'int', ' CommEnable': 'float', ' CommRegulSet': 'int', ' CommActCurrBoost': 'int', ' CommSpeedRampParSet': 'int', ' CommIgnore': 'int', 'LowDCBus': 'int', ' CommHighSideSwitchOn': 'int', ' CommOpenDrain1On': 'int', ' CommOpenDrain2On': 'int', ' CommOpenDrain3On': 'float', ' CommOpenDrain4On': 'int', ' CommOpenDrain5On': 'float', ' CommOpenDrain6On': 'float', ' CommSpeed': 'float', ' CommAccChang': 'int', ' CommDecelChange': 'int', ' AccTorqLimit': 'int', ' BrakeTorqLimit': 'int', ' PosDcCurrLimit': 'int', ' NegDcCurrLimit': 'float'}
Found: ['Time', 'Unnamed: 1', 'CommTorq', ' CommAcCurr', ' CommVolt', ' CommControlMode', ' CommSwitchOn. CommSpdNeutBrakeRampParSet', ' CommEnable', ' CommRegulSet', ' CommActCurrBoost', ' CommSpeedRampParSet', ' CommIgnore', 'LowDCBus', ' CommHighSideSwitchOn', ' CommOpenDrain1On', ' CommOpenDrain2On', ' CommOpenDrain3On', ' CommOpenDrain4On', ' CommOpenDrain5On', ' CommOpenDrain6On', ' CommSpeed', ' CommAccChang', ' CommDecelChange', ' AccTorqLimit', ' BrakeTorqLimit', ' PosDcCurrLimit', ' NegDcCurrLimit ']
NoneType: None
2025-04-20 21:48:45,711 - ERROR - Header mismatch for auxiliary_input.
Expected: {'Time': 'int', 'Unnamed: 1': 'int', 'CommTorq': 'int', ' CommAcCurr': 'int', ' CommVolt': 'int', ' CommControlMode': 'int', ' CommSwitchOn. CommSpdNeutBrakeRampParSet': 'int', ' CommEnable': 'float', ' CommRegulSet': 'int', ' CommActCurrBoost': 'int', ' CommSpeedRampParSet': 'int', ' CommIgnore': 'int', 'LowDCBus': 'int', ' CommHighSideSwitchOn': 'int', ' CommOpenDrain1On': 'int', ' CommOpenDrain2On': 'int', ' CommOpenDrain3On': 'float', ' CommOpenDrain4On': 'int', ' CommOpenDrain5On': 'float', ' CommOpenDrain6On': 'float', ' CommSpeed': 'float', ' CommAccChang': 'int', ' CommDecelChange': 'int', ' AccTorqLimit': 'int', ' BrakeTorqLimit': 'int', ' PosDcCurrLimit': 'int', ' NegDcCurrLimit': 'float'}
Found: ['Time', 'Unnamed: 1', 'CommTorq', ' CommAcCurr', ' CommVolt', ' CommControlMode', ' CommSwitchOn. CommSpdNeutBrakeRampParSet', ' CommEnable', ' CommRegulSet', ' CommActCurrBoost', ' CommSpeedRampParSet', ' CommIgnore', 'LowDCBus', ' CommHighSideSwitchOn', ' CommOpenDrain1On', ' CommOpenDrain2On', ' CommOpenDrain3On', ' CommOpenDrain4On', ' CommOpenDrain5On', ' CommOpenDrain6On', ' CommSpeed', ' CommAccChang', ' CommDecelChange', ' AccTorqLimit', ' BrakeTorqLimit', ' PosDcCurrLimit', ' NegDcCurrLimit ']
NoneType: None
2025-04-20 21:48:46,039 - ERROR - Header mismatch for auxiliary_input.
Expected: {'Time': 'int', 'Unnamed: 1': 'int', 'CommTorq': 'int', ' CommAcCurr': 'int', ' CommVolt': 'int', ' CommControlMode': 'int', ' CommSwitchOn. CommSpdNeutBrakeRampParSet': 'int', ' CommEnable': 'float', ' CommRegulSet': 'int', ' CommActCurrBoost': 'int', ' CommSpeedRampParSet': 'int', ' CommIgnore': 'int', 'LowDCBus': 'int', ' CommHighSideSwitchOn': 'int', ' CommOpenDrain1On': 'int', ' CommOpenDrain2On': 'int', ' CommOpenDrain3On': 'float', ' CommOpenDrain4On': 'int', ' CommOpenDrain5On': 'float', ' CommOpenDrain6On': 'float', ' CommSpeed': 'float', ' CommAccChang': 'int', ' CommDecelChange': 'int', ' AccTorqLimit': 'int', ' BrakeTorqLimit': 'int', ' PosDcCurrLimit': 'int', ' NegDcCurrLimit': 'float'}
Found: ['Time', 'Unnamed: 1', 'CommTorq', ' CommAcCurr', ' CommVolt', ' CommControlMode', ' CommSwitchOn. CommSpdNeutBrakeRampParSet', ' CommEnable', ' CommRegulSet', ' CommActCurrBoost', ' CommSpeedRampParSet', ' CommIgnore', 'LowDCBus', ' CommHighSideSwitchOn', ' CommOpenDrain1On', ' CommOpenDrain2On', ' CommOpenDrain3On', ' CommOpenDrain4On', ' CommOpenDrain5On', ' CommOpenDrain6On', ' CommSpeed', ' CommAccChang', ' CommDecelChange', ' AccTorqLimit', ' BrakeTorqLimit', ' PosDcCurrLimit', ' NegDcCurrLimit ']
NoneType: None
2025-04-20 21:48:49,427 - ERROR - Header mismatch for auxiliary_input.
Expected: {'Time': 'int', 'Unnamed: 1': 'int', 'CommTorq': 'int', ' CommAcCurr': 'int', ' CommVolt': 'int', ' CommControlMode': 'int', ' CommSwitchOn. CommSpdNeutBrakeRampParSet': 'int', ' CommEnable': 'float', ' CommRegulSet': 'int', ' CommActCurrBoost': 'int', ' CommSpeedRampParSet': 'int', ' CommIgnore': 'int', 'LowDCBus': 'int', ' CommHighSideSwitchOn': 'int', ' CommOpenDrain1On': 'int', ' CommOpenDrain2On': 'int', ' CommOpenDrain3On': 'float', ' CommOpenDrain4On': 'int', ' CommOpenDrain5On': 'float', ' CommOpenDrain6On': 'float', ' CommSpeed': 'float', ' CommAccChang': 'int', ' CommDecelChange': 'int', ' AccTorqLimit': 'int', ' BrakeTorqLimit': 'int', ' PosDcCurrLimit': 'int', ' NegDcCurrLimit': 'float'}
Found: ['Time', 'Unnamed: 1', 'CommTorq', ' CommAcCurr', ' CommVolt', ' CommControlMode', ' CommSwitchOn. CommSpdNeutBrakeRampParSet', ' CommEnable', ' CommRegulSet', ' CommActCurrBoost', ' CommSpeedRampParSet', ' CommIgnore', 'LowDCBus', ' CommHighSideSwitchOn', ' CommOpenDrain1On', ' CommOpenDrain2On', ' CommOpenDrain3On', ' CommOpenDrain4On', ' CommOpenDrain5On', ' CommOpenDrain6On', ' CommSpeed', ' CommAccChang', ' CommDecelChange', ' AccTorqLimit', ' BrakeTorqLimit', ' PosDcCurrLimit', ' NegDcCurrLimit ']
NoneType: None
2025-04-20 21:48:54,476 - ERROR - Header mismatch for auxiliary_input.
Expected: {'Time': 'int', 'Unnamed: 1': 'int', 'CommTorq': 'int', ' CommAcCurr': 'int', ' CommVolt': 'int', ' CommControlMode': 'int', ' CommSwitchOn. CommSpdNeutBrakeRampParSet': 'int', ' CommEnable': 'float', ' CommRegulSet': 'int', ' CommActCurrBoost': 'int', ' CommSpeedRampParSet': 'int', ' CommIgnore': 'int', 'LowDCBus': 'int', ' CommHighSideSwitchOn': 'int', ' CommOpenDrain1On': 'int', ' CommOpenDrain2On': 'int', ' CommOpenDrain3On': 'float', ' CommOpenDrain4On': 'int', ' CommOpenDrain5On': 'float', ' CommOpenDrain6On': 'float', ' CommSpeed': 'float', ' CommAccChang': 'int', ' CommDecelChange': 'int', ' AccTorqLimit': 'int', ' BrakeTorqLimit': 'int', ' PosDcCurrLimit': 'int', ' NegDcCurrLimit': 'float'}
Found: ['Time', 'Unnamed: 1', 'CommTorq', ' CommAcCurr', ' CommVolt', ' CommControlMode', ' CommSwitchOn. CommSpdNeutBrakeRampParSet', ' CommEnable', ' CommRegulSet', ' CommActCurrBoost', ' CommSpeedRampParSet', ' CommIgnore', 'LowDCBus', ' CommHighSideSwitchOn', ' CommOpenDrain1On', ' CommOpenDrain2On', ' CommOpenDrain3On', ' CommOpenDrain4On', ' CommOpenDrain5On', ' CommOpenDrain6On', ' CommSpeed', ' CommAccChang', ' CommDecelChange', ' AccTorqLimit', ' BrakeTorqLimit', ' PosDcCurrLimit', ' NegDcCurrLimit ']
NoneType: None
2025-04-20 21:48:57,076 - ERROR - Header mismatch for auxiliary_input.
Expected: {'Time': 'int', 'Unnamed: 1': 'int', 'CommTorq': 'int', ' CommAcCurr': 'int', ' CommVolt': 'int', ' CommControlMode': 'int', ' CommSwitchOn. CommSpdNeutBrakeRampParSet': 'int', ' CommEnable': 'float', ' CommRegulSet': 'int', ' CommActCurrBoost': 'int', ' CommSpeedRampParSet': 'int', ' CommIgnore': 'int', 'LowDCBus': 'int', ' CommHighSideSwitchOn': 'int', ' CommOpenDrain1On': 'int', ' CommOpenDrain2On': 'int', ' CommOpenDrain3On': 'float', ' CommOpenDrain4On': 'int', ' CommOpenDrain5On': 'float', ' CommOpenDrain6On': 'float', ' CommSpeed': 'float', ' CommAccChang': 'int', ' CommDecelChange': 'int', ' AccTorqLimit': 'int', ' BrakeTorqLimit': 'int', ' PosDcCurrLimit': 'int', ' NegDcCurrLimit': 'float'}
Found: ['Time', 'Unnamed: 1', 'CommTorq', ' CommAcCurr', ' CommVolt', ' CommControlMode', ' CommSwitchOn. CommSpdNeutBrakeRampParSet', ' CommEnable', ' CommRegulSet', ' CommActCurrBoost', ' CommSpeedRampParSet', ' CommIgnore', 'LowDCBus', ' CommHighSideSwitchOn', ' CommOpenDrain1On', ' CommOpenDrain2On', ' CommOpenDrain3On', ' CommOpenDrain4On', ' CommOpenDrain5On', ' CommOpenDrain6On', ' CommSpeed', ' CommAccChang', ' CommDecelChange', ' AccTorqLimit', ' BrakeTorqLimit', ' PosDcCurrLimit', ' NegDcCurrLimit ']
NoneType: None
2025-04-20 21:48:58,149 - ERROR - Header mismatch for auxiliary_input.
Expected: {'Time': 'int', 'Unnamed: 1': 'int', 'CommTorq': 'int', ' CommAcCurr': 'int', ' CommVolt': 'int', ' CommControlMode': 'int', ' CommSwitchOn. CommSpdNeutBrakeRampParSet': 'int', ' CommEnable': 'float', ' CommRegulSet': 'int', ' CommActCurrBoost': 'int', ' CommSpeedRampParSet': 'int', ' CommIgnore': 'int', 'LowDCBus': 'int', ' CommHighSideSwitchOn': 'int', ' CommOpenDrain1On': 'int', ' CommOpenDrain2On': 'int', ' CommOpenDrain3On': 'float', ' CommOpenDrain4On': 'int', ' CommOpenDrain5On': 'float', ' CommOpenDrain6On': 'float', ' CommSpeed': 'float', ' CommAccChang': 'int', ' CommDecelChange': 'int', ' AccTorqLimit': 'int', ' BrakeTorqLimit': 'int', ' PosDcCurrLimit': 'int', ' NegDcCurrLimit': 'float'}
Found: ['Time', 'Unnamed: 1', 'CommTorq', ' CommAcCurr', ' CommVolt', ' CommControlMode', ' CommSwitchOn. CommSpdNeutBrakeRampParSet', ' CommEnable', ' CommRegulSet', ' CommActCurrBoost', ' CommSpeedRampParSet', ' CommIgnore', 'LowDCBus', ' CommHighSideSwitchOn', ' CommOpenDrain1On', ' CommOpenDrain2On', ' CommOpenDrain3On', ' CommOpenDrain4On', ' CommOpenDrain5On', ' CommOpenDrain6On', ' CommSpeed', ' CommAccChang', ' CommDecelChange', ' AccTorqLimit', ' BrakeTorqLimit', ' PosDcCurrLimit', ' NegDcCurrLimit ']
NoneType: None
2025-04-20 21:49:03,573 - ERROR - Header mismatch for auxiliary_input.
Expected: {'Time': 'int', 'Unnamed: 1': 'int', 'CommTorq': 'int', ' CommAcCurr': 'int', ' CommVolt': 'int', ' CommControlMode': 'int', ' CommSwitchOn. CommSpdNeutBrakeRampParSet': 'int', ' CommEnable': 'float', ' CommRegulSet': 'int', ' CommActCurrBoost': 'int', ' CommSpeedRampParSet': 'int', ' CommIgnore': 'int', 'LowDCBus': 'int', ' CommHighSideSwitchOn': 'int', ' CommOpenDrain1On': 'int', ' CommOpenDrain2On': 'int', ' CommOpenDrain3On': 'float', ' CommOpenDrain4On': 'int', ' CommOpenDrain5On': 'float', ' CommOpenDrain6On': 'float', ' CommSpeed': 'float', ' CommAccChang': 'int', ' CommDecelChange': 'int', ' AccTorqLimit': 'int', ' BrakeTorqLimit': 'int', ' PosDcCurrLimit': 'int', ' NegDcCurrLimit': 'float'}
Found: ['Time', 'Unnamed: 1', 'CommTorq', ' CommAcCurr', ' CommVolt', ' CommControlMode', ' CommSwitchOn. CommSpdNeutBrakeRampParSet', ' CommEnable', ' CommRegulSet', ' CommActCurrBoost', ' CommSpeedRampParSet', ' CommIgnore', 'LowDCBus', ' CommHighSideSwitchOn', ' CommOpenDrain1On', ' CommOpenDrain2On', ' CommOpenDrain3On', ' CommOpenDrain4On', ' CommOpenDrain5On', ' CommOpenDrain6On', ' CommSpeed', ' CommAccChang', ' CommDecelChange', ' AccTorqLimit', ' BrakeTorqLimit', ' PosDcCurrLimit', ' NegDcCurrLimit ']
NoneType: None
2025-04-20 21:49:06,742 - ERROR - Header mismatch for auxiliary_input.
Expected: {'Time': 'int', 'Unnamed: 1': 'int', 'CommTorq': 'int', ' CommAcCurr': 'int', ' CommVolt': 'int', ' CommControlMode': 'int', ' CommSwitchOn. CommSpdNeutBrakeRampParSet': 'int', ' CommEnable': 'float', ' CommRegulSet': 'int', ' CommActCurrBoost': 'int', ' CommSpeedRampParSet': 'int', ' CommIgnore': 'int', 'LowDCBus': 'int', ' CommHighSideSwitchOn': 'int', ' CommOpenDrain1On': 'int', ' CommOpenDrain2On': 'int', ' CommOpenDrain3On': 'float', ' CommOpenDrain4On': 'int', ' CommOpenDrain5On': 'float', ' CommOpenDrain6On': 'float', ' CommSpeed': 'float', ' CommAccChang': 'int', ' CommDecelChange': 'int', ' AccTorqLimit': 'int', ' BrakeTorqLimit': 'int', ' PosDcCurrLimit': 'int', ' NegDcCurrLimit': 'float'}
Found: ['Time', 'Unnamed: 1', 'CommTorq', ' CommAcCurr', ' CommVolt', ' CommControlMode', ' CommSwitchOn. CommSpdNeutBrakeRampParSet', ' CommEnable', ' CommRegulSet', ' CommActCurrBoost', ' CommSpeedRampParSet', ' CommIgnore', 'LowDCBus', ' CommHighSideSwitchOn', ' CommOpenDrain1On', ' CommOpenDrain2On', ' CommOpenDrain3On', ' CommOpenDrain4On', ' CommOpenDrain5On', ' CommOpenDrain6On', ' CommSpeed', ' CommAccChang', ' CommDecelChange', ' AccTorqLimit', ' BrakeTorqLimit', ' PosDcCurrLimit', ' NegDcCurrLimit ']
NoneType: None
2025-04-20 21:49:08,624 - ERROR - Header mismatch for auxiliary_input.
Expected: {'Time': 'int', 'Unnamed: 1': 'int', 'CommTorq': 'int', ' CommAcCurr': 'int', ' CommVolt': 'int', ' CommControlMode': 'int', ' CommSwitchOn. CommSpdNeutBrakeRampParSet': 'int', ' CommEnable': 'float', ' CommRegulSet': 'int', ' CommActCurrBoost': 'int', ' CommSpeedRampParSet': 'int', ' CommIgnore': 'int', 'LowDCBus': 'int', ' CommHighSideSwitchOn': 'int', ' CommOpenDrain1On': 'int', ' CommOpenDrain2On': 'int', ' CommOpenDrain3On': 'float', ' CommOpenDrain4On': 'int', ' CommOpenDrain5On': 'float', ' CommOpenDrain6On': 'float', ' CommSpeed': 'float', ' CommAccChang': 'int', ' CommDecelChange': 'int', ' AccTorqLimit': 'int', ' BrakeTorqLimit': 'int', ' PosDcCurrLimit': 'int', ' NegDcCurrLimit': 'float'}
Found: ['Time', 'Unnamed: 1', 'CommTorq', ' CommAcCurr', ' CommVolt', ' CommControlMode', ' CommSwitchOn. CommSpdNeutBrakeRampParSet', ' CommEnable', ' CommRegulSet', ' CommActCurrBoost', ' CommSpeedRampParSet', ' CommIgnore', 'LowDCBus', ' CommHighSideSwitchOn', ' CommOpenDrain1On', ' CommOpenDrain2On', ' CommOpenDrain3On', ' CommOpenDrain4On', ' CommOpenDrain5On', ' CommOpenDrain6On', ' CommSpeed', ' CommAccChang', ' CommDecelChange', ' AccTorqLimit', ' BrakeTorqLimit', ' PosDcCurrLimit', ' NegDcCurrLimit ']
NoneType: None
2025-04-20 21:49:10,992 - ERROR - Header mismatch for auxiliary_input.
Expected: {'Time': 'int', 'Unnamed: 1': 'int', 'CommTorq': 'int', ' CommAcCurr': 'int', ' CommVolt': 'int', ' CommControlMode': 'int', ' CommSwitchOn. CommSpdNeutBrakeRampParSet': 'int', ' CommEnable': 'float', ' CommRegulSet': 'int', ' CommActCurrBoost': 'int', ' CommSpeedRampParSet': 'int', ' CommIgnore': 'int', 'LowDCBus': 'int', ' CommHighSideSwitchOn': 'int', ' CommOpenDrain1On': 'int', ' CommOpenDrain2On': 'int', ' CommOpenDrain3On': 'float', ' CommOpenDrain4On': 'int', ' CommOpenDrain5On': 'float', ' CommOpenDrain6On': 'float', ' CommSpeed': 'float', ' CommAccChang': 'int', ' CommDecelChange': 'int', ' AccTorqLimit': 'int', ' BrakeTorqLimit': 'int', ' PosDcCurrLimit': 'int', ' NegDcCurrLimit': 'float'}
Found: ['Time', 'Unnamed: 1', 'CommTorq', ' CommAcCurr', ' CommVolt', ' CommControlMode', ' CommSwitchOn. CommSpdNeutBrakeRampParSet', ' CommEnable', ' CommRegulSet', ' CommActCurrBoost', ' CommSpeedRampParSet', ' CommIgnore', 'LowDCBus', ' CommHighSideSwitchOn', ' CommOpenDrain1On', ' CommOpenDrain2On', ' CommOpenDrain3On', ' CommOpenDrain4On', ' CommOpenDrain5On', ' CommOpenDrain6On', ' CommSpeed', ' CommAccChang', ' CommDecelChange', ' AccTorqLimit', ' BrakeTorqLimit', ' PosDcCurrLimit', ' NegDcCurrLimit ']
NoneType: None
2025-04-20 21:49:11,347 - ERROR - Header mismatch for auxiliary_input.
Expected: {'Time': 'int', 'Unnamed: 1': 'int', 'CommTorq': 'int', ' CommAcCurr': 'int', ' CommVolt': 'int', ' CommControlMode': 'int', ' CommSwitchOn. CommSpdNeutBrakeRampParSet': 'int', ' CommEnable': 'float', ' CommRegulSet': 'int', ' CommActCurrBoost': 'int', ' CommSpeedRampParSet': 'int', ' CommIgnore': 'int', 'LowDCBus': 'int', ' CommHighSideSwitchOn': 'int', ' CommOpenDrain1On': 'int', ' CommOpenDrain2On': 'int', ' CommOpenDrain3On': 'float', ' CommOpenDrain4On': 'int', ' CommOpenDrain5On': 'float', ' CommOpenDrain6On': 'float', ' CommSpeed': 'float', ' CommAccChang': 'int', ' CommDecelChange': 'int', ' AccTorqLimit': 'int', ' BrakeTorqLimit': 'int', ' PosDcCurrLimit': 'int', ' NegDcCurrLimit': 'float'}
Found: ['Time', 'Unnamed: 1', 'CommTorq', ' CommAcCurr', ' CommVolt', ' CommControlMode', ' CommSwitchOn. CommSpdNeutBrakeRampParSet', ' CommEnable', ' CommRegulSet', ' CommActCurrBoost', ' CommSpeedRampParSet', ' CommIgnore', 'LowDCBus', ' CommHighSideSwitchOn', ' CommOpenDrain1On', ' CommOpenDrain2On', ' CommOpenDrain3On', ' CommOpenDrain4On', ' CommOpenDrain5On', ' CommOpenDrain6On', ' CommSpeed', ' CommAccChang', ' CommDecelChange', ' AccTorqLimit', ' BrakeTorqLimit', ' PosDcCurrLimit', ' NegDcCurrLimit ']
NoneType: None
2025-04-20 21:49:11,706 - ERROR - Header mismatch for auxiliary_input.
Expected: {'Time': 'int', 'Unnamed: 1': 'int', 'CommTorq': 'int', ' CommAcCurr': 'int', ' CommVolt': 'int', ' CommControlMode': 'int', ' CommSwitchOn. CommSpdNeutBrakeRampParSet': 'int', ' CommEnable': 'float', ' CommRegulSet': 'int', ' CommActCurrBoost': 'int', ' CommSpeedRampParSet': 'int', ' CommIgnore': 'int', 'LowDCBus': 'int', ' CommHighSideSwitchOn': 'int', ' CommOpenDrain1On': 'int', ' CommOpenDrain2On': 'int', ' CommOpenDrain3On': 'float', ' CommOpenDrain4On': 'int', ' CommOpenDrain5On': 'float', ' CommOpenDrain6On': 'float', ' CommSpeed': 'float', ' CommAccChang': 'int', ' CommDecelChange': 'int', ' AccTorqLimit': 'int', ' BrakeTorqLimit': 'int', ' PosDcCurrLimit': 'int', ' NegDcCurrLimit': 'float'}
Found: ['Time', 'Unnamed: 1', 'CommTorq', ' CommAcCurr', ' CommVolt', ' CommControlMode', ' CommSwitchOn. CommSpdNeutBrakeRampParSet', ' CommEnable', ' CommRegulSet', ' CommActCurrBoost', ' CommSpeedRampParSet', ' CommIgnore', 'LowDCBus', ' CommHighSideSwitchOn', ' CommOpenDrain1On', ' CommOpenDrain2On', ' CommOpenDrain3On', ' CommOpenDrain4On', ' CommOpenDrain5On', ' CommOpenDrain6On', ' CommSpeed', ' CommAccChang', ' CommDecelChange', ' AccTorqLimit', ' BrakeTorqLimit', ' PosDcCurrLimit', ' NegDcCurrLimit ']
NoneType: None
2025-04-20 21:50:06,407 - ERROR - Header mismatch for chiller1_input.
Expected: {'Time': 'object', 'Unnamed: 1': 'float', ' ThermSysStrt': 'int', ' PackNameThem': 'int', ' EnaCoolgHeatBat': 'int', ' TAct': 'float', ' TSetPoint': 'float'}
Found: ['Time', 'Unnamed: 1', 'ThermSysStrt', ' PackNameThem', ' EnaCoolgHeatBat', ' TAct', ' TSetPoint']
NoneType: None
2025-04-20 21:50:06,748 - ERROR - Header mismatch for chiller1_input.
Expected: {'Time': 'object', 'Unnamed: 1': 'float', ' ThermSysStrt': 'int', ' PackNameThem': 'int', ' EnaCoolgHeatBat': 'int', ' TAct': 'float', ' TSetPoint': 'float'}
Found: ['Time', 'Unnamed: 1', 'ThermSysStrt', ' PackNameThem', ' EnaCoolgHeatBat', ' TAct', ' TSetPoint']
NoneType: None
2025-04-20 21:50:08,046 - ERROR - Header mismatch for chiller1_input.
Expected: {'Time': 'object', 'Unnamed: 1': 'float', ' ThermSysStrt': 'int', ' PackNameThem': 'int', ' EnaCoolgHeatBat': 'int', ' TAct': 'float', ' TSetPoint': 'float'}
Found: ['Time', 'Unnamed: 1', 'ThermSysStrt', ' PackNameThem', ' EnaCoolgHeatBat', ' TAct', ' TSetPoint']
NoneType: None
2025-04-20 21:50:08,606 - ERROR - Header mismatch for chiller1_input.
Expected: {'Time': 'object', 'Unnamed: 1': 'float', ' ThermSysStrt': 'int', ' PackNameThem': 'int', ' EnaCoolgHeatBat': 'int', ' TAct': 'float', ' TSetPoint': 'float'}
Found: ['Time', 'Unnamed: 1', 'ThermSysStrt', ' PackNameThem', ' EnaCoolgHeatBat', ' TAct', ' TSetPoint']
NoneType: None
2025-04-20 21:50:09,230 - ERROR - Header mismatch for chiller1_input.
Expected: {'Time': 'object', 'Unnamed: 1': 'float', ' ThermSysStrt': 'int', ' PackNameThem': 'int', ' EnaCoolgHeatBat': 'int', ' TAct': 'float', ' TSetPoint': 'float'}
Found: ['Time', 'Unnamed: 1', 'ThermSysStrt', ' PackNameThem', ' EnaCoolgHeatBat', ' TAct', ' TSetPoint']
NoneType: None
2025-04-20 21:50:09,532 - ERROR - Header mismatch for chiller1_input.
Expected: {'Time': 'object', 'Unnamed: 1': 'float', ' ThermSysStrt': 'int', ' PackNameThem': 'int', ' EnaCoolgHeatBat': 'int', ' TAct': 'float', ' TSetPoint': 'float'}
Found: ['Time', 'Unnamed: 1', 'ThermSysStrt', ' PackNameThem', ' EnaCoolgHeatBat', ' TAct', ' TSetPoint']
NoneType: None
2025-04-20 21:50:09,813 - ERROR - Header mismatch for chiller1_input.
Expected: {'Time': 'object', 'Unnamed: 1': 'float', ' ThermSysStrt': 'int', ' PackNameThem': 'int', ' EnaCoolgHeatBat': 'int', ' TAct': 'float', ' TSetPoint': 'float'}
Found: ['Time', 'Unnamed: 1', 'ThermSysStrt', ' PackNameThem', ' EnaCoolgHeatBat', ' TAct', ' TSetPoint']
NoneType: None
2025-04-20 21:50:10,407 - ERROR - Header mismatch for chiller1_input.
Expected: {'Time': 'object', 'Unnamed: 1': 'float', ' ThermSysStrt': 'int', ' PackNameThem': 'int', ' EnaCoolgHeatBat': 'int', ' TAct': 'float', ' TSetPoint': 'float'}
Found: ['Time', 'Unnamed: 1', 'ThermSysStrt', ' PackNameThem', ' EnaCoolgHeatBat', ' TAct', ' TSetPoint']
NoneType: None
2025-04-20 21:50:10,742 - ERROR - Header mismatch for chiller1_input.
Expected: {'Time': 'object', 'Unnamed: 1': 'float', ' ThermSysStrt': 'int', ' PackNameThem': 'int', ' EnaCoolgHeatBat': 'int', ' TAct': 'float', ' TSetPoint': 'float'}
Found: ['Time', 'Unnamed: 1', 'ThermSysStrt', ' PackNameThem', ' EnaCoolgHeatBat', ' TAct', ' TSetPoint']
NoneType: None
2025-04-20 21:50:11,060 - ERROR - Header mismatch for chiller1_input.
Expected: {'Time': 'object', 'Unnamed: 1': 'float', ' ThermSysStrt': 'int', ' PackNameThem': 'int', ' EnaCoolgHeatBat': 'int', ' TAct': 'float', ' TSetPoint': 'float'}
Found: ['Time', 'Unnamed: 1', 'ThermSysStrt', ' PackNameThem', ' EnaCoolgHeatBat', ' TAct', ' TSetPoint']
NoneType: None
2025-04-20 21:50:11,358 - ERROR - Header mismatch for chiller1_input.
Expected: {'Time': 'object', 'Unnamed: 1': 'float', ' ThermSysStrt': 'int', ' PackNameThem': 'int', ' EnaCoolgHeatBat': 'int', ' TAct': 'float', ' TSetPoint': 'float'}
Found: ['Time', 'Unnamed: 1', 'ThermSysStrt', ' PackNameThem', ' EnaCoolgHeatBat', ' TAct', ' TSetPoint']
NoneType: None
2025-04-20 21:50:11,644 - ERROR - Header mismatch for chiller1_input.
Expected: {'Time': 'object', 'Unnamed: 1': 'float', ' ThermSysStrt': 'int', ' PackNameThem': 'int', ' EnaCoolgHeatBat': 'int', ' TAct': 'float', ' TSetPoint': 'float'}
Found: ['Time', 'Unnamed: 1', 'ThermSysStrt', ' PackNameThem', ' EnaCoolgHeatBat', ' TAct', ' TSetPoint']
NoneType: None
2025-04-20 21:50:11,932 - ERROR - Header mismatch for chiller1_input.
Expected: {'Time': 'object', 'Unnamed: 1': 'float', ' ThermSysStrt': 'int', ' PackNameThem': 'int', ' EnaCoolgHeatBat': 'int', ' TAct': 'float', ' TSetPoint': 'float'}
Found: ['Time', 'Unnamed: 1', 'ThermSysStrt', ' PackNameThem', ' EnaCoolgHeatBat', ' TAct', ' TSetPoint']
NoneType: None
2025-04-20 21:50:16,423 - ERROR - Header mismatch for drive1.
Expected: {'Time': 'object', 'Unnamed: 1': 'float', 'ModATemp': 'float', 'ModBTemp': 'float', 'ModCTemp': 'float', 'GateDriTemp': 'float', 'ContTemp': 'float', 'RTD1Temp': 'float', 'RTD2Temp': 'float', 'StallBurTemp': 'float', 'CoolTemp': 'float', 'HotSpotTemp': 'float', 'MotTemp': 'float', 'TorqShud': 'float', 'OilTemp': 'float', 'OilPres': 'float', 'AnIn4': 'float', 'AnIn5': 'float', 'AnIn6': 'float', 'DiIn1': 'int', 'DiIn2': 'int', 'DiIn3': 'int', 'DiIn4': 'int', 'DiIn5': 'int', 'DiIn6': 'int', 'DiIn7': 'int', 'DiIn8': 'int', 'MotAngElec': 'float', 'MotRPM': 'int', 'ElecOutFreq': 'float', 'DeltResFilt': 'float', 'PhaATemp': 'float', 'PhaBTemp': 'float', 'PhaCTemp': 'float', 'DCCurr': 'float', 'DCVolt': 'float', 'OutVolt': 'float', 'VABVd': 'float', 'VBCVq': 'float', 'Vdff': 'float', 'Vqff': 'float', 'Id': 'float', 'Iq': 'float', 'Ref15': 'float', 'Ref25': 'float', 'Ref50': 'float', 'Ref120': 'float', 'VSM': 'int', 'PWM': 'int', 'InvSta': 'int', 'R1': 'int', 'R2': 'int', 'R3': 'int', 'R4': 'int', 'R5': 'int', 'R6': 'int', 'Run': 'int', 'SelfSens': 'int', 'DisSta': 'int', 'CommMode': 'int', 'RollCoun': 'int', 'EnaSta': 'int', 'BurstMod': 'int', 'KeySta': 'int', 'EnaLock': 'int', 'DirComm': 'int', 'BMSAct': 'int', 'BMSTLim': 'int', 'LimMaxRPM': 'int', 'LimHotSpot': 'int', 'LowRPMLim': 'int', 'LimCoolDer': 'int', 'LimStallBur': 'int', 'PostLo': 'int', 'PostHi': 'int', 'RunLo': 'int', 'RunHi': 'int', 'CommTorq': 'float', 'TorqFeed': 'float', 'PowOnTime': 'float', 'ModInd': 'float', 'FluxWeakOut': 'float', 'IdComm': 'float', 'IqComm': 'float', 'ProjCode': 'int', 'SWVer': 'int', 'MMDD': 'int', 'YYYY': 'int', 'DiagRec': 'int', 'DiagSeg': 'int', 'DiagGRes': 'float', 'DiagGObs': 'float', 'DiagSin': 'int', 'FTorqComm': 'float', 'FTorqFeed': 'float', 'FMotRPM': 'int', 'FDCVolt': 'float', 'ParRespAdd': 'int', 'ParRespWri': 'int', 'ParRespDat': 'int'}
Found: ['Time', 'Unnamed: 1', 'ModATemp', 'ModBTemp', 'ModCTemp', 'GateDriTemp', 'ContTemp', 'RTD1Temp', 'RTD2Temp', 'StallBurTemp', 'CoolTemp', 'HotSpotTemp', 'MotTemp', 'TorqShud', 'OilTemp', 'OilPres', 'AnIn4', 'AnIn5', 'AnIn6', 'DiIn1', 'DiIn2', 'DiIn3', 'DiIn4', 'DiIn5', 'DiIn6', 'DiIn7', 'DiIn8', 'MotAngElec', 'MotRPM', 'ElecOutFreq', ' DeltResFilt', 'PhaATemp', 'PhaBTemp', 'PhaCTemp', 'DCCurr', 'DCVolt', 'OutVolt', 'VABVd', 'VBCVq', 'Vdff', 'Vqff', 'Id', 'Iq', 'Ref15', 'Ref25', 'Ref50', 'Ref120', 'VSM', 'PWM', 'InvSta', 'R1', 'R2', 'R3', 'R4', 'R5', 'R6', 'Run', 'SelfSens', 'DisSta', 'CommMode', 'RollCoun', 'EnaSta', 'BurstMod', 'KeySta', 'EnaLock', 'DirComm', 'BMSAct', 'BMSTLim', 'LimMaxRPM', 'LimHotSpot', 'LowRPMLim', 'LimCoolDer', 'LimStallBur', 'PostLo', 'PostHi', 'RunLo', 'RunHi', 'CommTorq', 'TorqFeed', 'PowOnTime', 'ModInd', 'FluxWeakOut', 'IdComm', 'IqComm', 'ProjCode', 'SWVer', 'MMDD', 'YYYY', 'DiagRec', 'DiagSeg', 'DiagGRes', 'DiagGObs', 'DiagSin', 'FTorqComm', 'FTorqFeed', 'FMotRPM', 'FDCVolt', 'ParRespAdd', 'ParRespWri', 'ParRespDat']
NoneType: None
2025-04-20 21:50:17,857 - ERROR - Header mismatch for drive1.
Expected: {'Time': 'object', 'Unnamed: 1': 'float', 'ModATemp': 'float', 'ModBTemp': 'float', 'ModCTemp': 'float', 'GateDriTemp': 'float', 'ContTemp': 'float', 'RTD1Temp': 'float', 'RTD2Temp': 'float', 'StallBurTemp': 'float', 'CoolTemp': 'float', 'HotSpotTemp': 'float', 'MotTemp': 'float', 'TorqShud': 'float', 'OilTemp': 'float', 'OilPres': 'float', 'AnIn4': 'float', 'AnIn5': 'float', 'AnIn6': 'float', 'DiIn1': 'int', 'DiIn2': 'int', 'DiIn3': 'int', 'DiIn4': 'int', 'DiIn5': 'int', 'DiIn6': 'int', 'DiIn7': 'int', 'DiIn8': 'int', 'MotAngElec': 'float', 'MotRPM': 'int', 'ElecOutFreq': 'float', 'DeltResFilt': 'float', 'PhaATemp': 'float', 'PhaBTemp': 'float', 'PhaCTemp': 'float', 'DCCurr': 'float', 'DCVolt': 'float', 'OutVolt': 'float', 'VABVd': 'float', 'VBCVq': 'float', 'Vdff': 'float', 'Vqff': 'float', 'Id': 'float', 'Iq': 'float', 'Ref15': 'float', 'Ref25': 'float', 'Ref50': 'float', 'Ref120': 'float', 'VSM': 'int', 'PWM': 'int', 'InvSta': 'int', 'R1': 'int', 'R2': 'int', 'R3': 'int', 'R4': 'int', 'R5': 'int', 'R6': 'int', 'Run': 'int', 'SelfSens': 'int', 'DisSta': 'int', 'CommMode': 'int', 'RollCoun': 'int', 'EnaSta': 'int', 'BurstMod': 'int', 'KeySta': 'int', 'EnaLock': 'int', 'DirComm': 'int', 'BMSAct': 'int', 'BMSTLim': 'int', 'LimMaxRPM': 'int', 'LimHotSpot': 'int', 'LowRPMLim': 'int', 'LimCoolDer': 'int', 'LimStallBur': 'int', 'PostLo': 'int', 'PostHi': 'int', 'RunLo': 'int', 'RunHi': 'int', 'CommTorq': 'float', 'TorqFeed': 'float', 'PowOnTime': 'float', 'ModInd': 'float', 'FluxWeakOut': 'float', 'IdComm': 'float', 'IqComm': 'float', 'ProjCode': 'int', 'SWVer': 'int', 'MMDD': 'int', 'YYYY': 'int', 'DiagRec': 'int', 'DiagSeg': 'int', 'DiagGRes': 'float', 'DiagGObs': 'float', 'DiagSin': 'int', 'FTorqComm': 'float', 'FTorqFeed': 'float', 'FMotRPM': 'int', 'FDCVolt': 'float', 'ParRespAdd': 'int', 'ParRespWri': 'int', 'ParRespDat': 'int'}
Found: ['Time', 'Unnamed: 1', 'ModATemp', 'ModBTemp', 'ModCTemp', 'GateDriTemp', 'ContTemp', 'RTD1Temp', 'RTD2Temp', 'StallBurTemp', 'CoolTemp', 'HotSpotTemp', 'MotTemp', 'TorqShud', 'OilTemp', 'OilPres', 'AnIn4', 'AnIn5', 'AnIn6', 'DiIn1', 'DiIn2', 'DiIn3', 'DiIn4', 'DiIn5', 'DiIn6', 'DiIn7', 'DiIn8', 'MotAngElec', 'MotRPM', 'ElecOutFreq', ' DeltResFilt', 'PhaATemp', 'PhaBTemp', 'PhaCTemp', 'DCCurr', 'DCVolt', 'OutVolt', 'VABVd', 'VBCVq', 'Vdff', 'Vqff', 'Id', 'Iq', 'Ref15', 'Ref25', 'Ref50', 'Ref120', 'VSM', 'PWM', 'InvSta', 'R1', 'R2', 'R3', 'R4', 'R5', 'R6', 'Run', 'SelfSens', 'DisSta', 'CommMode', 'RollCoun', 'EnaSta', 'BurstMod', 'KeySta', 'EnaLock', 'DirComm', 'BMSAct', 'BMSTLim', 'LimMaxRPM', 'LimHotSpot', 'LowRPMLim', 'LimCoolDer', 'LimStallBur', 'PostLo', 'PostHi', 'RunLo', 'RunHi', 'CommTorq', 'TorqFeed', 'PowOnTime', 'ModInd', 'FluxWeakOut', 'IdComm', 'IqComm', 'ProjCode', 'SWVer', 'MMDD', 'YYYY', 'DiagRec', 'DiagSeg', 'DiagGRes', 'DiagGObs', 'DiagSin', 'FTorqComm', 'FTorqFeed', 'FMotRPM', 'FDCVolt', 'ParRespAdd', 'ParRespWri', 'ParRespDat']
NoneType: None
2025-04-20 21:50:19,458 - ERROR - Header mismatch for drive1.
Expected: {'Time': 'object', 'Unnamed: 1': 'float', 'ModATemp': 'float', 'ModBTemp': 'float', 'ModCTemp': 'float', 'GateDriTemp': 'float', 'ContTemp': 'float', 'RTD1Temp': 'float', 'RTD2Temp': 'float', 'StallBurTemp': 'float', 'CoolTemp': 'float', 'HotSpotTemp': 'float', 'MotTemp': 'float', 'TorqShud': 'float', 'OilTemp': 'float', 'OilPres': 'float', 'AnIn4': 'float', 'AnIn5': 'float', 'AnIn6': 'float', 'DiIn1': 'int', 'DiIn2': 'int', 'DiIn3': 'int', 'DiIn4': 'int', 'DiIn5': 'int', 'DiIn6': 'int', 'DiIn7': 'int', 'DiIn8': 'int', 'MotAngElec': 'float', 'MotRPM': 'int', 'ElecOutFreq': 'float', 'DeltResFilt': 'float', 'PhaATemp': 'float', 'PhaBTemp': 'float', 'PhaCTemp': 'float', 'DCCurr': 'float', 'DCVolt': 'float', 'OutVolt': 'float', 'VABVd': 'float', 'VBCVq': 'float', 'Vdff': 'float', 'Vqff': 'float', 'Id': 'float', 'Iq': 'float', 'Ref15': 'float', 'Ref25': 'float', 'Ref50': 'float', 'Ref120': 'float', 'VSM': 'int', 'PWM': 'int', 'InvSta': 'int', 'R1': 'int', 'R2': 'int', 'R3': 'int', 'R4': 'int', 'R5': 'int', 'R6': 'int', 'Run': 'int', 'SelfSens': 'int', 'DisSta': 'int', 'CommMode': 'int', 'RollCoun': 'int', 'EnaSta': 'int', 'BurstMod': 'int', 'KeySta': 'int', 'EnaLock': 'int', 'DirComm': 'int', 'BMSAct': 'int', 'BMSTLim': 'int', 'LimMaxRPM': 'int', 'LimHotSpot': 'int', 'LowRPMLim': 'int', 'LimCoolDer': 'int', 'LimStallBur': 'int', 'PostLo': 'int', 'PostHi': 'int', 'RunLo': 'int', 'RunHi': 'int', 'CommTorq': 'float', 'TorqFeed': 'float', 'PowOnTime': 'float', 'ModInd': 'float', 'FluxWeakOut': 'float', 'IdComm': 'float', 'IqComm': 'float', 'ProjCode': 'int', 'SWVer': 'int', 'MMDD': 'int', 'YYYY': 'int', 'DiagRec': 'int', 'DiagSeg': 'int', 'DiagGRes': 'float', 'DiagGObs': 'float', 'DiagSin': 'int', 'FTorqComm': 'float', 'FTorqFeed': 'float', 'FMotRPM': 'int', 'FDCVolt': 'float', 'ParRespAdd': 'int', 'ParRespWri': 'int', 'ParRespDat': 'int'}
Found: ['Time', 'Unnamed: 1', 'ModATemp', 'ModBTemp', 'ModCTemp', 'GateDriTemp', 'ContTemp', 'RTD1Temp', 'RTD2Temp', 'StallBurTemp', 'CoolTemp', 'HotSpotTemp', 'MotTemp', 'TorqShud', 'OilTemp', 'OilPres', 'AnIn4', 'AnIn5', 'AnIn6', 'DiIn1', 'DiIn2', 'DiIn3', 'DiIn4', 'DiIn5', 'DiIn6', 'DiIn7', 'DiIn8', 'MotAngElec', 'MotRPM', 'ElecOutFreq', ' DeltResFilt', 'PhaATemp', 'PhaBTemp', 'PhaCTemp', 'DCCurr', 'DCVolt', 'OutVolt', 'VABVd', 'VBCVq', 'Vdff', 'Vqff', 'Id', 'Iq', 'Ref15', 'Ref25', 'Ref50', 'Ref120', 'VSM', 'PWM', 'InvSta', 'R1', 'R2', 'R3', 'R4', 'R5', 'R6', 'Run', 'SelfSens', 'DisSta', 'CommMode', 'RollCoun', 'EnaSta', 'BurstMod', 'KeySta', 'EnaLock', 'DirComm', 'BMSAct', 'BMSTLim', 'LimMaxRPM', 'LimHotSpot', 'LowRPMLim', 'LimCoolDer', 'LimStallBur', 'PostLo', 'PostHi', 'RunLo', 'RunHi', 'CommTorq', 'TorqFeed', 'PowOnTime', 'ModInd', 'FluxWeakOut', 'IdComm', 'IqComm', 'ProjCode', 'SWVer', 'MMDD', 'YYYY', 'DiagRec', 'DiagSeg', 'DiagGRes', 'DiagGObs', 'DiagSin', 'FTorqComm', 'FTorqFeed', 'FMotRPM', 'FDCVolt', 'ParRespAdd', 'ParRespWri', 'ParRespDat']
NoneType: None
2025-04-20 21:50:20,074 - ERROR - Header mismatch for drive1.
Expected: {'Time': 'object', 'Unnamed: 1': 'float', 'ModATemp': 'float', 'ModBTemp': 'float', 'ModCTemp': 'float', 'GateDriTemp': 'float', 'ContTemp': 'float', 'RTD1Temp': 'float', 'RTD2Temp': 'float', 'StallBurTemp': 'float', 'CoolTemp': 'float', 'HotSpotTemp': 'float', 'MotTemp': 'float', 'TorqShud': 'float', 'OilTemp': 'float', 'OilPres': 'float', 'AnIn4': 'float', 'AnIn5': 'float', 'AnIn6': 'float', 'DiIn1': 'int', 'DiIn2': 'int', 'DiIn3': 'int', 'DiIn4': 'int', 'DiIn5': 'int', 'DiIn6': 'int', 'DiIn7': 'int', 'DiIn8': 'int', 'MotAngElec': 'float', 'MotRPM': 'int', 'ElecOutFreq': 'float', 'DeltResFilt': 'float', 'PhaATemp': 'float', 'PhaBTemp': 'float', 'PhaCTemp': 'float', 'DCCurr': 'float', 'DCVolt': 'float', 'OutVolt': 'float', 'VABVd': 'float', 'VBCVq': 'float', 'Vdff': 'float', 'Vqff': 'float', 'Id': 'float', 'Iq': 'float', 'Ref15': 'float', 'Ref25': 'float', 'Ref50': 'float', 'Ref120': 'float', 'VSM': 'int', 'PWM': 'int', 'InvSta': 'int', 'R1': 'int', 'R2': 'int', 'R3': 'int', 'R4': 'int', 'R5': 'int', 'R6': 'int', 'Run': 'int', 'SelfSens': 'int', 'DisSta': 'int', 'CommMode': 'int', 'RollCoun': 'int', 'EnaSta': 'int', 'BurstMod': 'int', 'KeySta': 'int', 'EnaLock': 'int', 'DirComm': 'int', 'BMSAct': 'int', 'BMSTLim': 'int', 'LimMaxRPM': 'int', 'LimHotSpot': 'int', 'LowRPMLim': 'int', 'LimCoolDer': 'int', 'LimStallBur': 'int', 'PostLo': 'int', 'PostHi': 'int', 'RunLo': 'int', 'RunHi': 'int', 'CommTorq': 'float', 'TorqFeed': 'float', 'PowOnTime': 'float', 'ModInd': 'float', 'FluxWeakOut': 'float', 'IdComm': 'float', 'IqComm': 'float', 'ProjCode': 'int', 'SWVer': 'int', 'MMDD': 'int', 'YYYY': 'int', 'DiagRec': 'int', 'DiagSeg': 'int', 'DiagGRes': 'float', 'DiagGObs': 'float', 'DiagSin': 'int', 'FTorqComm': 'float', 'FTorqFeed': 'float', 'FMotRPM': 'int', 'FDCVolt': 'float', 'ParRespAdd': 'int', 'ParRespWri': 'int', 'ParRespDat': 'int'}
Found: ['Time', ' ', 'ModATemp', 'ModBTemp', 'ModCTemp', 'GateDriTemp', 'ContTemp', 'RTD1Temp', 'RTD2Temp', 'StallBurTemp', 'CoolTemp', 'HotSpotTemp', 'MotTemp', 'TorqShud', 'OilTemp', 'OilPres', 'AnIn4', 'AnIn5', 'AnIn6', 'DiIn1', 'DiIn2', 'DiIn3', 'DiIn4', 'DiIn5', 'DiIn6', 'DiIn7', 'DiIn8', 'MotAngElec', 'MotRPM', 'ElecOutFreq', ' DeltResFilt', 'PhaATemp', 'PhaBTemp', 'PhaCTemp', 'DCCurr', 'DCVolt', 'OutVolt', 'VABVd', 'VBCVq', 'Vdff', 'Vqff', 'Id', 'Iq', 'Ref15', 'Ref25', 'Ref50', 'Ref120', 'VSM', 'PWM', 'InvSta', 'R1', 'R2', 'R3', 'R4', 'R5', 'R6', 'Run', 'SelfSens', 'DisSta', 'CommMode', 'RollCoun', 'EnaSta', 'BurstMod', 'KeySta', 'EnaLock', 'DirComm', 'BMSAct', 'BMSTLim', 'LimMaxRPM', 'LimHotSpot', 'LowRPMLim', 'LimCoolDer', 'LimStallBur', 'PostLo', 'PostHi', 'RunLo', 'RunHi', 'CommTorq', 'TorqFeed', 'PowOnTime', 'ModInd', 'FluxWeakOut', 'IdComm', 'IqComm', 'ProjCode', 'SWVer', 'MMDD', 'YYYY', 'DiagRec', 'DiagSeg', 'DiagGRes', 'DiagGObs', 'DiagSin', 'FTorqComm', 'FTorqFeed', 'FMotRPM', 'FDCVolt', 'ParRespAdd', 'ParRespWri', 'ParRespDat']
NoneType: None
2025-04-20 21:50:20,895 - ERROR - Header mismatch for drive1.
Expected: {'Time': 'object', 'Unnamed: 1': 'float', 'ModATemp': 'float', 'ModBTemp': 'float', 'ModCTemp': 'float', 'GateDriTemp': 'float', 'ContTemp': 'float', 'RTD1Temp': 'float', 'RTD2Temp': 'float', 'StallBurTemp': 'float', 'CoolTemp': 'float', 'HotSpotTemp': 'float', 'MotTemp': 'float', 'TorqShud': 'float', 'OilTemp': 'float', 'OilPres': 'float', 'AnIn4': 'float', 'AnIn5': 'float', 'AnIn6': 'float', 'DiIn1': 'int', 'DiIn2': 'int', 'DiIn3': 'int', 'DiIn4': 'int', 'DiIn5': 'int', 'DiIn6': 'int', 'DiIn7': 'int', 'DiIn8': 'int', 'MotAngElec': 'float', 'MotRPM': 'int', 'ElecOutFreq': 'float', 'DeltResFilt': 'float', 'PhaATemp': 'float', 'PhaBTemp': 'float', 'PhaCTemp': 'float', 'DCCurr': 'float', 'DCVolt': 'float', 'OutVolt': 'float', 'VABVd': 'float', 'VBCVq': 'float', 'Vdff': 'float', 'Vqff': 'float', 'Id': 'float', 'Iq': 'float', 'Ref15': 'float', 'Ref25': 'float', 'Ref50': 'float', 'Ref120': 'float', 'VSM': 'int', 'PWM': 'int', 'InvSta': 'int', 'R1': 'int', 'R2': 'int', 'R3': 'int', 'R4': 'int', 'R5': 'int', 'R6': 'int', 'Run': 'int', 'SelfSens': 'int', 'DisSta': 'int', 'CommMode': 'int', 'RollCoun': 'int', 'EnaSta': 'int', 'BurstMod': 'int', 'KeySta': 'int', 'EnaLock': 'int', 'DirComm': 'int', 'BMSAct': 'int', 'BMSTLim': 'int', 'LimMaxRPM': 'int', 'LimHotSpot': 'int', 'LowRPMLim': 'int', 'LimCoolDer': 'int', 'LimStallBur': 'int', 'PostLo': 'int', 'PostHi': 'int', 'RunLo': 'int', 'RunHi': 'int', 'CommTorq': 'float', 'TorqFeed': 'float', 'PowOnTime': 'float', 'ModInd': 'float', 'FluxWeakOut': 'float', 'IdComm': 'float', 'IqComm': 'float', 'ProjCode': 'int', 'SWVer': 'int', 'MMDD': 'int', 'YYYY': 'int', 'DiagRec': 'int', 'DiagSeg': 'int', 'DiagGRes': 'float', 'DiagGObs': 'float', 'DiagSin': 'int', 'FTorqComm': 'float', 'FTorqFeed': 'float', 'FMotRPM': 'int', 'FDCVolt': 'float', 'ParRespAdd': 'int', 'ParRespWri': 'int', 'ParRespDat': 'int'}
Found: ['Time', ' ', 'ModATemp', 'ModBTemp', 'ModCTemp', 'GateDriTemp', 'ContTemp', 'RTD1Temp', 'RTD2Temp', 'StallBurTemp', 'CoolTemp', 'HotSpotTemp', 'MotTemp', 'TorqShud', 'OilTemp', 'OilPres', 'AnIn4', 'AnIn5', 'AnIn6', 'DiIn1', 'DiIn2', 'DiIn3', 'DiIn4', 'DiIn5', 'DiIn6', 'DiIn7', 'DiIn8', 'MotAngElec', 'MotRPM', 'ElecOutFreq', ' DeltResFilt', 'PhaATemp', 'PhaBTemp', 'PhaCTemp', 'DCCurr', 'DCVolt', 'OutVolt', 'VABVd', 'VBCVq', 'Vdff', 'Vqff', 'Id', 'Iq', 'Ref15', 'Ref25', 'Ref50', 'Ref120', 'VSM', 'PWM', 'InvSta', 'R1', 'R2', 'R3', 'R4', 'R5', 'R6', 'Run', 'SelfSens', 'DisSta', 'CommMode', 'RollCoun', 'EnaSta', 'BurstMod', 'KeySta', 'EnaLock', 'DirComm', 'BMSAct', 'BMSTLim', 'LimMaxRPM', 'LimHotSpot', 'LowRPMLim', 'LimCoolDer', 'LimStallBur', 'PostLo', 'PostHi', 'RunLo', 'RunHi', 'CommTorq', 'TorqFeed', 'PowOnTime', 'ModInd', 'FluxWeakOut', 'IdComm', 'IqComm', 'ProjCode', 'SWVer', 'MMDD', 'YYYY', 'DiagRec', 'DiagSeg', 'DiagGRes', 'DiagGObs', 'DiagSin', 'FTorqComm', 'FTorqFeed', 'FMotRPM', 'FDCVolt', 'ParRespAdd', 'ParRespWri', 'ParRespDat']
NoneType: None
2025-04-20 21:50:22,238 - ERROR - Header mismatch for drive1.
Expected: {'Time': 'object', 'Unnamed: 1': 'float', 'ModATemp': 'float', 'ModBTemp': 'float', 'ModCTemp': 'float', 'GateDriTemp': 'float', 'ContTemp': 'float', 'RTD1Temp': 'float', 'RTD2Temp': 'float', 'StallBurTemp': 'float', 'CoolTemp': 'float', 'HotSpotTemp': 'float', 'MotTemp': 'float', 'TorqShud': 'float', 'OilTemp': 'float', 'OilPres': 'float', 'AnIn4': 'float', 'AnIn5': 'float', 'AnIn6': 'float', 'DiIn1': 'int', 'DiIn2': 'int', 'DiIn3': 'int', 'DiIn4': 'int', 'DiIn5': 'int', 'DiIn6': 'int', 'DiIn7': 'int', 'DiIn8': 'int', 'MotAngElec': 'float', 'MotRPM': 'int', 'ElecOutFreq': 'float', 'DeltResFilt': 'float', 'PhaATemp': 'float', 'PhaBTemp': 'float', 'PhaCTemp': 'float', 'DCCurr': 'float', 'DCVolt': 'float', 'OutVolt': 'float', 'VABVd': 'float', 'VBCVq': 'float', 'Vdff': 'float', 'Vqff': 'float', 'Id': 'float', 'Iq': 'float', 'Ref15': 'float', 'Ref25': 'float', 'Ref50': 'float', 'Ref120': 'float', 'VSM': 'int', 'PWM': 'int', 'InvSta': 'int', 'R1': 'int', 'R2': 'int', 'R3': 'int', 'R4': 'int', 'R5': 'int', 'R6': 'int', 'Run': 'int', 'SelfSens': 'int', 'DisSta': 'int', 'CommMode': 'int', 'RollCoun': 'int', 'EnaSta': 'int', 'BurstMod': 'int', 'KeySta': 'int', 'EnaLock': 'int', 'DirComm': 'int', 'BMSAct': 'int', 'BMSTLim': 'int', 'LimMaxRPM': 'int', 'LimHotSpot': 'int', 'LowRPMLim': 'int', 'LimCoolDer': 'int', 'LimStallBur': 'int', 'PostLo': 'int', 'PostHi': 'int', 'RunLo': 'int', 'RunHi': 'int', 'CommTorq': 'float', 'TorqFeed': 'float', 'PowOnTime': 'float', 'ModInd': 'float', 'FluxWeakOut': 'float', 'IdComm': 'float', 'IqComm': 'float', 'ProjCode': 'int', 'SWVer': 'int', 'MMDD': 'int', 'YYYY': 'int', 'DiagRec': 'int', 'DiagSeg': 'int', 'DiagGRes': 'float', 'DiagGObs': 'float', 'DiagSin': 'int', 'FTorqComm': 'float', 'FTorqFeed': 'float', 'FMotRPM': 'int', 'FDCVolt': 'float', 'ParRespAdd': 'int', 'ParRespWri': 'int', 'ParRespDat': 'int'}
Found: ['Time', ' ', 'ModATemp', 'ModBTemp', 'ModCTemp', 'GateDriTemp', 'ContTemp', 'RTD1Temp', 'RTD2Temp', 'StallBurTemp', 'CoolTemp', 'HotSpotTemp', 'MotTemp', 'TorqShud', 'OilTemp', 'OilPres', 'AnIn4', 'AnIn5', 'AnIn6', 'DiIn1', 'DiIn2', 'DiIn3', 'DiIn4', 'DiIn5', 'DiIn6', 'DiIn7', 'DiIn8', 'MotAngElec', 'MotRPM', 'ElecOutFreq', ' DeltResFilt', 'PhaATemp', 'PhaBTemp', 'PhaCTemp', 'DCCurr', 'DCVolt', 'OutVolt', 'VABVd', 'VBCVq', 'Vdff', 'Vqff', 'Id', 'Iq', 'Ref15', 'Ref25', 'Ref50', 'Ref120', 'VSM', 'PWM', 'InvSta', 'R1', 'R2', 'R3', 'R4', 'R5', 'R6', 'Run', 'SelfSens', 'DisSta', 'CommMode', 'RollCoun', 'EnaSta', 'BurstMod', 'KeySta', 'EnaLock', 'DirComm', 'BMSAct', 'BMSTLim', 'LimMaxRPM', 'LimHotSpot', 'LowRPMLim', 'LimCoolDer', 'LimStallBur', 'PostLo', 'PostHi', 'RunLo', 'RunHi', 'CommTorq', 'TorqFeed', 'PowOnTime', 'ModInd', 'FluxWeakOut', 'IdComm', 'IqComm', 'ProjCode', 'SWVer', 'MMDD', 'YYYY', 'DiagRec', 'DiagSeg', 'DiagGRes', 'DiagGObs', 'DiagSin', 'FTorqComm', 'FTorqFeed', 'FMotRPM', 'FDCVolt', 'ParRespAdd', 'ParRespWri', 'ParRespDat']
NoneType: None
2025-04-20 21:50:23,360 - ERROR - Header mismatch for drive1.
Expected: {'Time': 'object', 'Unnamed: 1': 'float', 'ModATemp': 'float', 'ModBTemp': 'float', 'ModCTemp': 'float', 'GateDriTemp': 'float', 'ContTemp': 'float', 'RTD1Temp': 'float', 'RTD2Temp': 'float', 'StallBurTemp': 'float', 'CoolTemp': 'float', 'HotSpotTemp': 'float', 'MotTemp': 'float', 'TorqShud': 'float', 'OilTemp': 'float', 'OilPres': 'float', 'AnIn4': 'float', 'AnIn5': 'float', 'AnIn6': 'float', 'DiIn1': 'int', 'DiIn2': 'int', 'DiIn3': 'int', 'DiIn4': 'int', 'DiIn5': 'int', 'DiIn6': 'int', 'DiIn7': 'int', 'DiIn8': 'int', 'MotAngElec': 'float', 'MotRPM': 'int', 'ElecOutFreq': 'float', 'DeltResFilt': 'float', 'PhaATemp': 'float', 'PhaBTemp': 'float', 'PhaCTemp': 'float', 'DCCurr': 'float', 'DCVolt': 'float', 'OutVolt': 'float', 'VABVd': 'float', 'VBCVq': 'float', 'Vdff': 'float', 'Vqff': 'float', 'Id': 'float', 'Iq': 'float', 'Ref15': 'float', 'Ref25': 'float', 'Ref50': 'float', 'Ref120': 'float', 'VSM': 'int', 'PWM': 'int', 'InvSta': 'int', 'R1': 'int', 'R2': 'int', 'R3': 'int', 'R4': 'int', 'R5': 'int', 'R6': 'int', 'Run': 'int', 'SelfSens': 'int', 'DisSta': 'int', 'CommMode': 'int', 'RollCoun': 'int', 'EnaSta': 'int', 'BurstMod': 'int', 'KeySta': 'int', 'EnaLock': 'int', 'DirComm': 'int', 'BMSAct': 'int', 'BMSTLim': 'int', 'LimMaxRPM': 'int', 'LimHotSpot': 'int', 'LowRPMLim': 'int', 'LimCoolDer': 'int', 'LimStallBur': 'int', 'PostLo': 'int', 'PostHi': 'int', 'RunLo': 'int', 'RunHi': 'int', 'CommTorq': 'float', 'TorqFeed': 'float', 'PowOnTime': 'float', 'ModInd': 'float', 'FluxWeakOut': 'float', 'IdComm': 'float', 'IqComm': 'float', 'ProjCode': 'int', 'SWVer': 'int', 'MMDD': 'int', 'YYYY': 'int', 'DiagRec': 'int', 'DiagSeg': 'int', 'DiagGRes': 'float', 'DiagGObs': 'float', 'DiagSin': 'int', 'FTorqComm': 'float', 'FTorqFeed': 'float', 'FMotRPM': 'int', 'FDCVolt': 'float', 'ParRespAdd': 'int', 'ParRespWri': 'int', 'ParRespDat': 'int'}
Found: ['Time', ' ', 'ModATemp', 'ModBTemp', 'ModCTemp', 'GateDriTemp', 'ContTemp', 'RTD1Temp', 'RTD2Temp', 'StallBurTemp', 'CoolTemp', 'HotSpotTemp', 'MotTemp', 'TorqShud', 'OilTemp', 'OilPres', 'AnIn4', 'AnIn5', 'AnIn6', 'DiIn1', 'DiIn2', 'DiIn3', 'DiIn4', 'DiIn5', 'DiIn6', 'DiIn7', 'DiIn8', 'MotAngElec', 'MotRPM', 'ElecOutFreq', ' DeltResFilt', 'PhaATemp', 'PhaBTemp', 'PhaCTemp', 'DCCurr', 'DCVolt', 'OutVolt', 'VABVd', 'VBCVq', 'Vdff', 'Vqff', 'Id', 'Iq', 'Ref15', 'Ref25', 'Ref50', 'Ref120', 'VSM', 'PWM', 'InvSta', 'R1', 'R2', 'R3', 'R4', 'R5', 'R6', 'Run', 'SelfSens', 'DisSta', 'CommMode', 'RollCoun', 'EnaSta', 'BurstMod', 'KeySta', 'EnaLock', 'DirComm', 'BMSAct', 'BMSTLim', 'LimMaxRPM', 'LimHotSpot', 'LowRPMLim', 'LimCoolDer', 'LimStallBur', 'PostLo', 'PostHi', 'RunLo', 'RunHi', 'CommTorq', 'TorqFeed', 'PowOnTime', 'ModInd', 'FluxWeakOut', 'IdComm', 'IqComm', 'ProjCode', 'SWVer', 'MMDD', 'YYYY', 'DiagRec', 'DiagSeg', 'DiagGRes', 'DiagGObs', 'DiagSin', 'FTorqComm', 'FTorqFeed', 'FMotRPM', 'FDCVolt', 'ParRespAdd', 'ParRespWri', 'ParRespDat']
NoneType: None
2025-04-20 21:50:25,608 - ERROR - Header mismatch for drive1.
Expected: {'Time': 'object', 'Unnamed: 1': 'float', 'ModATemp': 'float', 'ModBTemp': 'float', 'ModCTemp': 'float', 'GateDriTemp': 'float', 'ContTemp': 'float', 'RTD1Temp': 'float', 'RTD2Temp': 'float', 'StallBurTemp': 'float', 'CoolTemp': 'float', 'HotSpotTemp': 'float', 'MotTemp': 'float', 'TorqShud': 'float', 'OilTemp': 'float', 'OilPres': 'float', 'AnIn4': 'float', 'AnIn5': 'float', 'AnIn6': 'float', 'DiIn1': 'int', 'DiIn2': 'int', 'DiIn3': 'int', 'DiIn4': 'int', 'DiIn5': 'int', 'DiIn6': 'int', 'DiIn7': 'int', 'DiIn8': 'int', 'MotAngElec': 'float', 'MotRPM': 'int', 'ElecOutFreq': 'float', 'DeltResFilt': 'float', 'PhaATemp': 'float', 'PhaBTemp': 'float', 'PhaCTemp': 'float', 'DCCurr': 'float', 'DCVolt': 'float', 'OutVolt': 'float', 'VABVd': 'float', 'VBCVq': 'float', 'Vdff': 'float', 'Vqff': 'float', 'Id': 'float', 'Iq': 'float', 'Ref15': 'float', 'Ref25': 'float', 'Ref50': 'float', 'Ref120': 'float', 'VSM': 'int', 'PWM': 'int', 'InvSta': 'int', 'R1': 'int', 'R2': 'int', 'R3': 'int', 'R4': 'int', 'R5': 'int', 'R6': 'int', 'Run': 'int', 'SelfSens': 'int', 'DisSta': 'int', 'CommMode': 'int', 'RollCoun': 'int', 'EnaSta': 'int', 'BurstMod': 'int', 'KeySta': 'int', 'EnaLock': 'int', 'DirComm': 'int', 'BMSAct': 'int', 'BMSTLim': 'int', 'LimMaxRPM': 'int', 'LimHotSpot': 'int', 'LowRPMLim': 'int', 'LimCoolDer': 'int', 'LimStallBur': 'int', 'PostLo': 'int', 'PostHi': 'int', 'RunLo': 'int', 'RunHi': 'int', 'CommTorq': 'float', 'TorqFeed': 'float', 'PowOnTime': 'float', 'ModInd': 'float', 'FluxWeakOut': 'float', 'IdComm': 'float', 'IqComm': 'float', 'ProjCode': 'int', 'SWVer': 'int', 'MMDD': 'int', 'YYYY': 'int', 'DiagRec': 'int', 'DiagSeg': 'int', 'DiagGRes': 'float', 'DiagGObs': 'float', 'DiagSin': 'int', 'FTorqComm': 'float', 'FTorqFeed': 'float', 'FMotRPM': 'int', 'FDCVolt': 'float', 'ParRespAdd': 'int', 'ParRespWri': 'int', 'ParRespDat': 'int'}
Found: ['Time', ' ', 'ModATemp', 'ModBTemp', 'ModCTemp', 'GateDriTemp', 'ContTemp', 'RTD1Temp', 'RTD2Temp', 'StallBurTemp', 'CoolTemp', 'HotSpotTemp', 'MotTemp', 'TorqShud', 'OilTemp', 'OilPres', 'AnIn4', 'AnIn5', 'AnIn6', 'DiIn1', 'DiIn2', 'DiIn3', 'DiIn4', 'DiIn5', 'DiIn6', 'DiIn7', 'DiIn8', 'MotAngElec', 'MotRPM', 'ElecOutFreq', ' DeltResFilt', 'PhaATemp', 'PhaBTemp', 'PhaCTemp', 'DCCurr', 'DCVolt', 'OutVolt', 'VABVd', 'VBCVq', 'Vdff', 'Vqff', 'Id', 'Iq', 'Ref15', 'Ref25', 'Ref50', 'Ref120', 'VSM', 'PWM', 'InvSta', 'R1', 'R2', 'R3', 'R4', 'R5', 'R6', 'Run', 'SelfSens', 'DisSta', 'CommMode', 'RollCoun', 'EnaSta', 'BurstMod', 'KeySta', 'EnaLock', 'DirComm', 'BMSAct', 'BMSTLim', 'LimMaxRPM', 'LimHotSpot', 'LowRPMLim', 'LimCoolDer', 'LimStallBur', 'PostLo', 'PostHi', 'RunLo', 'RunHi', 'CommTorq', 'TorqFeed', 'PowOnTime', 'ModInd', 'FluxWeakOut', 'IdComm', 'IqComm', 'ProjCode', 'SWVer', 'MMDD', 'YYYY', 'DiagRec', 'DiagSeg', 'DiagGRes', 'DiagGObs', 'DiagSin', 'FTorqComm', 'FTorqFeed', 'FMotRPM', 'FDCVolt', 'ParRespAdd', 'ParRespWri', 'ParRespDat']
NoneType: None
2025-04-20 21:50:26,759 - ERROR - Header mismatch for drive1.
Expected: {'Time': 'object', 'Unnamed: 1': 'float', 'ModATemp': 'float', 'ModBTemp': 'float', 'ModCTemp': 'float', 'GateDriTemp': 'float', 'ContTemp': 'float', 'RTD1Temp': 'float', 'RTD2Temp': 'float', 'StallBurTemp': 'float', 'CoolTemp': 'float', 'HotSpotTemp': 'float', 'MotTemp': 'float', 'TorqShud': 'float', 'OilTemp': 'float', 'OilPres': 'float', 'AnIn4': 'float', 'AnIn5': 'float', 'AnIn6': 'float', 'DiIn1': 'int', 'DiIn2': 'int', 'DiIn3': 'int', 'DiIn4': 'int', 'DiIn5': 'int', 'DiIn6': 'int', 'DiIn7': 'int', 'DiIn8': 'int', 'MotAngElec': 'float', 'MotRPM': 'int', 'ElecOutFreq': 'float', 'DeltResFilt': 'float', 'PhaATemp': 'float', 'PhaBTemp': 'float', 'PhaCTemp': 'float', 'DCCurr': 'float', 'DCVolt': 'float', 'OutVolt': 'float', 'VABVd': 'float', 'VBCVq': 'float', 'Vdff': 'float', 'Vqff': 'float', 'Id': 'float', 'Iq': 'float', 'Ref15': 'float', 'Ref25': 'float', 'Ref50': 'float', 'Ref120': 'float', 'VSM': 'int', 'PWM': 'int', 'InvSta': 'int', 'R1': 'int', 'R2': 'int', 'R3': 'int', 'R4': 'int', 'R5': 'int', 'R6': 'int', 'Run': 'int', 'SelfSens': 'int', 'DisSta': 'int', 'CommMode': 'int', 'RollCoun': 'int', 'EnaSta': 'int', 'BurstMod': 'int', 'KeySta': 'int', 'EnaLock': 'int', 'DirComm': 'int', 'BMSAct': 'int', 'BMSTLim': 'int', 'LimMaxRPM': 'int', 'LimHotSpot': 'int', 'LowRPMLim': 'int', 'LimCoolDer': 'int', 'LimStallBur': 'int', 'PostLo': 'int', 'PostHi': 'int', 'RunLo': 'int', 'RunHi': 'int', 'CommTorq': 'float', 'TorqFeed': 'float', 'PowOnTime': 'float', 'ModInd': 'float', 'FluxWeakOut': 'float', 'IdComm': 'float', 'IqComm': 'float', 'ProjCode': 'int', 'SWVer': 'int', 'MMDD': 'int', 'YYYY': 'int', 'DiagRec': 'int', 'DiagSeg': 'int', 'DiagGRes': 'float', 'DiagGObs': 'float', 'DiagSin': 'int', 'FTorqComm': 'float', 'FTorqFeed': 'float', 'FMotRPM': 'int', 'FDCVolt': 'float', 'ParRespAdd': 'int', 'ParRespWri': 'int', 'ParRespDat': 'int'}
Found: ['Time', ' ', 'ModATemp', 'ModBTemp', 'ModCTemp', 'GateDriTemp', 'ContTemp', 'RTD1Temp', 'RTD2Temp', 'StallBurTemp', 'CoolTemp', 'HotSpotTemp', 'MotTemp', 'TorqShud', 'OilTemp', 'OilPres', 'AnIn4', 'AnIn5', 'AnIn6', 'DiIn1', 'DiIn2', 'DiIn3', 'DiIn4', 'DiIn5', 'DiIn6', 'DiIn7', 'DiIn8', 'MotAngElec', 'MotRPM', 'ElecOutFreq', ' DeltResFilt', 'PhaATemp', 'PhaBTemp', 'PhaCTemp', 'DCCurr', 'DCVolt', 'OutVolt', 'VABVd', 'VBCVq', 'Vdff', 'Vqff', 'Id', 'Iq', 'Ref15', 'Ref25', 'Ref50', 'Ref120', 'VSM', 'PWM', 'InvSta', 'R1', 'R2', 'R3', 'R4', 'R5', 'R6', 'Run', 'SelfSens', 'DisSta', 'CommMode', 'RollCoun', 'EnaSta', 'BurstMod', 'KeySta', 'EnaLock', 'DirComm', 'BMSAct', 'BMSTLim', 'LimMaxRPM', 'LimHotSpot', 'LowRPMLim', 'LimCoolDer', 'LimStallBur', 'PostLo', 'PostHi', 'RunLo', 'RunHi', 'CommTorq', 'TorqFeed', 'PowOnTime', 'ModInd', 'FluxWeakOut', 'IdComm', 'IqComm', 'ProjCode', 'SWVer', 'MMDD', 'YYYY', 'DiagRec', 'DiagSeg', 'DiagGRes', 'DiagGObs', 'DiagSin', 'FTorqComm', 'FTorqFeed', 'FMotRPM', 'FDCVolt', 'ParRespAdd', 'ParRespWri', 'ParRespDat']
NoneType: None
2025-04-20 21:50:27,317 - ERROR - Header mismatch for drive1.
Expected: {'Time': 'object', 'Unnamed: 1': 'float', 'ModATemp': 'float', 'ModBTemp': 'float', 'ModCTemp': 'float', 'GateDriTemp': 'float', 'ContTemp': 'float', 'RTD1Temp': 'float', 'RTD2Temp': 'float', 'StallBurTemp': 'float', 'CoolTemp': 'float', 'HotSpotTemp': 'float', 'MotTemp': 'float', 'TorqShud': 'float', 'OilTemp': 'float', 'OilPres': 'float', 'AnIn4': 'float', 'AnIn5': 'float', 'AnIn6': 'float', 'DiIn1': 'int', 'DiIn2': 'int', 'DiIn3': 'int', 'DiIn4': 'int', 'DiIn5': 'int', 'DiIn6': 'int', 'DiIn7': 'int', 'DiIn8': 'int', 'MotAngElec': 'float', 'MotRPM': 'int', 'ElecOutFreq': 'float', 'DeltResFilt': 'float', 'PhaATemp': 'float', 'PhaBTemp': 'float', 'PhaCTemp': 'float', 'DCCurr': 'float', 'DCVolt': 'float', 'OutVolt': 'float', 'VABVd': 'float', 'VBCVq': 'float', 'Vdff': 'float', 'Vqff': 'float', 'Id': 'float', 'Iq': 'float', 'Ref15': 'float', 'Ref25': 'float', 'Ref50': 'float', 'Ref120': 'float', 'VSM': 'int', 'PWM': 'int', 'InvSta': 'int', 'R1': 'int', 'R2': 'int', 'R3': 'int', 'R4': 'int', 'R5': 'int', 'R6': 'int', 'Run': 'int', 'SelfSens': 'int', 'DisSta': 'int', 'CommMode': 'int', 'RollCoun': 'int', 'EnaSta': 'int', 'BurstMod': 'int', 'KeySta': 'int', 'EnaLock': 'int', 'DirComm': 'int', 'BMSAct': 'int', 'BMSTLim': 'int', 'LimMaxRPM': 'int', 'LimHotSpot': 'int', 'LowRPMLim': 'int', 'LimCoolDer': 'int', 'LimStallBur': 'int', 'PostLo': 'int', 'PostHi': 'int', 'RunLo': 'int', 'RunHi': 'int', 'CommTorq': 'float', 'TorqFeed': 'float', 'PowOnTime': 'float', 'ModInd': 'float', 'FluxWeakOut': 'float', 'IdComm': 'float', 'IqComm': 'float', 'ProjCode': 'int', 'SWVer': 'int', 'MMDD': 'int', 'YYYY': 'int', 'DiagRec': 'int', 'DiagSeg': 'int', 'DiagGRes': 'float', 'DiagGObs': 'float', 'DiagSin': 'int', 'FTorqComm': 'float', 'FTorqFeed': 'float', 'FMotRPM': 'int', 'FDCVolt': 'float', 'ParRespAdd': 'int', 'ParRespWri': 'int', 'ParRespDat': 'int'}
Found: ['Time', ' ', 'ModATemp', 'ModBTemp', 'ModCTemp', 'GateDriTemp', 'ContTemp', 'RTD1Temp', 'RTD2Temp', 'StallBurTemp', 'CoolTemp', 'HotSpotTemp', 'MotTemp', 'TorqShud', 'OilTemp', 'OilPres', 'AnIn4', 'AnIn5', 'AnIn6', 'DiIn1', 'DiIn2', 'DiIn3', 'DiIn4', 'DiIn5', 'DiIn6', 'DiIn7', 'DiIn8', 'MotAngElec', 'MotRPM', 'ElecOutFreq', ' DeltResFilt', 'PhaATemp', 'PhaBTemp', 'PhaCTemp', 'DCCurr', 'DCVolt', 'OutVolt', 'VABVd', 'VBCVq', 'Vdff', 'Vqff', 'Id', 'Iq', 'Ref15', 'Ref25', 'Ref50', 'Ref120', 'VSM', 'PWM', 'InvSta', 'R1', 'R2', 'R3', 'R4', 'R5', 'R6', 'Run', 'SelfSens', 'DisSta', 'CommMode', 'RollCoun', 'EnaSta', 'BurstMod', 'KeySta', 'EnaLock', 'DirComm', 'BMSAct', 'BMSTLim', 'LimMaxRPM', 'LimHotSpot', 'LowRPMLim', 'LimCoolDer', 'LimStallBur', 'PostLo', 'PostHi', 'RunLo', 'RunHi', 'CommTorq', 'TorqFeed', 'PowOnTime', 'ModInd', 'FluxWeakOut', 'IdComm', 'IqComm', 'ProjCode', 'SWVer', 'MMDD', 'YYYY', 'DiagRec', 'DiagSeg', 'DiagGRes', 'DiagGObs', 'DiagSin', 'FTorqComm', 'FTorqFeed', 'FMotRPM', 'FDCVolt', 'ParRespAdd', 'ParRespWri', 'ParRespDat']
NoneType: None
2025-04-20 21:50:29,529 - ERROR - Header mismatch for drive1.
Expected: {'Time': 'object', 'Unnamed: 1': 'float', 'ModATemp': 'float', 'ModBTemp': 'float', 'ModCTemp': 'float', 'GateDriTemp': 'float', 'ContTemp': 'float', 'RTD1Temp': 'float', 'RTD2Temp': 'float', 'StallBurTemp': 'float', 'CoolTemp': 'float', 'HotSpotTemp': 'float', 'MotTemp': 'float', 'TorqShud': 'float', 'OilTemp': 'float', 'OilPres': 'float', 'AnIn4': 'float', 'AnIn5': 'float', 'AnIn6': 'float', 'DiIn1': 'int', 'DiIn2': 'int', 'DiIn3': 'int', 'DiIn4': 'int', 'DiIn5': 'int', 'DiIn6': 'int', 'DiIn7': 'int', 'DiIn8': 'int', 'MotAngElec': 'float', 'MotRPM': 'int', 'ElecOutFreq': 'float', 'DeltResFilt': 'float', 'PhaATemp': 'float', 'PhaBTemp': 'float', 'PhaCTemp': 'float', 'DCCurr': 'float', 'DCVolt': 'float', 'OutVolt': 'float', 'VABVd': 'float', 'VBCVq': 'float', 'Vdff': 'float', 'Vqff': 'float', 'Id': 'float', 'Iq': 'float', 'Ref15': 'float', 'Ref25': 'float', 'Ref50': 'float', 'Ref120': 'float', 'VSM': 'int', 'PWM': 'int', 'InvSta': 'int', 'R1': 'int', 'R2': 'int', 'R3': 'int', 'R4': 'int', 'R5': 'int', 'R6': 'int', 'Run': 'int', 'SelfSens': 'int', 'DisSta': 'int', 'CommMode': 'int', 'RollCoun': 'int', 'EnaSta': 'int', 'BurstMod': 'int', 'KeySta': 'int', 'EnaLock': 'int', 'DirComm': 'int', 'BMSAct': 'int', 'BMSTLim': 'int', 'LimMaxRPM': 'int', 'LimHotSpot': 'int', 'LowRPMLim': 'int', 'LimCoolDer': 'int', 'LimStallBur': 'int', 'PostLo': 'int', 'PostHi': 'int', 'RunLo': 'int', 'RunHi': 'int', 'CommTorq': 'float', 'TorqFeed': 'float', 'PowOnTime': 'float', 'ModInd': 'float', 'FluxWeakOut': 'float', 'IdComm': 'float', 'IqComm': 'float', 'ProjCode': 'int', 'SWVer': 'int', 'MMDD': 'int', 'YYYY': 'int', 'DiagRec': 'int', 'DiagSeg': 'int', 'DiagGRes': 'float', 'DiagGObs': 'float', 'DiagSin': 'int', 'FTorqComm': 'float', 'FTorqFeed': 'float', 'FMotRPM': 'int', 'FDCVolt': 'float', 'ParRespAdd': 'int', 'ParRespWri': 'int', 'ParRespDat': 'int'}
Found: ['Time', ' ', 'ModATemp', 'ModBTemp', 'ModCTemp', 'GateDriTemp', 'ContTemp', 'RTD1Temp', 'RTD2Temp', 'StallBurTemp', 'CoolTemp', 'HotSpotTemp', 'MotTemp', 'TorqShud', 'OilTemp', 'OilPres', 'AnIn4', 'AnIn5', 'AnIn6', 'DiIn1', 'DiIn2', 'DiIn3', 'DiIn4', 'DiIn5', 'DiIn6', 'DiIn7', 'DiIn8', 'MotAngElec', 'MotRPM', 'ElecOutFreq', ' DeltResFilt', 'PhaATemp', 'PhaBTemp', 'PhaCTemp', 'DCCurr', 'DCVolt', 'OutVolt', 'VABVd', 'VBCVq', 'Vdff', 'Vqff', 'Id', 'Iq', 'Ref15', 'Ref25', 'Ref50', 'Ref120', 'VSM', 'PWM', 'InvSta', 'R1', 'R2', 'R3', 'R4', 'R5', 'R6', 'Run', 'SelfSens', 'DisSta', 'CommMode', 'RollCoun', 'EnaSta', 'BurstMod', 'KeySta', 'EnaLock', 'DirComm', 'BMSAct', 'BMSTLim', 'LimMaxRPM', 'LimHotSpot', 'LowRPMLim', 'LimCoolDer', 'LimStallBur', 'PostLo', 'PostHi', 'RunLo', 'RunHi', 'CommTorq', 'TorqFeed', 'PowOnTime', 'ModInd', 'FluxWeakOut', 'IdComm', 'IqComm', 'ProjCode', 'SWVer', 'MMDD', 'YYYY', 'DiagRec', 'DiagSeg', 'DiagGRes', 'DiagGObs', 'DiagSin', 'FTorqComm', 'FTorqFeed', 'FMotRPM', 'FDCVolt', 'ParRespAdd', 'ParRespWri', 'ParRespDat']
NoneType: None
2025-04-20 21:50:30,681 - ERROR - Header mismatch for drive1.
Expected: {'Time': 'object', 'Unnamed: 1': 'float', 'ModATemp': 'float', 'ModBTemp': 'float', 'ModCTemp': 'float', 'GateDriTemp': 'float', 'ContTemp': 'float', 'RTD1Temp': 'float', 'RTD2Temp': 'float', 'StallBurTemp': 'float', 'CoolTemp': 'float', 'HotSpotTemp': 'float', 'MotTemp': 'float', 'TorqShud': 'float', 'OilTemp': 'float', 'OilPres': 'float', 'AnIn4': 'float', 'AnIn5': 'float', 'AnIn6': 'float', 'DiIn1': 'int', 'DiIn2': 'int', 'DiIn3': 'int', 'DiIn4': 'int', 'DiIn5': 'int', 'DiIn6': 'int', 'DiIn7': 'int', 'DiIn8': 'int', 'MotAngElec': 'float', 'MotRPM': 'int', 'ElecOutFreq': 'float', 'DeltResFilt': 'float', 'PhaATemp': 'float', 'PhaBTemp': 'float', 'PhaCTemp': 'float', 'DCCurr': 'float', 'DCVolt': 'float', 'OutVolt': 'float', 'VABVd': 'float', 'VBCVq': 'float', 'Vdff': 'float', 'Vqff': 'float', 'Id': 'float', 'Iq': 'float', 'Ref15': 'float', 'Ref25': 'float', 'Ref50': 'float', 'Ref120': 'float', 'VSM': 'int', 'PWM': 'int', 'InvSta': 'int', 'R1': 'int', 'R2': 'int', 'R3': 'int', 'R4': 'int', 'R5': 'int', 'R6': 'int', 'Run': 'int', 'SelfSens': 'int', 'DisSta': 'int', 'CommMode': 'int', 'RollCoun': 'int', 'EnaSta': 'int', 'BurstMod': 'int', 'KeySta': 'int', 'EnaLock': 'int', 'DirComm': 'int', 'BMSAct': 'int', 'BMSTLim': 'int', 'LimMaxRPM': 'int', 'LimHotSpot': 'int', 'LowRPMLim': 'int', 'LimCoolDer': 'int', 'LimStallBur': 'int', 'PostLo': 'int', 'PostHi': 'int', 'RunLo': 'int', 'RunHi': 'int', 'CommTorq': 'float', 'TorqFeed': 'float', 'PowOnTime': 'float', 'ModInd': 'float', 'FluxWeakOut': 'float', 'IdComm': 'float', 'IqComm': 'float', 'ProjCode': 'int', 'SWVer': 'int', 'MMDD': 'int', 'YYYY': 'int', 'DiagRec': 'int', 'DiagSeg': 'int', 'DiagGRes': 'float', 'DiagGObs': 'float', 'DiagSin': 'int', 'FTorqComm': 'float', 'FTorqFeed': 'float', 'FMotRPM': 'int', 'FDCVolt': 'float', 'ParRespAdd': 'int', 'ParRespWri': 'int', 'ParRespDat': 'int'}
Found: ['Time', ' ', 'ModATemp', 'ModBTemp', 'ModCTemp', 'GateDriTemp', 'ContTemp', 'RTD1Temp', 'RTD2Temp', 'StallBurTemp', 'CoolTemp', 'HotSpotTemp', 'MotTemp', 'TorqShud', 'OilTemp', 'OilPres', 'AnIn4', 'AnIn5', 'AnIn6', 'DiIn1', 'DiIn2', 'DiIn3', 'DiIn4', 'DiIn5', 'DiIn6', 'DiIn7', 'DiIn8', 'MotAngElec', 'MotRPM', 'ElecOutFreq', ' DeltResFilt', 'PhaATemp', 'PhaBTemp', 'PhaCTemp', 'DCCurr', 'DCVolt', 'OutVolt', 'VABVd', 'VBCVq', 'Vdff', 'Vqff', 'Id', 'Iq', 'Ref15', 'Ref25', 'Ref50', 'Ref120', 'VSM', 'PWM', 'InvSta', 'R1', 'R2', 'R3', 'R4', 'R5', 'R6', 'Run', 'SelfSens', 'DisSta', 'CommMode', 'RollCoun', 'EnaSta', 'BurstMod', 'KeySta', 'EnaLock', 'DirComm', 'BMSAct', 'BMSTLim', 'LimMaxRPM', 'LimHotSpot', 'LowRPMLim', 'LimCoolDer', 'LimStallBur', 'PostLo', 'PostHi', 'RunLo', 'RunHi', 'CommTorq', 'TorqFeed', 'PowOnTime', 'ModInd', 'FluxWeakOut', 'IdComm', 'IqComm', 'ProjCode', 'SWVer', 'MMDD', 'YYYY', 'DiagRec', 'DiagSeg', 'DiagGRes', 'DiagGObs', 'DiagSin', 'FTorqComm', 'FTorqFeed', 'FMotRPM', 'FDCVolt', 'ParRespAdd', 'ParRespWri', 'ParRespDat']
NoneType: None
2025-04-20 21:50:31,557 - ERROR - Header mismatch for drive1.
Expected: {'Time': 'object', 'Unnamed: 1': 'float', 'ModATemp': 'float', 'ModBTemp': 'float', 'ModCTemp': 'float', 'GateDriTemp': 'float', 'ContTemp': 'float', 'RTD1Temp': 'float', 'RTD2Temp': 'float', 'StallBurTemp': 'float', 'CoolTemp': 'float', 'HotSpotTemp': 'float', 'MotTemp': 'float', 'TorqShud': 'float', 'OilTemp': 'float', 'OilPres': 'float', 'AnIn4': 'float', 'AnIn5': 'float', 'AnIn6': 'float', 'DiIn1': 'int', 'DiIn2': 'int', 'DiIn3': 'int', 'DiIn4': 'int', 'DiIn5': 'int', 'DiIn6': 'int', 'DiIn7': 'int', 'DiIn8': 'int', 'MotAngElec': 'float', 'MotRPM': 'int', 'ElecOutFreq': 'float', 'DeltResFilt': 'float', 'PhaATemp': 'float', 'PhaBTemp': 'float', 'PhaCTemp': 'float', 'DCCurr': 'float', 'DCVolt': 'float', 'OutVolt': 'float', 'VABVd': 'float', 'VBCVq': 'float', 'Vdff': 'float', 'Vqff': 'float', 'Id': 'float', 'Iq': 'float', 'Ref15': 'float', 'Ref25': 'float', 'Ref50': 'float', 'Ref120': 'float', 'VSM': 'int', 'PWM': 'int', 'InvSta': 'int', 'R1': 'int', 'R2': 'int', 'R3': 'int', 'R4': 'int', 'R5': 'int', 'R6': 'int', 'Run': 'int', 'SelfSens': 'int', 'DisSta': 'int', 'CommMode': 'int', 'RollCoun': 'int', 'EnaSta': 'int', 'BurstMod': 'int', 'KeySta': 'int', 'EnaLock': 'int', 'DirComm': 'int', 'BMSAct': 'int', 'BMSTLim': 'int', 'LimMaxRPM': 'int', 'LimHotSpot': 'int', 'LowRPMLim': 'int', 'LimCoolDer': 'int', 'LimStallBur': 'int', 'PostLo': 'int', 'PostHi': 'int', 'RunLo': 'int', 'RunHi': 'int', 'CommTorq': 'float', 'TorqFeed': 'float', 'PowOnTime': 'float', 'ModInd': 'float', 'FluxWeakOut': 'float', 'IdComm': 'float', 'IqComm': 'float', 'ProjCode': 'int', 'SWVer': 'int', 'MMDD': 'int', 'YYYY': 'int', 'DiagRec': 'int', 'DiagSeg': 'int', 'DiagGRes': 'float', 'DiagGObs': 'float', 'DiagSin': 'int', 'FTorqComm': 'float', 'FTorqFeed': 'float', 'FMotRPM': 'int', 'FDCVolt': 'float', 'ParRespAdd': 'int', 'ParRespWri': 'int', 'ParRespDat': 'int'}
Found: ['Time', ' ', 'ModATemp', 'ModBTemp', 'ModCTemp', 'GateDriTemp', 'ContTemp', 'RTD1Temp', 'RTD2Temp', 'StallBurTemp', 'CoolTemp', 'HotSpotTemp', 'MotTemp', 'TorqShud', 'OilTemp', 'OilPres', 'AnIn4', 'AnIn5', 'AnIn6', 'DiIn1', 'DiIn2', 'DiIn3', 'DiIn4', 'DiIn5', 'DiIn6', 'DiIn7', 'DiIn8', 'MotAngElec', 'MotRPM', 'ElecOutFreq', ' DeltResFilt', 'PhaATemp', 'PhaBTemp', 'PhaCTemp', 'DCCurr', 'DCVolt', 'OutVolt', 'VABVd', 'VBCVq', 'Vdff', 'Vqff', 'Id', 'Iq', 'Ref15', 'Ref25', 'Ref50', 'Ref120', 'VSM', 'PWM', 'InvSta', 'R1', 'R2', 'R3', 'R4', 'R5', 'R6', 'Run', 'SelfSens', 'DisSta', 'CommMode', 'RollCoun', 'EnaSta', 'BurstMod', 'KeySta', 'EnaLock', 'DirComm', 'BMSAct', 'BMSTLim', 'LimMaxRPM', 'LimHotSpot', 'LowRPMLim', 'LimCoolDer', 'LimStallBur', 'PostLo', 'PostHi', 'RunLo', 'RunHi', 'CommTorq', 'TorqFeed', 'PowOnTime', 'ModInd', 'FluxWeakOut', 'IdComm', 'IqComm', 'ProjCode', 'SWVer', 'MMDD', 'YYYY', 'DiagRec', 'DiagSeg', 'DiagGRes', 'DiagGObs', 'DiagSin', 'FTorqComm', 'FTorqFeed', 'FMotRPM', 'FDCVolt', 'ParRespAdd', 'ParRespWri', 'ParRespDat']
NoneType: None
2025-04-20 21:50:32,421 - ERROR - Header mismatch for drive1.
Expected: {'Time': 'object', 'Unnamed: 1': 'float', 'ModATemp': 'float', 'ModBTemp': 'float', 'ModCTemp': 'float', 'GateDriTemp': 'float', 'ContTemp': 'float', 'RTD1Temp': 'float', 'RTD2Temp': 'float', 'StallBurTemp': 'float', 'CoolTemp': 'float', 'HotSpotTemp': 'float', 'MotTemp': 'float', 'TorqShud': 'float', 'OilTemp': 'float', 'OilPres': 'float', 'AnIn4': 'float', 'AnIn5': 'float', 'AnIn6': 'float', 'DiIn1': 'int', 'DiIn2': 'int', 'DiIn3': 'int', 'DiIn4': 'int', 'DiIn5': 'int', 'DiIn6': 'int', 'DiIn7': 'int', 'DiIn8': 'int', 'MotAngElec': 'float', 'MotRPM': 'int', 'ElecOutFreq': 'float', 'DeltResFilt': 'float', 'PhaATemp': 'float', 'PhaBTemp': 'float', 'PhaCTemp': 'float', 'DCCurr': 'float', 'DCVolt': 'float', 'OutVolt': 'float', 'VABVd': 'float', 'VBCVq': 'float', 'Vdff': 'float', 'Vqff': 'float', 'Id': 'float', 'Iq': 'float', 'Ref15': 'float', 'Ref25': 'float', 'Ref50': 'float', 'Ref120': 'float', 'VSM': 'int', 'PWM': 'int', 'InvSta': 'int', 'R1': 'int', 'R2': 'int', 'R3': 'int', 'R4': 'int', 'R5': 'int', 'R6': 'int', 'Run': 'int', 'SelfSens': 'int', 'DisSta': 'int', 'CommMode': 'int', 'RollCoun': 'int', 'EnaSta': 'int', 'BurstMod': 'int', 'KeySta': 'int', 'EnaLock': 'int', 'DirComm': 'int', 'BMSAct': 'int', 'BMSTLim': 'int', 'LimMaxRPM': 'int', 'LimHotSpot': 'int', 'LowRPMLim': 'int', 'LimCoolDer': 'int', 'LimStallBur': 'int', 'PostLo': 'int', 'PostHi': 'int', 'RunLo': 'int', 'RunHi': 'int', 'CommTorq': 'float', 'TorqFeed': 'float', 'PowOnTime': 'float', 'ModInd': 'float', 'FluxWeakOut': 'float', 'IdComm': 'float', 'IqComm': 'float', 'ProjCode': 'int', 'SWVer': 'int', 'MMDD': 'int', 'YYYY': 'int', 'DiagRec': 'int', 'DiagSeg': 'int', 'DiagGRes': 'float', 'DiagGObs': 'float', 'DiagSin': 'int', 'FTorqComm': 'float', 'FTorqFeed': 'float', 'FMotRPM': 'int', 'FDCVolt': 'float', 'ParRespAdd': 'int', 'ParRespWri': 'int', 'ParRespDat': 'int'}
Found: ['Time', ' ', 'ModATemp', 'ModBTemp', 'ModCTemp', 'GateDriTemp', 'ContTemp', 'RTD1Temp', 'RTD2Temp', 'StallBurTemp', 'CoolTemp', 'HotSpotTemp', 'MotTemp', 'TorqShud', 'OilTemp', 'OilPres', 'AnIn4', 'AnIn5', 'AnIn6', 'DiIn1', 'DiIn2', 'DiIn3', 'DiIn4', 'DiIn5', 'DiIn6', 'DiIn7', 'DiIn8', 'MotAngElec', 'MotRPM', 'ElecOutFreq', ' DeltResFilt', 'PhaATemp', 'PhaBTemp', 'PhaCTemp', 'DCCurr', 'DCVolt', 'OutVolt', 'VABVd', 'VBCVq', 'Vdff', 'Vqff', 'Id', 'Iq', 'Ref15', 'Ref25', 'Ref50', 'Ref120', 'VSM', 'PWM', 'InvSta', 'R1', 'R2', 'R3', 'R4', 'R5', 'R6', 'Run', 'SelfSens', 'DisSta', 'CommMode', 'RollCoun', 'EnaSta', 'BurstMod', 'KeySta', 'EnaLock', 'DirComm', 'BMSAct', 'BMSTLim', 'LimMaxRPM', 'LimHotSpot', 'LowRPMLim', 'LimCoolDer', 'LimStallBur', 'PostLo', 'PostHi', 'RunLo', 'RunHi', 'CommTorq', 'TorqFeed', 'PowOnTime', 'ModInd', 'FluxWeakOut', 'IdComm', 'IqComm', 'ProjCode', 'SWVer', 'MMDD', 'YYYY', 'DiagRec', 'DiagSeg', 'DiagGRes', 'DiagGObs', 'DiagSin', 'FTorqComm', 'FTorqFeed', 'FMotRPM', 'FDCVolt', 'ParRespAdd', 'ParRespWri', 'ParRespDat']
NoneType: None
2025-04-20 21:50:33,016 - ERROR - Header mismatch for drive1.
Expected: {'Time': 'object', 'Unnamed: 1': 'float', 'ModATemp': 'float', 'ModBTemp': 'float', 'ModCTemp': 'float', 'GateDriTemp': 'float', 'ContTemp': 'float', 'RTD1Temp': 'float', 'RTD2Temp': 'float', 'StallBurTemp': 'float', 'CoolTemp': 'float', 'HotSpotTemp': 'float', 'MotTemp': 'float', 'TorqShud': 'float', 'OilTemp': 'float', 'OilPres': 'float', 'AnIn4': 'float', 'AnIn5': 'float', 'AnIn6': 'float', 'DiIn1': 'int', 'DiIn2': 'int', 'DiIn3': 'int', 'DiIn4': 'int', 'DiIn5': 'int', 'DiIn6': 'int', 'DiIn7': 'int', 'DiIn8': 'int', 'MotAngElec': 'float', 'MotRPM': 'int', 'ElecOutFreq': 'float', 'DeltResFilt': 'float', 'PhaATemp': 'float', 'PhaBTemp': 'float', 'PhaCTemp': 'float', 'DCCurr': 'float', 'DCVolt': 'float', 'OutVolt': 'float', 'VABVd': 'float', 'VBCVq': 'float', 'Vdff': 'float', 'Vqff': 'float', 'Id': 'float', 'Iq': 'float', 'Ref15': 'float', 'Ref25': 'float', 'Ref50': 'float', 'Ref120': 'float', 'VSM': 'int', 'PWM': 'int', 'InvSta': 'int', 'R1': 'int', 'R2': 'int', 'R3': 'int', 'R4': 'int', 'R5': 'int', 'R6': 'int', 'Run': 'int', 'SelfSens': 'int', 'DisSta': 'int', 'CommMode': 'int', 'RollCoun': 'int', 'EnaSta': 'int', 'BurstMod': 'int', 'KeySta': 'int', 'EnaLock': 'int', 'DirComm': 'int', 'BMSAct': 'int', 'BMSTLim': 'int', 'LimMaxRPM': 'int', 'LimHotSpot': 'int', 'LowRPMLim': 'int', 'LimCoolDer': 'int', 'LimStallBur': 'int', 'PostLo': 'int', 'PostHi': 'int', 'RunLo': 'int', 'RunHi': 'int', 'CommTorq': 'float', 'TorqFeed': 'float', 'PowOnTime': 'float', 'ModInd': 'float', 'FluxWeakOut': 'float', 'IdComm': 'float', 'IqComm': 'float', 'ProjCode': 'int', 'SWVer': 'int', 'MMDD': 'int', 'YYYY': 'int', 'DiagRec': 'int', 'DiagSeg': 'int', 'DiagGRes': 'float', 'DiagGObs': 'float', 'DiagSin': 'int', 'FTorqComm': 'float', 'FTorqFeed': 'float', 'FMotRPM': 'int', 'FDCVolt': 'float', 'ParRespAdd': 'int', 'ParRespWri': 'int', 'ParRespDat': 'int'}
Found: ['Time', 'Unnamed: 1', 'ModATemp', 'ModBTemp', 'ModCTemp', 'GateDriTemp', 'ContTemp', 'RTD1Temp', 'RTD2Temp', 'StallBurTemp', 'CoolTemp', 'HotSpotTemp', 'MotTemp', 'TorqShud', 'OilTemp', 'OilPres', 'AnIn4', 'AnIn5', 'AnIn6', 'DiIn1', 'DiIn2', 'DiIn3', 'DiIn4', 'DiIn5', 'DiIn6', 'DiIn7', 'DiIn8', 'MotAngElec', 'MotRPM', 'ElecOutFreq', ' DeltResFilt', 'PhaATemp', 'PhaBTemp', 'PhaCTemp', 'DCCurr', 'DCVolt', 'OutVolt', 'VABVd', 'VBCVq', 'Vdff', 'Vqff', 'Id', 'Iq', 'Ref15', 'Ref25', 'Ref50', 'Ref120', 'VSM', 'PWM', 'InvSta', 'R1', 'R2', 'R3', 'R4', 'R5', 'R6', 'Run', 'SelfSens', 'DisSta', 'CommMode', 'RollCoun', 'EnaSta', 'BurstMod', 'KeySta', 'EnaLock', 'DirComm', 'BMSAct', 'BMSTLim', 'LimMaxRPM', 'LimHotSpot', 'LowRPMLim', 'LimCoolDer', 'LimStallBur', 'PostLo', 'PostHi', 'RunLo', 'RunHi', 'CommTorq', 'TorqFeed', 'PowOnTime', 'ModInd', 'FluxWeakOut', 'IdComm', 'IqComm', 'ProjCode', 'SWVer', 'MMDD', 'YYYY', 'DiagRec', 'DiagSeg', 'DiagGRes', 'DiagGObs', 'DiagSin', 'FTorqComm', 'FTorqFeed', 'FMotRPM', 'FDCVolt', 'ParRespAdd', 'ParRespWri', 'ParRespDat']
NoneType: None
2025-04-20 21:50:33,663 - ERROR - Header mismatch for drive1.
Expected: {'Time': 'object', 'Unnamed: 1': 'float', 'ModATemp': 'float', 'ModBTemp': 'float', 'ModCTemp': 'float', 'GateDriTemp': 'float', 'ContTemp': 'float', 'RTD1Temp': 'float', 'RTD2Temp': 'float', 'StallBurTemp': 'float', 'CoolTemp': 'float', 'HotSpotTemp': 'float', 'MotTemp': 'float', 'TorqShud': 'float', 'OilTemp': 'float', 'OilPres': 'float', 'AnIn4': 'float', 'AnIn5': 'float', 'AnIn6': 'float', 'DiIn1': 'int', 'DiIn2': 'int', 'DiIn3': 'int', 'DiIn4': 'int', 'DiIn5': 'int', 'DiIn6': 'int', 'DiIn7': 'int', 'DiIn8': 'int', 'MotAngElec': 'float', 'MotRPM': 'int', 'ElecOutFreq': 'float', 'DeltResFilt': 'float', 'PhaATemp': 'float', 'PhaBTemp': 'float', 'PhaCTemp': 'float', 'DCCurr': 'float', 'DCVolt': 'float', 'OutVolt': 'float', 'VABVd': 'float', 'VBCVq': 'float', 'Vdff': 'float', 'Vqff': 'float', 'Id': 'float', 'Iq': 'float', 'Ref15': 'float', 'Ref25': 'float', 'Ref50': 'float', 'Ref120': 'float', 'VSM': 'int', 'PWM': 'int', 'InvSta': 'int', 'R1': 'int', 'R2': 'int', 'R3': 'int', 'R4': 'int', 'R5': 'int', 'R6': 'int', 'Run': 'int', 'SelfSens': 'int', 'DisSta': 'int', 'CommMode': 'int', 'RollCoun': 'int', 'EnaSta': 'int', 'BurstMod': 'int', 'KeySta': 'int', 'EnaLock': 'int', 'DirComm': 'int', 'BMSAct': 'int', 'BMSTLim': 'int', 'LimMaxRPM': 'int', 'LimHotSpot': 'int', 'LowRPMLim': 'int', 'LimCoolDer': 'int', 'LimStallBur': 'int', 'PostLo': 'int', 'PostHi': 'int', 'RunLo': 'int', 'RunHi': 'int', 'CommTorq': 'float', 'TorqFeed': 'float', 'PowOnTime': 'float', 'ModInd': 'float', 'FluxWeakOut': 'float', 'IdComm': 'float', 'IqComm': 'float', 'ProjCode': 'int', 'SWVer': 'int', 'MMDD': 'int', 'YYYY': 'int', 'DiagRec': 'int', 'DiagSeg': 'int', 'DiagGRes': 'float', 'DiagGObs': 'float', 'DiagSin': 'int', 'FTorqComm': 'float', 'FTorqFeed': 'float', 'FMotRPM': 'int', 'FDCVolt': 'float', 'ParRespAdd': 'int', 'ParRespWri': 'int', 'ParRespDat': 'int'}
Found: ['Time', 'Unnamed: 1', 'ModATemp', 'ModBTemp', 'ModCTemp', 'GateDriTemp', 'ContTemp', 'RTD1Temp', 'RTD2Temp', 'StallBurTemp', 'CoolTemp', 'HotSpotTemp', 'MotTemp', 'TorqShud', 'OilTemp', 'OilPres', 'AnIn4', 'AnIn5', 'AnIn6', 'DiIn1', 'DiIn2', 'DiIn3', 'DiIn4', 'DiIn5', 'DiIn6', 'DiIn7', 'DiIn8', 'MotAngElec', 'MotRPM', 'ElecOutFreq', ' DeltResFilt', 'PhaATemp', 'PhaBTemp', 'PhaCTemp', 'DCCurr', 'DCVolt', 'OutVolt', 'VABVd', 'VBCVq', 'Vdff', 'Vqff', 'Id', 'Iq', 'Ref15', 'Ref25', 'Ref50', 'Ref120', 'VSM', 'PWM', 'InvSta', 'R1', 'R2', 'R3', 'R4', 'R5', 'R6', 'Run', 'SelfSens', 'DisSta', 'CommMode', 'RollCoun', 'EnaSta', 'BurstMod', 'KeySta', 'EnaLock', 'DirComm', 'BMSAct', 'BMSTLim', 'LimMaxRPM', 'LimHotSpot', 'LowRPMLim', 'LimCoolDer', 'LimStallBur', 'PostLo', 'PostHi', 'RunLo', 'RunHi', 'CommTorq', 'TorqFeed', 'PowOnTime', 'ModInd', 'FluxWeakOut', 'IdComm', 'IqComm', 'ProjCode', 'SWVer', 'MMDD', 'YYYY', 'DiagRec', 'DiagSeg', 'DiagGRes', 'DiagGObs', 'DiagSin', 'FTorqComm', 'FTorqFeed', 'FMotRPM', 'FDCVolt', 'ParRespAdd', 'ParRespWri', 'ParRespDat']
NoneType: None
2025-04-20 21:50:34,239 - ERROR - Header mismatch for drive1_input.
Expected: {'Time': 'object', 'Unnamed: 1': 'float', 'TorqueComm': 'float', ' SpeedComm': 'int', ' DirectComm': 'int', ' InvEnable': 'int', ' InvDischarge': 'int', ' SpeedModeOn': 'int', ' RollingCount': 'int', ' TorqueLimitComm': 'float', ' ParaAdd': 'int', ' ParaRWComm': 'int', ' ParaData': 'int'}
Found: ['Time', 'Unnamed: 1', 'TorqueComm', ' SpeedComm', ' DirectComm', ' InvEnable', ' InvDischarge', ' SpeedModeOn', ' RollingCount', ' TorqueLimitComm', ' ParaAdd', 'ParaRWComm', 'ParaData ']
NoneType: None
2025-04-20 21:50:34,544 - ERROR - Header mismatch for drive1_input.
Expected: {'Time': 'object', 'Unnamed: 1': 'float', 'TorqueComm': 'float', ' SpeedComm': 'int', ' DirectComm': 'int', ' InvEnable': 'int', ' InvDischarge': 'int', ' SpeedModeOn': 'int', ' RollingCount': 'int', ' TorqueLimitComm': 'float', ' ParaAdd': 'int', ' ParaRWComm': 'int', ' ParaData': 'int'}
Found: ['Time', 'Unnamed: 1', 'TorqueComm', ' SpeedComm', ' DirectComm', ' InvEnable', ' InvDischarge', ' SpeedModeOn', ' RollingCount', ' TorqueLimitComm', ' ParaAdd', 'ParaRWComm', 'ParaData ']
NoneType: None
2025-04-20 21:50:34,880 - ERROR - Header mismatch for drive1_input.
Expected: {'Time': 'object', 'Unnamed: 1': 'float', 'TorqueComm': 'float', ' SpeedComm': 'int', ' DirectComm': 'int', ' InvEnable': 'int', ' InvDischarge': 'int', ' SpeedModeOn': 'int', ' RollingCount': 'int', ' TorqueLimitComm': 'float', ' ParaAdd': 'int', ' ParaRWComm': 'int', ' ParaData': 'int'}
Found: ['Time', 'Unnamed: 1', 'TorqueComm', ' SpeedComm', ' DirectComm', ' InvEnable', ' InvDischarge', ' SpeedModeOn', ' RollingCount', ' TorqueLimitComm', ' ParaAdd', 'ParaRWComm', 'ParaData ']
NoneType: None
2025-04-20 21:50:35,221 - ERROR - Header mismatch for drive1_input.
Expected: {'Time': 'object', 'Unnamed: 1': 'float', 'TorqueComm': 'float', ' SpeedComm': 'int', ' DirectComm': 'int', ' InvEnable': 'int', ' InvDischarge': 'int', ' SpeedModeOn': 'int', ' RollingCount': 'int', ' TorqueLimitComm': 'float', ' ParaAdd': 'int', ' ParaRWComm': 'int', ' ParaData': 'int'}
Found: ['Time', 'Unnamed: 1', 'TorqueComm', ' SpeedComm', ' DirectComm', ' InvEnable', ' InvDischarge', ' SpeedModeOn', ' RollingCount', ' TorqueLimitComm', ' ParaAdd', 'ParaRWComm', 'ParaData ']
NoneType: None
2025-04-20 21:50:35,547 - ERROR - Header mismatch for drive1_input.
Expected: {'Time': 'object', 'Unnamed: 1': 'float', 'TorqueComm': 'float', ' SpeedComm': 'int', ' DirectComm': 'int', ' InvEnable': 'int', ' InvDischarge': 'int', ' SpeedModeOn': 'int', ' RollingCount': 'int', ' TorqueLimitComm': 'float', ' ParaAdd': 'int', ' ParaRWComm': 'int', ' ParaData': 'int'}
Found: ['Time', 'Unnamed: 1', 'TorqueComm', ' SpeedComm', ' DirectComm', ' InvEnable', ' InvDischarge', ' SpeedModeOn', ' RollingCount', ' TorqueLimitComm', ' ParaAdd', 'ParaRWComm', 'ParaData ']
NoneType: None
2025-04-20 21:50:35,853 - ERROR - Header mismatch for drive1_input.
Expected: {'Time': 'object', 'Unnamed: 1': 'float', 'TorqueComm': 'float', ' SpeedComm': 'int', ' DirectComm': 'int', ' InvEnable': 'int', ' InvDischarge': 'int', ' SpeedModeOn': 'int', ' RollingCount': 'int', ' TorqueLimitComm': 'float', ' ParaAdd': 'int', ' ParaRWComm': 'int', ' ParaData': 'int'}
Found: ['Time', 'Unnamed: 1', 'TorqueComm', ' SpeedComm', ' DirectComm', ' InvEnable', ' InvDischarge', ' SpeedModeOn', ' RollingCount', ' TorqueLimitComm', ' ParaAdd', 'ParaRWComm', 'ParaData ']
NoneType: None
2025-04-20 21:50:36,166 - ERROR - Header mismatch for drive1_input.
Expected: {'Time': 'object', 'Unnamed: 1': 'float', 'TorqueComm': 'float', ' SpeedComm': 'int', ' DirectComm': 'int', ' InvEnable': 'int', ' InvDischarge': 'int', ' SpeedModeOn': 'int', ' RollingCount': 'int', ' TorqueLimitComm': 'float', ' ParaAdd': 'int', ' ParaRWComm': 'int', ' ParaData': 'int'}
Found: ['Time', 'Unnamed: 1', 'TorqueComm', ' SpeedComm', ' DirectComm', ' InvEnable', ' InvDischarge', ' SpeedModeOn', ' RollingCount', ' TorqueLimitComm', ' ParaAdd', 'ParaRWComm', 'ParaData ']
NoneType: None
2025-04-20 21:50:36,777 - ERROR - Header mismatch for drive1_input.
Expected: {'Time': 'object', 'Unnamed: 1': 'float', 'TorqueComm': 'float', ' SpeedComm': 'int', ' DirectComm': 'int', ' InvEnable': 'int', ' InvDischarge': 'int', ' SpeedModeOn': 'int', ' RollingCount': 'int', ' TorqueLimitComm': 'float', ' ParaAdd': 'int', ' ParaRWComm': 'int', ' ParaData': 'int'}
Found: ['Time', 'Unnamed: 1', 'TorqueComm', ' SpeedComm', ' DirectComm', ' InvEnable', ' InvDischarge', ' SpeedModeOn', ' RollingCount', ' TorqueLimitComm', ' ParaAdd', 'ParaRWComm', 'ParaData ']
NoneType: None
2025-04-20 21:50:37,155 - ERROR - Header mismatch for drive1_input.
Expected: {'Time': 'object', 'Unnamed: 1': 'float', 'TorqueComm': 'float', ' SpeedComm': 'int', ' DirectComm': 'int', ' InvEnable': 'int', ' InvDischarge': 'int', ' SpeedModeOn': 'int', ' RollingCount': 'int', ' TorqueLimitComm': 'float', ' ParaAdd': 'int', ' ParaRWComm': 'int', ' ParaData': 'int'}
Found: ['Time', 'Unnamed: 1', 'TorqueComm', ' SpeedComm', ' DirectComm', ' InvEnable', ' InvDischarge', ' SpeedModeOn', ' RollingCount', ' TorqueLimitComm', ' ParaAdd', 'ParaRWComm', 'ParaData ']
NoneType: None
2025-04-20 21:50:37,440 - ERROR - Header mismatch for drive1_input.
Expected: {'Time': 'object', 'Unnamed: 1': 'float', 'TorqueComm': 'float', ' SpeedComm': 'int', ' DirectComm': 'int', ' InvEnable': 'int', ' InvDischarge': 'int', ' SpeedModeOn': 'int', ' RollingCount': 'int', ' TorqueLimitComm': 'float', ' ParaAdd': 'int', ' ParaRWComm': 'int', ' ParaData': 'int'}
Found: ['Time', 'Unnamed: 1', 'TorqueComm', ' SpeedComm', ' DirectComm', ' InvEnable', ' InvDischarge', ' SpeedModeOn', ' RollingCount', ' TorqueLimitComm', ' ParaAdd', 'ParaRWComm', 'ParaData ']
NoneType: None
2025-04-20 21:50:37,766 - ERROR - Header mismatch for drive1_input.
Expected: {'Time': 'object', 'Unnamed: 1': 'float', 'TorqueComm': 'float', ' SpeedComm': 'int', ' DirectComm': 'int', ' InvEnable': 'int', ' InvDischarge': 'int', ' SpeedModeOn': 'int', ' RollingCount': 'int', ' TorqueLimitComm': 'float', ' ParaAdd': 'int', ' ParaRWComm': 'int', ' ParaData': 'int'}
Found: ['Time', 'Unnamed: 1', 'TorqueComm', ' SpeedComm', ' DirectComm', ' InvEnable', ' InvDischarge', ' SpeedModeOn', ' RollingCount', ' TorqueLimitComm', ' ParaAdd', 'ParaRWComm', 'ParaData ']
NoneType: None
2025-04-20 21:50:38,048 - ERROR - Header mismatch for drive1_input.
Expected: {'Time': 'object', 'Unnamed: 1': 'float', 'TorqueComm': 'float', ' SpeedComm': 'int', ' DirectComm': 'int', ' InvEnable': 'int', ' InvDischarge': 'int', ' SpeedModeOn': 'int', ' RollingCount': 'int', ' TorqueLimitComm': 'float', ' ParaAdd': 'int', ' ParaRWComm': 'int', ' ParaData': 'int'}
Found: ['Time', 'Unnamed: 1', 'TorqueComm', ' SpeedComm', ' DirectComm', ' InvEnable', ' InvDischarge', ' SpeedModeOn', ' RollingCount', ' TorqueLimitComm', ' ParaAdd', 'ParaRWComm', 'ParaData ']
NoneType: None
2025-04-20 21:50:38,327 - ERROR - Header mismatch for drive1_input.
Expected: {'Time': 'object', 'Unnamed: 1': 'float', 'TorqueComm': 'float', ' SpeedComm': 'int', ' DirectComm': 'int', ' InvEnable': 'int', ' InvDischarge': 'int', ' SpeedModeOn': 'int', ' RollingCount': 'int', ' TorqueLimitComm': 'float', ' ParaAdd': 'int', ' ParaRWComm': 'int', ' ParaData': 'int'}
Found: ['Time', 'Unnamed: 1', 'TorqueComm', ' SpeedComm', ' DirectComm', ' InvEnable', ' InvDischarge', ' SpeedModeOn', ' RollingCount', ' TorqueLimitComm', ' ParaAdd', 'ParaRWComm', 'ParaData ']
NoneType: None
2025-04-20 21:50:39,471 - ERROR - Header mismatch for drive2.
Expected: {'Time': 'object', 'Unnamed: 1': 'float', 'ModATemp': 'float', 'ModBTemp': 'float', 'ModCTemp': 'float', 'GateDriTemp': 'float', 'ContTemp': 'float', 'RTD1Temp': 'float', 'RTD2Temp': 'float', 'StallBurTemp': 'float', 'CoolTemp': 'float', 'HotSpotTemp': 'float', 'MotTemp': 'float', 'TorqShud': 'float', 'OilTemp': 'float', 'OilPres': 'float', 'AnIn4': 'float', 'AnIn5': 'float', 'AnIn6': 'float', 'DiIn1': 'int', 'DiIn2': 'int', 'DiIn3': 'int', 'DiIn4': 'int', 'DiIn5': 'int', 'DiIn6': 'int', 'DiIn7': 'int', 'DiIn8': 'int', 'MotAngElec': 'float', 'MotRPM': 'int', 'ElecOutFreq': 'float', 'DeltResFilt': 'float', 'PhaATemp': 'float', 'PhaBTemp': 'float', 'PhaCTemp': 'float', 'DCCurr': 'float', 'DCVolt': 'float', 'OutVolt': 'float', 'VABVd': 'float', 'VBCVq': 'float', 'Vdff': 'float', 'Vqff': 'float', 'Id': 'float', 'Iq': 'float', 'Ref15': 'float', 'Ref25': 'float', 'Ref50': 'float', 'Ref120': 'float', 'VSM': 'int', 'PWM': 'int', 'InvSta': 'int', 'R1': 'int', 'R2': 'int', 'R3': 'int', 'R4': 'int', 'R5': 'int', 'R6': 'int', 'Run': 'int', 'SelfSens': 'int', 'DisSta': 'int', 'CommMode': 'int', 'RollCoun': 'int', 'EnaSta': 'int', 'BurstMod': 'int', 'KeySta': 'int', 'EnaLock': 'int', 'DirComm': 'int', 'BMSAct': 'int', 'BMSTLim': 'int', 'LimMaxRPM': 'int', 'LimHotSpot': 'int', 'LowRPMLim': 'int', 'LimCoolDer': 'int', 'LimStallBur': 'int', 'PostLo': 'int', 'PostHi': 'int', 'RunLo': 'int', 'RunHi': 'int', 'CommTorq': 'float', 'TorqFeed': 'float', 'PowOnTime': 'float', 'ModInd': 'float', 'FluxWeakOut': 'float', 'IdComm': 'float', 'IqComm': 'float', 'ProjCode': 'int', 'SWVer': 'int', 'MMDD': 'int', 'YYYY': 'int', 'DiagRec': 'int', 'DiagSeg': 'int', 'DiagGRes': 'float', 'DiagGObs': 'float', 'DiagSin': 'int', 'FTorqComm': 'float', 'FTorqFeed': 'float', 'FMotRPM': 'int', 'FDCVolt': 'float', 'ParRespAdd': 'int', 'ParRespWri': 'int', 'ParRespDat': 'int'}
Found: ['Time', 'Unnamed: 1', 'ModATemp', 'ModBTemp', 'ModCTemp', 'GateDriTemp', 'ContTemp', 'RTD1Temp', 'RTD2Temp', 'StallBurTemp', 'CoolTemp', 'HotSpotTemp', 'MotTemp', 'TorqShud', 'OilTemp', 'OilPres', 'AnIn4', 'AnIn5', 'AnIn6', 'DiIn1', 'DiIn2', 'DiIn3', 'DiIn4', 'DiIn5', 'DiIn6', 'DiIn7', 'DiIn8', 'MotAngElec', 'MotRPM', 'ElecOutFreq', ' DeltResFilt', 'PhaATemp', 'PhaBTemp', 'PhaCTemp', 'DCCurr', 'DCVolt', 'OutVolt', 'VABVd', 'VBCVq', 'Vdff', 'Vqff', 'Id', 'Iq', 'Ref15', 'Ref25', 'Ref50', 'Ref120', 'VSM', 'PWM', 'InvSta', 'R1', 'R2', 'R3', 'R4', 'R5', 'R6', 'Run', 'SelfSens', 'DisSta', 'CommMode', 'RollCoun', 'EnaSta', 'BurstMod', 'KeySta', 'EnaLock', 'DirComm', 'BMSAct', 'BMSTLim', 'LimMaxRPM', 'LimHotSpot', 'LowRPMLim', 'LimCoolDer', 'LimStallBur', 'PostLo', 'PostHi', 'RunLo', 'RunHi', 'CommTorq', 'TorqFeed', 'PowOnTime', 'ModInd', 'FluxWeakOut', 'IdComm', 'IqComm', 'ProjCode', 'SWVer', 'MMDD', 'YYYY', 'DiagRec', 'DiagSeg', 'DiagGRes', 'DiagGObs', 'DiagSin', 'FTorqComm', 'FTorqFeed', 'FMotRPM', 'FDCVolt', 'ParRespAdd', 'ParRespWri', 'ParRespDat']
NoneType: None
2025-04-20 21:50:41,046 - ERROR - Header mismatch for drive2.
Expected: {'Time': 'object', 'Unnamed: 1': 'float', 'ModATemp': 'float', 'ModBTemp': 'float', 'ModCTemp': 'float', 'GateDriTemp': 'float', 'ContTemp': 'float', 'RTD1Temp': 'float', 'RTD2Temp': 'float', 'StallBurTemp': 'float', 'CoolTemp': 'float', 'HotSpotTemp': 'float', 'MotTemp': 'float', 'TorqShud': 'float', 'OilTemp': 'float', 'OilPres': 'float', 'AnIn4': 'float', 'AnIn5': 'float', 'AnIn6': 'float', 'DiIn1': 'int', 'DiIn2': 'int', 'DiIn3': 'int', 'DiIn4': 'int', 'DiIn5': 'int', 'DiIn6': 'int', 'DiIn7': 'int', 'DiIn8': 'int', 'MotAngElec': 'float', 'MotRPM': 'int', 'ElecOutFreq': 'float', 'DeltResFilt': 'float', 'PhaATemp': 'float', 'PhaBTemp': 'float', 'PhaCTemp': 'float', 'DCCurr': 'float', 'DCVolt': 'float', 'OutVolt': 'float', 'VABVd': 'float', 'VBCVq': 'float', 'Vdff': 'float', 'Vqff': 'float', 'Id': 'float', 'Iq': 'float', 'Ref15': 'float', 'Ref25': 'float', 'Ref50': 'float', 'Ref120': 'float', 'VSM': 'int', 'PWM': 'int', 'InvSta': 'int', 'R1': 'int', 'R2': 'int', 'R3': 'int', 'R4': 'int', 'R5': 'int', 'R6': 'int', 'Run': 'int', 'SelfSens': 'int', 'DisSta': 'int', 'CommMode': 'int', 'RollCoun': 'int', 'EnaSta': 'int', 'BurstMod': 'int', 'KeySta': 'int', 'EnaLock': 'int', 'DirComm': 'int', 'BMSAct': 'int', 'BMSTLim': 'int', 'LimMaxRPM': 'int', 'LimHotSpot': 'int', 'LowRPMLim': 'int', 'LimCoolDer': 'int', 'LimStallBur': 'int', 'PostLo': 'int', 'PostHi': 'int', 'RunLo': 'int', 'RunHi': 'int', 'CommTorq': 'float', 'TorqFeed': 'float', 'PowOnTime': 'float', 'ModInd': 'float', 'FluxWeakOut': 'float', 'IdComm': 'float', 'IqComm': 'float', 'ProjCode': 'int', 'SWVer': 'int', 'MMDD': 'int', 'YYYY': 'int', 'DiagRec': 'int', 'DiagSeg': 'int', 'DiagGRes': 'float', 'DiagGObs': 'float', 'DiagSin': 'int', 'FTorqComm': 'float', 'FTorqFeed': 'float', 'FMotRPM': 'int', 'FDCVolt': 'float', 'ParRespAdd': 'int', 'ParRespWri': 'int', 'ParRespDat': 'int'}
Found: ['Time', 'Unnamed: 1', 'ModATemp', 'ModBTemp', 'ModCTemp', 'GateDriTemp', 'ContTemp', 'RTD1Temp', 'RTD2Temp', 'StallBurTemp', 'CoolTemp', 'HotSpotTemp', 'MotTemp', 'TorqShud', 'OilTemp', 'OilPres', 'AnIn4', 'AnIn5', 'AnIn6', 'DiIn1', 'DiIn2', 'DiIn3', 'DiIn4', 'DiIn5', 'DiIn6', 'DiIn7', 'DiIn8', 'MotAngElec', 'MotRPM', 'ElecOutFreq', ' DeltResFilt', 'PhaATemp', 'PhaBTemp', 'PhaCTemp', 'DCCurr', 'DCVolt', 'OutVolt', 'VABVd', 'VBCVq', 'Vdff', 'Vqff', 'Id', 'Iq', 'Ref15', 'Ref25', 'Ref50', 'Ref120', 'VSM', 'PWM', 'InvSta', 'R1', 'R2', 'R3', 'R4', 'R5', 'R6', 'Run', 'SelfSens', 'DisSta', 'CommMode', 'RollCoun', 'EnaSta', 'BurstMod', 'KeySta', 'EnaLock', 'DirComm', 'BMSAct', 'BMSTLim', 'LimMaxRPM', 'LimHotSpot', 'LowRPMLim', 'LimCoolDer', 'LimStallBur', 'PostLo', 'PostHi', 'RunLo', 'RunHi', 'CommTorq', 'TorqFeed', 'PowOnTime', 'ModInd', 'FluxWeakOut', 'IdComm', 'IqComm', 'ProjCode', 'SWVer', 'MMDD', 'YYYY', 'DiagRec', 'DiagSeg', 'DiagGRes', 'DiagGObs', 'DiagSin', 'FTorqComm', 'FTorqFeed', 'FMotRPM', 'FDCVolt', 'ParRespAdd', 'ParRespWri', 'ParRespDat']
NoneType: None
2025-04-20 21:50:42,692 - ERROR - Header mismatch for drive2.
Expected: {'Time': 'object', 'Unnamed: 1': 'float', 'ModATemp': 'float', 'ModBTemp': 'float', 'ModCTemp': 'float', 'GateDriTemp': 'float', 'ContTemp': 'float', 'RTD1Temp': 'float', 'RTD2Temp': 'float', 'StallBurTemp': 'float', 'CoolTemp': 'float', 'HotSpotTemp': 'float', 'MotTemp': 'float', 'TorqShud': 'float', 'OilTemp': 'float', 'OilPres': 'float', 'AnIn4': 'float', 'AnIn5': 'float', 'AnIn6': 'float', 'DiIn1': 'int', 'DiIn2': 'int', 'DiIn3': 'int', 'DiIn4': 'int', 'DiIn5': 'int', 'DiIn6': 'int', 'DiIn7': 'int', 'DiIn8': 'int', 'MotAngElec': 'float', 'MotRPM': 'int', 'ElecOutFreq': 'float', 'DeltResFilt': 'float', 'PhaATemp': 'float', 'PhaBTemp': 'float', 'PhaCTemp': 'float', 'DCCurr': 'float', 'DCVolt': 'float', 'OutVolt': 'float', 'VABVd': 'float', 'VBCVq': 'float', 'Vdff': 'float', 'Vqff': 'float', 'Id': 'float', 'Iq': 'float', 'Ref15': 'float', 'Ref25': 'float', 'Ref50': 'float', 'Ref120': 'float', 'VSM': 'int', 'PWM': 'int', 'InvSta': 'int', 'R1': 'int', 'R2': 'int', 'R3': 'int', 'R4': 'int', 'R5': 'int', 'R6': 'int', 'Run': 'int', 'SelfSens': 'int', 'DisSta': 'int', 'CommMode': 'int', 'RollCoun': 'int', 'EnaSta': 'int', 'BurstMod': 'int', 'KeySta': 'int', 'EnaLock': 'int', 'DirComm': 'int', 'BMSAct': 'int', 'BMSTLim': 'int', 'LimMaxRPM': 'int', 'LimHotSpot': 'int', 'LowRPMLim': 'int', 'LimCoolDer': 'int', 'LimStallBur': 'int', 'PostLo': 'int', 'PostHi': 'int', 'RunLo': 'int', 'RunHi': 'int', 'CommTorq': 'float', 'TorqFeed': 'float', 'PowOnTime': 'float', 'ModInd': 'float', 'FluxWeakOut': 'float', 'IdComm': 'float', 'IqComm': 'float', 'ProjCode': 'int', 'SWVer': 'int', 'MMDD': 'int', 'YYYY': 'int', 'DiagRec': 'int', 'DiagSeg': 'int', 'DiagGRes': 'float', 'DiagGObs': 'float', 'DiagSin': 'int', 'FTorqComm': 'float', 'FTorqFeed': 'float', 'FMotRPM': 'int', 'FDCVolt': 'float', 'ParRespAdd': 'int', 'ParRespWri': 'int', 'ParRespDat': 'int'}
Found: ['Time', 'Unnamed: 1', 'ModATemp', 'ModBTemp', 'ModCTemp', 'GateDriTemp', 'ContTemp', 'RTD1Temp', 'RTD2Temp', 'StallBurTemp', 'CoolTemp', 'HotSpotTemp', 'MotTemp', 'TorqShud', 'OilTemp', 'OilPres', 'AnIn4', 'AnIn5', 'AnIn6', 'DiIn1', 'DiIn2', 'DiIn3', 'DiIn4', 'DiIn5', 'DiIn6', 'DiIn7', 'DiIn8', 'MotAngElec', 'MotRPM', 'ElecOutFreq', ' DeltResFilt', 'PhaATemp', 'PhaBTemp', 'PhaCTemp', 'DCCurr', 'DCVolt', 'OutVolt', 'VABVd', 'VBCVq', 'Vdff', 'Vqff', 'Id', 'Iq', 'Ref15', 'Ref25', 'Ref50', 'Ref120', 'VSM', 'PWM', 'InvSta', 'R1', 'R2', 'R3', 'R4', 'R5', 'R6', 'Run', 'SelfSens', 'DisSta', 'CommMode', 'RollCoun', 'EnaSta', 'BurstMod', 'KeySta', 'EnaLock', 'DirComm', 'BMSAct', 'BMSTLim', 'LimMaxRPM', 'LimHotSpot', 'LowRPMLim', 'LimCoolDer', 'LimStallBur', 'PostLo', 'PostHi', 'RunLo', 'RunHi', 'CommTorq', 'TorqFeed', 'PowOnTime', 'ModInd', 'FluxWeakOut', 'IdComm', 'IqComm', 'ProjCode', 'SWVer', 'MMDD', 'YYYY', 'DiagRec', 'DiagSeg', 'DiagGRes', 'DiagGObs', 'DiagSin', 'FTorqComm', 'FTorqFeed', 'FMotRPM', 'FDCVolt', 'ParRespAdd', 'ParRespWri', 'ParRespDat']
NoneType: None
2025-04-20 21:50:43,536 - ERROR - Header mismatch for drive2.
Expected: {'Time': 'object', 'Unnamed: 1': 'float', 'ModATemp': 'float', 'ModBTemp': 'float', 'ModCTemp': 'float', 'GateDriTemp': 'float', 'ContTemp': 'float', 'RTD1Temp': 'float', 'RTD2Temp': 'float', 'StallBurTemp': 'float', 'CoolTemp': 'float', 'HotSpotTemp': 'float', 'MotTemp': 'float', 'TorqShud': 'float', 'OilTemp': 'float', 'OilPres': 'float', 'AnIn4': 'float', 'AnIn5': 'float', 'AnIn6': 'float', 'DiIn1': 'int', 'DiIn2': 'int', 'DiIn3': 'int', 'DiIn4': 'int', 'DiIn5': 'int', 'DiIn6': 'int', 'DiIn7': 'int', 'DiIn8': 'int', 'MotAngElec': 'float', 'MotRPM': 'int', 'ElecOutFreq': 'float', 'DeltResFilt': 'float', 'PhaATemp': 'float', 'PhaBTemp': 'float', 'PhaCTemp': 'float', 'DCCurr': 'float', 'DCVolt': 'float', 'OutVolt': 'float', 'VABVd': 'float', 'VBCVq': 'float', 'Vdff': 'float', 'Vqff': 'float', 'Id': 'float', 'Iq': 'float', 'Ref15': 'float', 'Ref25': 'float', 'Ref50': 'float', 'Ref120': 'float', 'VSM': 'int', 'PWM': 'int', 'InvSta': 'int', 'R1': 'int', 'R2': 'int', 'R3': 'int', 'R4': 'int', 'R5': 'int', 'R6': 'int', 'Run': 'int', 'SelfSens': 'int', 'DisSta': 'int', 'CommMode': 'int', 'RollCoun': 'int', 'EnaSta': 'int', 'BurstMod': 'int', 'KeySta': 'int', 'EnaLock': 'int', 'DirComm': 'int', 'BMSAct': 'int', 'BMSTLim': 'int', 'LimMaxRPM': 'int', 'LimHotSpot': 'int', 'LowRPMLim': 'int', 'LimCoolDer': 'int', 'LimStallBur': 'int', 'PostLo': 'int', 'PostHi': 'int', 'RunLo': 'int', 'RunHi': 'int', 'CommTorq': 'float', 'TorqFeed': 'float', 'PowOnTime': 'float', 'ModInd': 'float', 'FluxWeakOut': 'float', 'IdComm': 'float', 'IqComm': 'float', 'ProjCode': 'int', 'SWVer': 'int', 'MMDD': 'int', 'YYYY': 'int', 'DiagRec': 'int', 'DiagSeg': 'int', 'DiagGRes': 'float', 'DiagGObs': 'float', 'DiagSin': 'int', 'FTorqComm': 'float', 'FTorqFeed': 'float', 'FMotRPM': 'int', 'FDCVolt': 'float', 'ParRespAdd': 'int', 'ParRespWri': 'int', 'ParRespDat': 'int'}
Found: ['Time', ' ', 'ModATemp', 'ModBTemp', 'ModCTemp', 'GateDriTemp', 'ContTemp', 'RTD1Temp', 'RTD2Temp', 'StallBurTemp', 'CoolTemp', 'HotSpotTemp', 'MotTemp', 'TorqShud', 'OilTemp', 'OilPres', 'AnIn4', 'AnIn5', 'AnIn6', 'DiIn1', 'DiIn2', 'DiIn3', 'DiIn4', 'DiIn5', 'DiIn6', 'DiIn7', 'DiIn8', 'MotAngElec', 'MotRPM', 'ElecOutFreq', ' DeltResFilt', 'PhaATemp', 'PhaBTemp', 'PhaCTemp', 'DCCurr', 'DCVolt', 'OutVolt', 'VABVd', 'VBCVq', 'Vdff', 'Vqff', 'Id', 'Iq', 'Ref15', 'Ref25', 'Ref50', 'Ref120', 'VSM', 'PWM', 'InvSta', 'R1', 'R2', 'R3', 'R4', 'R5', 'R6', 'Run', 'SelfSens', 'DisSta', 'CommMode', 'RollCoun', 'EnaSta', 'BurstMod', 'KeySta', 'EnaLock', 'DirComm', 'BMSAct', 'BMSTLim', 'LimMaxRPM', 'LimHotSpot', 'LowRPMLim', 'LimCoolDer', 'LimStallBur', 'PostLo', 'PostHi', 'RunLo', 'RunHi', 'CommTorq', 'TorqFeed', 'PowOnTime', 'ModInd', 'FluxWeakOut', 'IdComm', 'IqComm', 'ProjCode', 'SWVer', 'MMDD', 'YYYY', 'DiagRec', 'DiagSeg', 'DiagGRes', 'DiagGObs', 'DiagSin', 'FTorqComm', 'FTorqFeed', 'FMotRPM', 'FDCVolt', 'ParRespAdd', 'ParRespWri', 'ParRespDat']
NoneType: None
2025-04-20 21:50:44,777 - ERROR - Header mismatch for drive2.
Expected: {'Time': 'object', 'Unnamed: 1': 'float', 'ModATemp': 'float', 'ModBTemp': 'float', 'ModCTemp': 'float', 'GateDriTemp': 'float', 'ContTemp': 'float', 'RTD1Temp': 'float', 'RTD2Temp': 'float', 'StallBurTemp': 'float', 'CoolTemp': 'float', 'HotSpotTemp': 'float', 'MotTemp': 'float', 'TorqShud': 'float', 'OilTemp': 'float', 'OilPres': 'float', 'AnIn4': 'float', 'AnIn5': 'float', 'AnIn6': 'float', 'DiIn1': 'int', 'DiIn2': 'int', 'DiIn3': 'int', 'DiIn4': 'int', 'DiIn5': 'int', 'DiIn6': 'int', 'DiIn7': 'int', 'DiIn8': 'int', 'MotAngElec': 'float', 'MotRPM': 'int', 'ElecOutFreq': 'float', 'DeltResFilt': 'float', 'PhaATemp': 'float', 'PhaBTemp': 'float', 'PhaCTemp': 'float', 'DCCurr': 'float', 'DCVolt': 'float', 'OutVolt': 'float', 'VABVd': 'float', 'VBCVq': 'float', 'Vdff': 'float', 'Vqff': 'float', 'Id': 'float', 'Iq': 'float', 'Ref15': 'float', 'Ref25': 'float', 'Ref50': 'float', 'Ref120': 'float', 'VSM': 'int', 'PWM': 'int', 'InvSta': 'int', 'R1': 'int', 'R2': 'int', 'R3': 'int', 'R4': 'int', 'R5': 'int', 'R6': 'int', 'Run': 'int', 'SelfSens': 'int', 'DisSta': 'int', 'CommMode': 'int', 'RollCoun': 'int', 'EnaSta': 'int', 'BurstMod': 'int', 'KeySta': 'int', 'EnaLock': 'int', 'DirComm': 'int', 'BMSAct': 'int', 'BMSTLim': 'int', 'LimMaxRPM': 'int', 'LimHotSpot': 'int', 'LowRPMLim': 'int', 'LimCoolDer': 'int', 'LimStallBur': 'int', 'PostLo': 'int', 'PostHi': 'int', 'RunLo': 'int', 'RunHi': 'int', 'CommTorq': 'float', 'TorqFeed': 'float', 'PowOnTime': 'float', 'ModInd': 'float', 'FluxWeakOut': 'float', 'IdComm': 'float', 'IqComm': 'float', 'ProjCode': 'int', 'SWVer': 'int', 'MMDD': 'int', 'YYYY': 'int', 'DiagRec': 'int', 'DiagSeg': 'int', 'DiagGRes': 'float', 'DiagGObs': 'float', 'DiagSin': 'int', 'FTorqComm': 'float', 'FTorqFeed': 'float', 'FMotRPM': 'int', 'FDCVolt': 'float', 'ParRespAdd': 'int', 'ParRespWri': 'int', 'ParRespDat': 'int'}
Found: ['Time', ' ', 'ModATemp', 'ModBTemp', 'ModCTemp', 'GateDriTemp', 'ContTemp', 'RTD1Temp', 'RTD2Temp', 'StallBurTemp', 'CoolTemp', 'HotSpotTemp', 'MotTemp', 'TorqShud', 'OilTemp', 'OilPres', 'AnIn4', 'AnIn5', 'AnIn6', 'DiIn1', 'DiIn2', 'DiIn3', 'DiIn4', 'DiIn5', 'DiIn6', 'DiIn7', 'DiIn8', 'MotAngElec', 'MotRPM', 'ElecOutFreq', ' DeltResFilt', 'PhaATemp', 'PhaBTemp', 'PhaCTemp', 'DCCurr', 'DCVolt', 'OutVolt', 'VABVd', 'VBCVq', 'Vdff', 'Vqff', 'Id', 'Iq', 'Ref15', 'Ref25', 'Ref50', 'Ref120', 'VSM', 'PWM', 'InvSta', 'R1', 'R2', 'R3', 'R4', 'R5', 'R6', 'Run', 'SelfSens', 'DisSta', 'CommMode', 'RollCoun', 'EnaSta', 'BurstMod', 'KeySta', 'EnaLock', 'DirComm', 'BMSAct', 'BMSTLim', 'LimMaxRPM', 'LimHotSpot', 'LowRPMLim', 'LimCoolDer', 'LimStallBur', 'PostLo', 'PostHi', 'RunLo', 'RunHi', 'CommTorq', 'TorqFeed', 'PowOnTime', 'ModInd', 'FluxWeakOut', 'IdComm', 'IqComm', 'ProjCode', 'SWVer', 'MMDD', 'YYYY', 'DiagRec', 'DiagSeg', 'DiagGRes', 'DiagGObs', 'DiagSin', 'FTorqComm', 'FTorqFeed', 'FMotRPM', 'FDCVolt', 'ParRespAdd', 'ParRespWri', 'ParRespDat']
NoneType: None
2025-04-20 21:50:46,312 - ERROR - Header mismatch for drive2.
Expected: {'Time': 'object', 'Unnamed: 1': 'float', 'ModATemp': 'float', 'ModBTemp': 'float', 'ModCTemp': 'float', 'GateDriTemp': 'float', 'ContTemp': 'float', 'RTD1Temp': 'float', 'RTD2Temp': 'float', 'StallBurTemp': 'float', 'CoolTemp': 'float', 'HotSpotTemp': 'float', 'MotTemp': 'float', 'TorqShud': 'float', 'OilTemp': 'float', 'OilPres': 'float', 'AnIn4': 'float', 'AnIn5': 'float', 'AnIn6': 'float', 'DiIn1': 'int', 'DiIn2': 'int', 'DiIn3': 'int', 'DiIn4': 'int', 'DiIn5': 'int', 'DiIn6': 'int', 'DiIn7': 'int', 'DiIn8': 'int', 'MotAngElec': 'float', 'MotRPM': 'int', 'ElecOutFreq': 'float', 'DeltResFilt': 'float', 'PhaATemp': 'float', 'PhaBTemp': 'float', 'PhaCTemp': 'float', 'DCCurr': 'float', 'DCVolt': 'float', 'OutVolt': 'float', 'VABVd': 'float', 'VBCVq': 'float', 'Vdff': 'float', 'Vqff': 'float', 'Id': 'float', 'Iq': 'float', 'Ref15': 'float', 'Ref25': 'float', 'Ref50': 'float', 'Ref120': 'float', 'VSM': 'int', 'PWM': 'int', 'InvSta': 'int', 'R1': 'int', 'R2': 'int', 'R3': 'int', 'R4': 'int', 'R5': 'int', 'R6': 'int', 'Run': 'int', 'SelfSens': 'int', 'DisSta': 'int', 'CommMode': 'int', 'RollCoun': 'int', 'EnaSta': 'int', 'BurstMod': 'int', 'KeySta': 'int', 'EnaLock': 'int', 'DirComm': 'int', 'BMSAct': 'int', 'BMSTLim': 'int', 'LimMaxRPM': 'int', 'LimHotSpot': 'int', 'LowRPMLim': 'int', 'LimCoolDer': 'int', 'LimStallBur': 'int', 'PostLo': 'int', 'PostHi': 'int', 'RunLo': 'int', 'RunHi': 'int', 'CommTorq': 'float', 'TorqFeed': 'float', 'PowOnTime': 'float', 'ModInd': 'float', 'FluxWeakOut': 'float', 'IdComm': 'float', 'IqComm': 'float', 'ProjCode': 'int', 'SWVer': 'int', 'MMDD': 'int', 'YYYY': 'int', 'DiagRec': 'int', 'DiagSeg': 'int', 'DiagGRes': 'float', 'DiagGObs': 'float', 'DiagSin': 'int', 'FTorqComm': 'float', 'FTorqFeed': 'float', 'FMotRPM': 'int', 'FDCVolt': 'float', 'ParRespAdd': 'int', 'ParRespWri': 'int', 'ParRespDat': 'int'}
Found: ['Time', ' ', 'ModATemp', 'ModBTemp', 'ModCTemp', 'GateDriTemp', 'ContTemp', 'RTD1Temp', 'RTD2Temp', 'StallBurTemp', 'CoolTemp', 'HotSpotTemp', 'MotTemp', 'TorqShud', 'OilTemp', 'OilPres', 'AnIn4', 'AnIn5', 'AnIn6', 'DiIn1', 'DiIn2', 'DiIn3', 'DiIn4', 'DiIn5', 'DiIn6', 'DiIn7', 'DiIn8', 'MotAngElec', 'MotRPM', 'ElecOutFreq', ' DeltResFilt', 'PhaATemp', 'PhaBTemp', 'PhaCTemp', 'DCCurr', 'DCVolt', 'OutVolt', 'VABVd', 'VBCVq', 'Vdff', 'Vqff', 'Id', 'Iq', 'Ref15', 'Ref25', 'Ref50', 'Ref120', 'VSM', 'PWM', 'InvSta', 'R1', 'R2', 'R3', 'R4', 'R5', 'R6', 'Run', 'SelfSens', 'DisSta', 'CommMode', 'RollCoun', 'EnaSta', 'BurstMod', 'KeySta', 'EnaLock', 'DirComm', 'BMSAct', 'BMSTLim', 'LimMaxRPM', 'LimHotSpot', 'LowRPMLim', 'LimCoolDer', 'LimStallBur', 'PostLo', 'PostHi', 'RunLo', 'RunHi', 'CommTorq', 'TorqFeed', 'PowOnTime', 'ModInd', 'FluxWeakOut', 'IdComm', 'IqComm', 'ProjCode', 'SWVer', 'MMDD', 'YYYY', 'DiagRec', 'DiagSeg', 'DiagGRes', 'DiagGObs', 'DiagSin', 'FTorqComm', 'FTorqFeed', 'FMotRPM', 'FDCVolt', 'ParRespAdd', 'ParRespWri', 'ParRespDat']
NoneType: None
2025-04-20 21:50:47,621 - ERROR - Header mismatch for drive2.
Expected: {'Time': 'object', 'Unnamed: 1': 'float', 'ModATemp': 'float', 'ModBTemp': 'float', 'ModCTemp': 'float', 'GateDriTemp': 'float', 'ContTemp': 'float', 'RTD1Temp': 'float', 'RTD2Temp': 'float', 'StallBurTemp': 'float', 'CoolTemp': 'float', 'HotSpotTemp': 'float', 'MotTemp': 'float', 'TorqShud': 'float', 'OilTemp': 'float', 'OilPres': 'float', 'AnIn4': 'float', 'AnIn5': 'float', 'AnIn6': 'float', 'DiIn1': 'int', 'DiIn2': 'int', 'DiIn3': 'int', 'DiIn4': 'int', 'DiIn5': 'int', 'DiIn6': 'int', 'DiIn7': 'int', 'DiIn8': 'int', 'MotAngElec': 'float', 'MotRPM': 'int', 'ElecOutFreq': 'float', 'DeltResFilt': 'float', 'PhaATemp': 'float', 'PhaBTemp': 'float', 'PhaCTemp': 'float', 'DCCurr': 'float', 'DCVolt': 'float', 'OutVolt': 'float', 'VABVd': 'float', 'VBCVq': 'float', 'Vdff': 'float', 'Vqff': 'float', 'Id': 'float', 'Iq': 'float', 'Ref15': 'float', 'Ref25': 'float', 'Ref50': 'float', 'Ref120': 'float', 'VSM': 'int', 'PWM': 'int', 'InvSta': 'int', 'R1': 'int', 'R2': 'int', 'R3': 'int', 'R4': 'int', 'R5': 'int', 'R6': 'int', 'Run': 'int', 'SelfSens': 'int', 'DisSta': 'int', 'CommMode': 'int', 'RollCoun': 'int', 'EnaSta': 'int', 'BurstMod': 'int', 'KeySta': 'int', 'EnaLock': 'int', 'DirComm': 'int', 'BMSAct': 'int', 'BMSTLim': 'int', 'LimMaxRPM': 'int', 'LimHotSpot': 'int', 'LowRPMLim': 'int', 'LimCoolDer': 'int', 'LimStallBur': 'int', 'PostLo': 'int', 'PostHi': 'int', 'RunLo': 'int', 'RunHi': 'int', 'CommTorq': 'float', 'TorqFeed': 'float', 'PowOnTime': 'float', 'ModInd': 'float', 'FluxWeakOut': 'float', 'IdComm': 'float', 'IqComm': 'float', 'ProjCode': 'int', 'SWVer': 'int', 'MMDD': 'int', 'YYYY': 'int', 'DiagRec': 'int', 'DiagSeg': 'int', 'DiagGRes': 'float', 'DiagGObs': 'float', 'DiagSin': 'int', 'FTorqComm': 'float', 'FTorqFeed': 'float', 'FMotRPM': 'int', 'FDCVolt': 'float', 'ParRespAdd': 'int', 'ParRespWri': 'int', 'ParRespDat': 'int'}
Found: ['Time', ' ', 'ModATemp', 'ModBTemp', 'ModCTemp', 'GateDriTemp', 'ContTemp', 'RTD1Temp', 'RTD2Temp', 'StallBurTemp', 'CoolTemp', 'HotSpotTemp', 'MotTemp', 'TorqShud', 'OilTemp', 'OilPres', 'AnIn4', 'AnIn5', 'AnIn6', 'DiIn1', 'DiIn2', 'DiIn3', 'DiIn4', 'DiIn5', 'DiIn6', 'DiIn7', 'DiIn8', 'MotAngElec', 'MotRPM', 'ElecOutFreq', ' DeltResFilt', 'PhaATemp', 'PhaBTemp', 'PhaCTemp', 'DCCurr', 'DCVolt', 'OutVolt', 'VABVd', 'VBCVq', 'Vdff', 'Vqff', 'Id', 'Iq', 'Ref15', 'Ref25', 'Ref50', 'Ref120', 'VSM', 'PWM', 'InvSta', 'R1', 'R2', 'R3', 'R4', 'R5', 'R6', 'Run', 'SelfSens', 'DisSta', 'CommMode', 'RollCoun', 'EnaSta', 'BurstMod', 'KeySta', 'EnaLock', 'DirComm', 'BMSAct', 'BMSTLim', 'LimMaxRPM', 'LimHotSpot', 'LowRPMLim', 'LimCoolDer', 'LimStallBur', 'PostLo', 'PostHi', 'RunLo', 'RunHi', 'CommTorq', 'TorqFeed', 'PowOnTime', 'ModInd', 'FluxWeakOut', 'IdComm', 'IqComm', 'ProjCode', 'SWVer', 'MMDD', 'YYYY', 'DiagRec', 'DiagSeg', 'DiagGRes', 'DiagGObs', 'DiagSin', 'FTorqComm', 'FTorqFeed', 'FMotRPM', 'FDCVolt', 'ParRespAdd', 'ParRespWri', 'ParRespDat']
NoneType: None
2025-04-20 21:50:49,981 - ERROR - Header mismatch for drive2.
Expected: {'Time': 'object', 'Unnamed: 1': 'float', 'ModATemp': 'float', 'ModBTemp': 'float', 'ModCTemp': 'float', 'GateDriTemp': 'float', 'ContTemp': 'float', 'RTD1Temp': 'float', 'RTD2Temp': 'float', 'StallBurTemp': 'float', 'CoolTemp': 'float', 'HotSpotTemp': 'float', 'MotTemp': 'float', 'TorqShud': 'float', 'OilTemp': 'float', 'OilPres': 'float', 'AnIn4': 'float', 'AnIn5': 'float', 'AnIn6': 'float', 'DiIn1': 'int', 'DiIn2': 'int', 'DiIn3': 'int', 'DiIn4': 'int', 'DiIn5': 'int', 'DiIn6': 'int', 'DiIn7': 'int', 'DiIn8': 'int', 'MotAngElec': 'float', 'MotRPM': 'int', 'ElecOutFreq': 'float', 'DeltResFilt': 'float', 'PhaATemp': 'float', 'PhaBTemp': 'float', 'PhaCTemp': 'float', 'DCCurr': 'float', 'DCVolt': 'float', 'OutVolt': 'float', 'VABVd': 'float', 'VBCVq': 'float', 'Vdff': 'float', 'Vqff': 'float', 'Id': 'float', 'Iq': 'float', 'Ref15': 'float', 'Ref25': 'float', 'Ref50': 'float', 'Ref120': 'float', 'VSM': 'int', 'PWM': 'int', 'InvSta': 'int', 'R1': 'int', 'R2': 'int', 'R3': 'int', 'R4': 'int', 'R5': 'int', 'R6': 'int', 'Run': 'int', 'SelfSens': 'int', 'DisSta': 'int', 'CommMode': 'int', 'RollCoun': 'int', 'EnaSta': 'int', 'BurstMod': 'int', 'KeySta': 'int', 'EnaLock': 'int', 'DirComm': 'int', 'BMSAct': 'int', 'BMSTLim': 'int', 'LimMaxRPM': 'int', 'LimHotSpot': 'int', 'LowRPMLim': 'int', 'LimCoolDer': 'int', 'LimStallBur': 'int', 'PostLo': 'int', 'PostHi': 'int', 'RunLo': 'int', 'RunHi': 'int', 'CommTorq': 'float', 'TorqFeed': 'float', 'PowOnTime': 'float', 'ModInd': 'float', 'FluxWeakOut': 'float', 'IdComm': 'float', 'IqComm': 'float', 'ProjCode': 'int', 'SWVer': 'int', 'MMDD': 'int', 'YYYY': 'int', 'DiagRec': 'int', 'DiagSeg': 'int', 'DiagGRes': 'float', 'DiagGObs': 'float', 'DiagSin': 'int', 'FTorqComm': 'float', 'FTorqFeed': 'float', 'FMotRPM': 'int', 'FDCVolt': 'float', 'ParRespAdd': 'int', 'ParRespWri': 'int', 'ParRespDat': 'int'}
Found: ['Time', ' ', 'ModATemp', 'ModBTemp', 'ModCTemp', 'GateDriTemp', 'ContTemp', 'RTD1Temp', 'RTD2Temp', 'StallBurTemp', 'CoolTemp', 'HotSpotTemp', 'MotTemp', 'TorqShud', 'OilTemp', 'OilPres', 'AnIn4', 'AnIn5', 'AnIn6', 'DiIn1', 'DiIn2', 'DiIn3', 'DiIn4', 'DiIn5', 'DiIn6', 'DiIn7', 'DiIn8', 'MotAngElec', 'MotRPM', 'ElecOutFreq', ' DeltResFilt', 'PhaATemp', 'PhaBTemp', 'PhaCTemp', 'DCCurr', 'DCVolt', 'OutVolt', 'VABVd', 'VBCVq', 'Vdff', 'Vqff', 'Id', 'Iq', 'Ref15', 'Ref25', 'Ref50', 'Ref120', 'VSM', 'PWM', 'InvSta', 'R1', 'R2', 'R3', 'R4', 'R5', 'R6', 'Run', 'SelfSens', 'DisSta', 'CommMode', 'RollCoun', 'EnaSta', 'BurstMod', 'KeySta', 'EnaLock', 'DirComm', 'BMSAct', 'BMSTLim', 'LimMaxRPM', 'LimHotSpot', 'LowRPMLim', 'LimCoolDer', 'LimStallBur', 'PostLo', 'PostHi', 'RunLo', 'RunHi', 'CommTorq', 'TorqFeed', 'PowOnTime', 'ModInd', 'FluxWeakOut', 'IdComm', 'IqComm', 'ProjCode', 'SWVer', 'MMDD', 'YYYY', 'DiagRec', 'DiagSeg', 'DiagGRes', 'DiagGObs', 'DiagSin', 'FTorqComm', 'FTorqFeed', 'FMotRPM', 'FDCVolt', 'ParRespAdd', 'ParRespWri', 'ParRespDat']
NoneType: None
2025-04-20 21:50:51,398 - ERROR - Header mismatch for drive2.
Expected: {'Time': 'object', 'Unnamed: 1': 'float', 'ModATemp': 'float', 'ModBTemp': 'float', 'ModCTemp': 'float', 'GateDriTemp': 'float', 'ContTemp': 'float', 'RTD1Temp': 'float', 'RTD2Temp': 'float', 'StallBurTemp': 'float', 'CoolTemp': 'float', 'HotSpotTemp': 'float', 'MotTemp': 'float', 'TorqShud': 'float', 'OilTemp': 'float', 'OilPres': 'float', 'AnIn4': 'float', 'AnIn5': 'float', 'AnIn6': 'float', 'DiIn1': 'int', 'DiIn2': 'int', 'DiIn3': 'int', 'DiIn4': 'int', 'DiIn5': 'int', 'DiIn6': 'int', 'DiIn7': 'int', 'DiIn8': 'int', 'MotAngElec': 'float', 'MotRPM': 'int', 'ElecOutFreq': 'float', 'DeltResFilt': 'float', 'PhaATemp': 'float', 'PhaBTemp': 'float', 'PhaCTemp': 'float', 'DCCurr': 'float', 'DCVolt': 'float', 'OutVolt': 'float', 'VABVd': 'float', 'VBCVq': 'float', 'Vdff': 'float', 'Vqff': 'float', 'Id': 'float', 'Iq': 'float', 'Ref15': 'float', 'Ref25': 'float', 'Ref50': 'float', 'Ref120': 'float', 'VSM': 'int', 'PWM': 'int', 'InvSta': 'int', 'R1': 'int', 'R2': 'int', 'R3': 'int', 'R4': 'int', 'R5': 'int', 'R6': 'int', 'Run': 'int', 'SelfSens': 'int', 'DisSta': 'int', 'CommMode': 'int', 'RollCoun': 'int', 'EnaSta': 'int', 'BurstMod': 'int', 'KeySta': 'int', 'EnaLock': 'int', 'DirComm': 'int', 'BMSAct': 'int', 'BMSTLim': 'int', 'LimMaxRPM': 'int', 'LimHotSpot': 'int', 'LowRPMLim': 'int', 'LimCoolDer': 'int', 'LimStallBur': 'int', 'PostLo': 'int', 'PostHi': 'int', 'RunLo': 'int', 'RunHi': 'int', 'CommTorq': 'float', 'TorqFeed': 'float', 'PowOnTime': 'float', 'ModInd': 'float', 'FluxWeakOut': 'float', 'IdComm': 'float', 'IqComm': 'float', 'ProjCode': 'int', 'SWVer': 'int', 'MMDD': 'int', 'YYYY': 'int', 'DiagRec': 'int', 'DiagSeg': 'int', 'DiagGRes': 'float', 'DiagGObs': 'float', 'DiagSin': 'int', 'FTorqComm': 'float', 'FTorqFeed': 'float', 'FMotRPM': 'int', 'FDCVolt': 'float', 'ParRespAdd': 'int', 'ParRespWri': 'int', 'ParRespDat': 'int'}
Found: ['Time', ' ', 'ModATemp', 'ModBTemp', 'ModCTemp', 'GateDriTemp', 'ContTemp', 'RTD1Temp', 'RTD2Temp', 'StallBurTemp', 'CoolTemp', 'HotSpotTemp', 'MotTemp', 'TorqShud', 'OilTemp', 'OilPres', 'AnIn4', 'AnIn5', 'AnIn6', 'DiIn1', 'DiIn2', 'DiIn3', 'DiIn4', 'DiIn5', 'DiIn6', 'DiIn7', 'DiIn8', 'MotAngElec', 'MotRPM', 'ElecOutFreq', ' DeltResFilt', 'PhaATemp', 'PhaBTemp', 'PhaCTemp', 'DCCurr', 'DCVolt', 'OutVolt', 'VABVd', 'VBCVq', 'Vdff', 'Vqff', 'Id', 'Iq', 'Ref15', 'Ref25', 'Ref50', 'Ref120', 'VSM', 'PWM', 'InvSta', 'R1', 'R2', 'R3', 'R4', 'R5', 'R6', 'Run', 'SelfSens', 'DisSta', 'CommMode', 'RollCoun', 'EnaSta', 'BurstMod', 'KeySta', 'EnaLock', 'DirComm', 'BMSAct', 'BMSTLim', 'LimMaxRPM', 'LimHotSpot', 'LowRPMLim', 'LimCoolDer', 'LimStallBur', 'PostLo', 'PostHi', 'RunLo', 'RunHi', 'CommTorq', 'TorqFeed', 'PowOnTime', 'ModInd', 'FluxWeakOut', 'IdComm', 'IqComm', 'ProjCode', 'SWVer', 'MMDD', 'YYYY', 'DiagRec', 'DiagSeg', 'DiagGRes', 'DiagGObs', 'DiagSin', 'FTorqComm', 'FTorqFeed', 'FMotRPM', 'FDCVolt', 'ParRespAdd', 'ParRespWri', 'ParRespDat']
NoneType: None
2025-04-20 21:50:52,121 - ERROR - Header mismatch for drive2.
Expected: {'Time': 'object', 'Unnamed: 1': 'float', 'ModATemp': 'float', 'ModBTemp': 'float', 'ModCTemp': 'float', 'GateDriTemp': 'float', 'ContTemp': 'float', 'RTD1Temp': 'float', 'RTD2Temp': 'float', 'StallBurTemp': 'float', 'CoolTemp': 'float', 'HotSpotTemp': 'float', 'MotTemp': 'float', 'TorqShud': 'float', 'OilTemp': 'float', 'OilPres': 'float', 'AnIn4': 'float', 'AnIn5': 'float', 'AnIn6': 'float', 'DiIn1': 'int', 'DiIn2': 'int', 'DiIn3': 'int', 'DiIn4': 'int', 'DiIn5': 'int', 'DiIn6': 'int', 'DiIn7': 'int', 'DiIn8': 'int', 'MotAngElec': 'float', 'MotRPM': 'int', 'ElecOutFreq': 'float', 'DeltResFilt': 'float', 'PhaATemp': 'float', 'PhaBTemp': 'float', 'PhaCTemp': 'float', 'DCCurr': 'float', 'DCVolt': 'float', 'OutVolt': 'float', 'VABVd': 'float', 'VBCVq': 'float', 'Vdff': 'float', 'Vqff': 'float', 'Id': 'float', 'Iq': 'float', 'Ref15': 'float', 'Ref25': 'float', 'Ref50': 'float', 'Ref120': 'float', 'VSM': 'int', 'PWM': 'int', 'InvSta': 'int', 'R1': 'int', 'R2': 'int', 'R3': 'int', 'R4': 'int', 'R5': 'int', 'R6': 'int', 'Run': 'int', 'SelfSens': 'int', 'DisSta': 'int', 'CommMode': 'int', 'RollCoun': 'int', 'EnaSta': 'int', 'BurstMod': 'int', 'KeySta': 'int', 'EnaLock': 'int', 'DirComm': 'int', 'BMSAct': 'int', 'BMSTLim': 'int', 'LimMaxRPM': 'int', 'LimHotSpot': 'int', 'LowRPMLim': 'int', 'LimCoolDer': 'int', 'LimStallBur': 'int', 'PostLo': 'int', 'PostHi': 'int', 'RunLo': 'int', 'RunHi': 'int', 'CommTorq': 'float', 'TorqFeed': 'float', 'PowOnTime': 'float', 'ModInd': 'float', 'FluxWeakOut': 'float', 'IdComm': 'float', 'IqComm': 'float', 'ProjCode': 'int', 'SWVer': 'int', 'MMDD': 'int', 'YYYY': 'int', 'DiagRec': 'int', 'DiagSeg': 'int', 'DiagGRes': 'float', 'DiagGObs': 'float', 'DiagSin': 'int', 'FTorqComm': 'float', 'FTorqFeed': 'float', 'FMotRPM': 'int', 'FDCVolt': 'float', 'ParRespAdd': 'int', 'ParRespWri': 'int', 'ParRespDat': 'int'}
Found: ['Time', ' ', 'ModATemp', 'ModBTemp', 'ModCTemp', 'GateDriTemp', 'ContTemp', 'RTD1Temp', 'RTD2Temp', 'StallBurTemp', 'CoolTemp', 'HotSpotTemp', 'MotTemp', 'TorqShud', 'OilTemp', 'OilPres', 'AnIn4', 'AnIn5', 'AnIn6', 'DiIn1', 'DiIn2', 'DiIn3', 'DiIn4', 'DiIn5', 'DiIn6', 'DiIn7', 'DiIn8', 'MotAngElec', 'MotRPM', 'ElecOutFreq', ' DeltResFilt', 'PhaATemp', 'PhaBTemp', 'PhaCTemp', 'DCCurr', 'DCVolt', 'OutVolt', 'VABVd', 'VBCVq', 'Vdff', 'Vqff', 'Id', 'Iq', 'Ref15', 'Ref25', 'Ref50', 'Ref120', 'VSM', 'PWM', 'InvSta', 'R1', 'R2', 'R3', 'R4', 'R5', 'R6', 'Run', 'SelfSens', 'DisSta', 'CommMode', 'RollCoun', 'EnaSta', 'BurstMod', 'KeySta', 'EnaLock', 'DirComm', 'BMSAct', 'BMSTLim', 'LimMaxRPM', 'LimHotSpot', 'LowRPMLim', 'LimCoolDer', 'LimStallBur', 'PostLo', 'PostHi', 'RunLo', 'RunHi', 'CommTorq', 'TorqFeed', 'PowOnTime', 'ModInd', 'FluxWeakOut', 'IdComm', 'IqComm', 'ProjCode', 'SWVer', 'MMDD', 'YYYY', 'DiagRec', 'DiagSeg', 'DiagGRes', 'DiagGObs', 'DiagSin', 'FTorqComm', 'FTorqFeed', 'FMotRPM', 'FDCVolt', 'ParRespAdd', 'ParRespWri', 'ParRespDat']
NoneType: None
2025-04-20 21:50:54,951 - ERROR - Header mismatch for drive2.
Expected: {'Time': 'object', 'Unnamed: 1': 'float', 'ModATemp': 'float', 'ModBTemp': 'float', 'ModCTemp': 'float', 'GateDriTemp': 'float', 'ContTemp': 'float', 'RTD1Temp': 'float', 'RTD2Temp': 'float', 'StallBurTemp': 'float', 'CoolTemp': 'float', 'HotSpotTemp': 'float', 'MotTemp': 'float', 'TorqShud': 'float', 'OilTemp': 'float', 'OilPres': 'float', 'AnIn4': 'float', 'AnIn5': 'float', 'AnIn6': 'float', 'DiIn1': 'int', 'DiIn2': 'int', 'DiIn3': 'int', 'DiIn4': 'int', 'DiIn5': 'int', 'DiIn6': 'int', 'DiIn7': 'int', 'DiIn8': 'int', 'MotAngElec': 'float', 'MotRPM': 'int', 'ElecOutFreq': 'float', 'DeltResFilt': 'float', 'PhaATemp': 'float', 'PhaBTemp': 'float', 'PhaCTemp': 'float', 'DCCurr': 'float', 'DCVolt': 'float', 'OutVolt': 'float', 'VABVd': 'float', 'VBCVq': 'float', 'Vdff': 'float', 'Vqff': 'float', 'Id': 'float', 'Iq': 'float', 'Ref15': 'float', 'Ref25': 'float', 'Ref50': 'float', 'Ref120': 'float', 'VSM': 'int', 'PWM': 'int', 'InvSta': 'int', 'R1': 'int', 'R2': 'int', 'R3': 'int', 'R4': 'int', 'R5': 'int', 'R6': 'int', 'Run': 'int', 'SelfSens': 'int', 'DisSta': 'int', 'CommMode': 'int', 'RollCoun': 'int', 'EnaSta': 'int', 'BurstMod': 'int', 'KeySta': 'int', 'EnaLock': 'int', 'DirComm': 'int', 'BMSAct': 'int', 'BMSTLim': 'int', 'LimMaxRPM': 'int', 'LimHotSpot': 'int', 'LowRPMLim': 'int', 'LimCoolDer': 'int', 'LimStallBur': 'int', 'PostLo': 'int', 'PostHi': 'int', 'RunLo': 'int', 'RunHi': 'int', 'CommTorq': 'float', 'TorqFeed': 'float', 'PowOnTime': 'float', 'ModInd': 'float', 'FluxWeakOut': 'float', 'IdComm': 'float', 'IqComm': 'float', 'ProjCode': 'int', 'SWVer': 'int', 'MMDD': 'int', 'YYYY': 'int', 'DiagRec': 'int', 'DiagSeg': 'int', 'DiagGRes': 'float', 'DiagGObs': 'float', 'DiagSin': 'int', 'FTorqComm': 'float', 'FTorqFeed': 'float', 'FMotRPM': 'int', 'FDCVolt': 'float', 'ParRespAdd': 'int', 'ParRespWri': 'int', 'ParRespDat': 'int'}
Found: ['Time', ' ', 'ModATemp', 'ModBTemp', 'ModCTemp', 'GateDriTemp', 'ContTemp', 'RTD1Temp', 'RTD2Temp', 'StallBurTemp', 'CoolTemp', 'HotSpotTemp', 'MotTemp', 'TorqShud', 'OilTemp', 'OilPres', 'AnIn4', 'AnIn5', 'AnIn6', 'DiIn1', 'DiIn2', 'DiIn3', 'DiIn4', 'DiIn5', 'DiIn6', 'DiIn7', 'DiIn8', 'MotAngElec', 'MotRPM', 'ElecOutFreq', ' DeltResFilt', 'PhaATemp', 'PhaBTemp', 'PhaCTemp', 'DCCurr', 'DCVolt', 'OutVolt', 'VABVd', 'VBCVq', 'Vdff', 'Vqff', 'Id', 'Iq', 'Ref15', 'Ref25', 'Ref50', 'Ref120', 'VSM', 'PWM', 'InvSta', 'R1', 'R2', 'R3', 'R4', 'R5', 'R6', 'Run', 'SelfSens', 'DisSta', 'CommMode', 'RollCoun', 'EnaSta', 'BurstMod', 'KeySta', 'EnaLock', 'DirComm', 'BMSAct', 'BMSTLim', 'LimMaxRPM', 'LimHotSpot', 'LowRPMLim', 'LimCoolDer', 'LimStallBur', 'PostLo', 'PostHi', 'RunLo', 'RunHi', 'CommTorq', 'TorqFeed', 'PowOnTime', 'ModInd', 'FluxWeakOut', 'IdComm', 'IqComm', 'ProjCode', 'SWVer', 'MMDD', 'YYYY', 'DiagRec', 'DiagSeg', 'DiagGRes', 'DiagGObs', 'DiagSin', 'FTorqComm', 'FTorqFeed', 'FMotRPM', 'FDCVolt', 'ParRespAdd', 'ParRespWri', 'ParRespDat']
NoneType: None
2025-04-20 21:50:56,446 - ERROR - Header mismatch for drive2.
Expected: {'Time': 'object', 'Unnamed: 1': 'float', 'ModATemp': 'float', 'ModBTemp': 'float', 'ModCTemp': 'float', 'GateDriTemp': 'float', 'ContTemp': 'float', 'RTD1Temp': 'float', 'RTD2Temp': 'float', 'StallBurTemp': 'float', 'CoolTemp': 'float', 'HotSpotTemp': 'float', 'MotTemp': 'float', 'TorqShud': 'float', 'OilTemp': 'float', 'OilPres': 'float', 'AnIn4': 'float', 'AnIn5': 'float', 'AnIn6': 'float', 'DiIn1': 'int', 'DiIn2': 'int', 'DiIn3': 'int', 'DiIn4': 'int', 'DiIn5': 'int', 'DiIn6': 'int', 'DiIn7': 'int', 'DiIn8': 'int', 'MotAngElec': 'float', 'MotRPM': 'int', 'ElecOutFreq': 'float', 'DeltResFilt': 'float', 'PhaATemp': 'float', 'PhaBTemp': 'float', 'PhaCTemp': 'float', 'DCCurr': 'float', 'DCVolt': 'float', 'OutVolt': 'float', 'VABVd': 'float', 'VBCVq': 'float', 'Vdff': 'float', 'Vqff': 'float', 'Id': 'float', 'Iq': 'float', 'Ref15': 'float', 'Ref25': 'float', 'Ref50': 'float', 'Ref120': 'float', 'VSM': 'int', 'PWM': 'int', 'InvSta': 'int', 'R1': 'int', 'R2': 'int', 'R3': 'int', 'R4': 'int', 'R5': 'int', 'R6': 'int', 'Run': 'int', 'SelfSens': 'int', 'DisSta': 'int', 'CommMode': 'int', 'RollCoun': 'int', 'EnaSta': 'int', 'BurstMod': 'int', 'KeySta': 'int', 'EnaLock': 'int', 'DirComm': 'int', 'BMSAct': 'int', 'BMSTLim': 'int', 'LimMaxRPM': 'int', 'LimHotSpot': 'int', 'LowRPMLim': 'int', 'LimCoolDer': 'int', 'LimStallBur': 'int', 'PostLo': 'int', 'PostHi': 'int', 'RunLo': 'int', 'RunHi': 'int', 'CommTorq': 'float', 'TorqFeed': 'float', 'PowOnTime': 'float', 'ModInd': 'float', 'FluxWeakOut': 'float', 'IdComm': 'float', 'IqComm': 'float', 'ProjCode': 'int', 'SWVer': 'int', 'MMDD': 'int', 'YYYY': 'int', 'DiagRec': 'int', 'DiagSeg': 'int', 'DiagGRes': 'float', 'DiagGObs': 'float', 'DiagSin': 'int', 'FTorqComm': 'float', 'FTorqFeed': 'float', 'FMotRPM': 'int', 'FDCVolt': 'float', 'ParRespAdd': 'int', 'ParRespWri': 'int', 'ParRespDat': 'int'}
Found: ['Time', ' ', 'ModATemp', 'ModBTemp', 'ModCTemp', 'GateDriTemp', 'ContTemp', 'RTD1Temp', 'RTD2Temp', 'StallBurTemp', 'CoolTemp', 'HotSpotTemp', 'MotTemp', 'TorqShud', 'OilTemp', 'OilPres', 'AnIn4', 'AnIn5', 'AnIn6', 'DiIn1', 'DiIn2', 'DiIn3', 'DiIn4', 'DiIn5', 'DiIn6', 'DiIn7', 'DiIn8', 'MotAngElec', 'MotRPM', 'ElecOutFreq', ' DeltResFilt', 'PhaATemp', 'PhaBTemp', 'PhaCTemp', 'DCCurr', 'DCVolt', 'OutVolt', 'VABVd', 'VBCVq', 'Vdff', 'Vqff', 'Id', 'Iq', 'Ref15', 'Ref25', 'Ref50', 'Ref120', 'VSM', 'PWM', 'InvSta', 'R1', 'R2', 'R3', 'R4', 'R5', 'R6', 'Run', 'SelfSens', 'DisSta', 'CommMode', 'RollCoun', 'EnaSta', 'BurstMod', 'KeySta', 'EnaLock', 'DirComm', 'BMSAct', 'BMSTLim', 'LimMaxRPM', 'LimHotSpot', 'LowRPMLim', 'LimCoolDer', 'LimStallBur', 'PostLo', 'PostHi', 'RunLo', 'RunHi', 'CommTorq', 'TorqFeed', 'PowOnTime', 'ModInd', 'FluxWeakOut', 'IdComm', 'IqComm', 'ProjCode', 'SWVer', 'MMDD', 'YYYY', 'DiagRec', 'DiagSeg', 'DiagGRes', 'DiagGObs', 'DiagSin', 'FTorqComm', 'FTorqFeed', 'FMotRPM', 'FDCVolt', 'ParRespAdd', 'ParRespWri', 'ParRespDat']
NoneType: None
2025-04-20 21:50:57,329 - ERROR - Header mismatch for drive2.
Expected: {'Time': 'object', 'Unnamed: 1': 'float', 'ModATemp': 'float', 'ModBTemp': 'float', 'ModCTemp': 'float', 'GateDriTemp': 'float', 'ContTemp': 'float', 'RTD1Temp': 'float', 'RTD2Temp': 'float', 'StallBurTemp': 'float', 'CoolTemp': 'float', 'HotSpotTemp': 'float', 'MotTemp': 'float', 'TorqShud': 'float', 'OilTemp': 'float', 'OilPres': 'float', 'AnIn4': 'float', 'AnIn5': 'float', 'AnIn6': 'float', 'DiIn1': 'int', 'DiIn2': 'int', 'DiIn3': 'int', 'DiIn4': 'int', 'DiIn5': 'int', 'DiIn6': 'int', 'DiIn7': 'int', 'DiIn8': 'int', 'MotAngElec': 'float', 'MotRPM': 'int', 'ElecOutFreq': 'float', 'DeltResFilt': 'float', 'PhaATemp': 'float', 'PhaBTemp': 'float', 'PhaCTemp': 'float', 'DCCurr': 'float', 'DCVolt': 'float', 'OutVolt': 'float', 'VABVd': 'float', 'VBCVq': 'float', 'Vdff': 'float', 'Vqff': 'float', 'Id': 'float', 'Iq': 'float', 'Ref15': 'float', 'Ref25': 'float', 'Ref50': 'float', 'Ref120': 'float', 'VSM': 'int', 'PWM': 'int', 'InvSta': 'int', 'R1': 'int', 'R2': 'int', 'R3': 'int', 'R4': 'int', 'R5': 'int', 'R6': 'int', 'Run': 'int', 'SelfSens': 'int', 'DisSta': 'int', 'CommMode': 'int', 'RollCoun': 'int', 'EnaSta': 'int', 'BurstMod': 'int', 'KeySta': 'int', 'EnaLock': 'int', 'DirComm': 'int', 'BMSAct': 'int', 'BMSTLim': 'int', 'LimMaxRPM': 'int', 'LimHotSpot': 'int', 'LowRPMLim': 'int', 'LimCoolDer': 'int', 'LimStallBur': 'int', 'PostLo': 'int', 'PostHi': 'int', 'RunLo': 'int', 'RunHi': 'int', 'CommTorq': 'float', 'TorqFeed': 'float', 'PowOnTime': 'float', 'ModInd': 'float', 'FluxWeakOut': 'float', 'IdComm': 'float', 'IqComm': 'float', 'ProjCode': 'int', 'SWVer': 'int', 'MMDD': 'int', 'YYYY': 'int', 'DiagRec': 'int', 'DiagSeg': 'int', 'DiagGRes': 'float', 'DiagGObs': 'float', 'DiagSin': 'int', 'FTorqComm': 'float', 'FTorqFeed': 'float', 'FMotRPM': 'int', 'FDCVolt': 'float', 'ParRespAdd': 'int', 'ParRespWri': 'int', 'ParRespDat': 'int'}
Found: ['Time', ' ', 'ModATemp', 'ModBTemp', 'ModCTemp', 'GateDriTemp', 'ContTemp', 'RTD1Temp', 'RTD2Temp', 'StallBurTemp', 'CoolTemp', 'HotSpotTemp', 'MotTemp', 'TorqShud', 'OilTemp', 'OilPres', 'AnIn4', 'AnIn5', 'AnIn6', 'DiIn1', 'DiIn2', 'DiIn3', 'DiIn4', 'DiIn5', 'DiIn6', 'DiIn7', 'DiIn8', 'MotAngElec', 'MotRPM', 'ElecOutFreq', ' DeltResFilt', 'PhaATemp', 'PhaBTemp', 'PhaCTemp', 'DCCurr', 'DCVolt', 'OutVolt', 'VABVd', 'VBCVq', 'Vdff', 'Vqff', 'Id', 'Iq', 'Ref15', 'Ref25', 'Ref50', 'Ref120', 'VSM', 'PWM', 'InvSta', 'R1', 'R2', 'R3', 'R4', 'R5', 'R6', 'Run', 'SelfSens', 'DisSta', 'CommMode', 'RollCoun', 'EnaSta', 'BurstMod', 'KeySta', 'EnaLock', 'DirComm', 'BMSAct', 'BMSTLim', 'LimMaxRPM', 'LimHotSpot', 'LowRPMLim', 'LimCoolDer', 'LimStallBur', 'PostLo', 'PostHi', 'RunLo', 'RunHi', 'CommTorq', 'TorqFeed', 'PowOnTime', 'ModInd', 'FluxWeakOut', 'IdComm', 'IqComm', 'ProjCode', 'SWVer', 'MMDD', 'YYYY', 'DiagRec', 'DiagSeg', 'DiagGRes', 'DiagGObs', 'DiagSin', 'FTorqComm', 'FTorqFeed', 'FMotRPM', 'FDCVolt', 'ParRespAdd', 'ParRespWri', 'ParRespDat']
NoneType: None
2025-04-20 21:50:58,391 - ERROR - Header mismatch for drive2.
Expected: {'Time': 'object', 'Unnamed: 1': 'float', 'ModATemp': 'float', 'ModBTemp': 'float', 'ModCTemp': 'float', 'GateDriTemp': 'float', 'ContTemp': 'float', 'RTD1Temp': 'float', 'RTD2Temp': 'float', 'StallBurTemp': 'float', 'CoolTemp': 'float', 'HotSpotTemp': 'float', 'MotTemp': 'float', 'TorqShud': 'float', 'OilTemp': 'float', 'OilPres': 'float', 'AnIn4': 'float', 'AnIn5': 'float', 'AnIn6': 'float', 'DiIn1': 'int', 'DiIn2': 'int', 'DiIn3': 'int', 'DiIn4': 'int', 'DiIn5': 'int', 'DiIn6': 'int', 'DiIn7': 'int', 'DiIn8': 'int', 'MotAngElec': 'float', 'MotRPM': 'int', 'ElecOutFreq': 'float', 'DeltResFilt': 'float', 'PhaATemp': 'float', 'PhaBTemp': 'float', 'PhaCTemp': 'float', 'DCCurr': 'float', 'DCVolt': 'float', 'OutVolt': 'float', 'VABVd': 'float', 'VBCVq': 'float', 'Vdff': 'float', 'Vqff': 'float', 'Id': 'float', 'Iq': 'float', 'Ref15': 'float', 'Ref25': 'float', 'Ref50': 'float', 'Ref120': 'float', 'VSM': 'int', 'PWM': 'int', 'InvSta': 'int', 'R1': 'int', 'R2': 'int', 'R3': 'int', 'R4': 'int', 'R5': 'int', 'R6': 'int', 'Run': 'int', 'SelfSens': 'int', 'DisSta': 'int', 'CommMode': 'int', 'RollCoun': 'int', 'EnaSta': 'int', 'BurstMod': 'int', 'KeySta': 'int', 'EnaLock': 'int', 'DirComm': 'int', 'BMSAct': 'int', 'BMSTLim': 'int', 'LimMaxRPM': 'int', 'LimHotSpot': 'int', 'LowRPMLim': 'int', 'LimCoolDer': 'int', 'LimStallBur': 'int', 'PostLo': 'int', 'PostHi': 'int', 'RunLo': 'int', 'RunHi': 'int', 'CommTorq': 'float', 'TorqFeed': 'float', 'PowOnTime': 'float', 'ModInd': 'float', 'FluxWeakOut': 'float', 'IdComm': 'float', 'IqComm': 'float', 'ProjCode': 'int', 'SWVer': 'int', 'MMDD': 'int', 'YYYY': 'int', 'DiagRec': 'int', 'DiagSeg': 'int', 'DiagGRes': 'float', 'DiagGObs': 'float', 'DiagSin': 'int', 'FTorqComm': 'float', 'FTorqFeed': 'float', 'FMotRPM': 'int', 'FDCVolt': 'float', 'ParRespAdd': 'int', 'ParRespWri': 'int', 'ParRespDat': 'int'}
Found: ['Time', ' ', 'ModATemp', 'ModBTemp', 'ModCTemp', 'GateDriTemp', 'ContTemp', 'RTD1Temp', 'RTD2Temp', 'StallBurTemp', 'CoolTemp', 'HotSpotTemp', 'MotTemp', 'TorqShud', 'OilTemp', 'OilPres', 'AnIn4', 'AnIn5', 'AnIn6', 'DiIn1', 'DiIn2', 'DiIn3', 'DiIn4', 'DiIn5', 'DiIn6', 'DiIn7', 'DiIn8', 'MotAngElec', 'MotRPM', 'ElecOutFreq', ' DeltResFilt', 'PhaATemp', 'PhaBTemp', 'PhaCTemp', 'DCCurr', 'DCVolt', 'OutVolt', 'VABVd', 'VBCVq', 'Vdff', 'Vqff', 'Id', 'Iq', 'Ref15', 'Ref25', 'Ref50', 'Ref120', 'VSM', 'PWM', 'InvSta', 'R1', 'R2', 'R3', 'R4', 'R5', 'R6', 'Run', 'SelfSens', 'DisSta', 'CommMode', 'RollCoun', 'EnaSta', 'BurstMod', 'KeySta', 'EnaLock', 'DirComm', 'BMSAct', 'BMSTLim', 'LimMaxRPM', 'LimHotSpot', 'LowRPMLim', 'LimCoolDer', 'LimStallBur', 'PostLo', 'PostHi', 'RunLo', 'RunHi', 'CommTorq', 'TorqFeed', 'PowOnTime', 'ModInd', 'FluxWeakOut', 'IdComm', 'IqComm', 'ProjCode', 'SWVer', 'MMDD', 'YYYY', 'DiagRec', 'DiagSeg', 'DiagGRes', 'DiagGObs', 'DiagSin', 'FTorqComm', 'FTorqFeed', 'FMotRPM', 'FDCVolt', 'ParRespAdd', 'ParRespWri', 'ParRespDat']
NoneType: None
2025-04-20 21:50:59,015 - ERROR - Header mismatch for drive2.
Expected: {'Time': 'object', 'Unnamed: 1': 'float', 'ModATemp': 'float', 'ModBTemp': 'float', 'ModCTemp': 'float', 'GateDriTemp': 'float', 'ContTemp': 'float', 'RTD1Temp': 'float', 'RTD2Temp': 'float', 'StallBurTemp': 'float', 'CoolTemp': 'float', 'HotSpotTemp': 'float', 'MotTemp': 'float', 'TorqShud': 'float', 'OilTemp': 'float', 'OilPres': 'float', 'AnIn4': 'float', 'AnIn5': 'float', 'AnIn6': 'float', 'DiIn1': 'int', 'DiIn2': 'int', 'DiIn3': 'int', 'DiIn4': 'int', 'DiIn5': 'int', 'DiIn6': 'int', 'DiIn7': 'int', 'DiIn8': 'int', 'MotAngElec': 'float', 'MotRPM': 'int', 'ElecOutFreq': 'float', 'DeltResFilt': 'float', 'PhaATemp': 'float', 'PhaBTemp': 'float', 'PhaCTemp': 'float', 'DCCurr': 'float', 'DCVolt': 'float', 'OutVolt': 'float', 'VABVd': 'float', 'VBCVq': 'float', 'Vdff': 'float', 'Vqff': 'float', 'Id': 'float', 'Iq': 'float', 'Ref15': 'float', 'Ref25': 'float', 'Ref50': 'float', 'Ref120': 'float', 'VSM': 'int', 'PWM': 'int', 'InvSta': 'int', 'R1': 'int', 'R2': 'int', 'R3': 'int', 'R4': 'int', 'R5': 'int', 'R6': 'int', 'Run': 'int', 'SelfSens': 'int', 'DisSta': 'int', 'CommMode': 'int', 'RollCoun': 'int', 'EnaSta': 'int', 'BurstMod': 'int', 'KeySta': 'int', 'EnaLock': 'int', 'DirComm': 'int', 'BMSAct': 'int', 'BMSTLim': 'int', 'LimMaxRPM': 'int', 'LimHotSpot': 'int', 'LowRPMLim': 'int', 'LimCoolDer': 'int', 'LimStallBur': 'int', 'PostLo': 'int', 'PostHi': 'int', 'RunLo': 'int', 'RunHi': 'int', 'CommTorq': 'float', 'TorqFeed': 'float', 'PowOnTime': 'float', 'ModInd': 'float', 'FluxWeakOut': 'float', 'IdComm': 'float', 'IqComm': 'float', 'ProjCode': 'int', 'SWVer': 'int', 'MMDD': 'int', 'YYYY': 'int', 'DiagRec': 'int', 'DiagSeg': 'int', 'DiagGRes': 'float', 'DiagGObs': 'float', 'DiagSin': 'int', 'FTorqComm': 'float', 'FTorqFeed': 'float', 'FMotRPM': 'int', 'FDCVolt': 'float', 'ParRespAdd': 'int', 'ParRespWri': 'int', 'ParRespDat': 'int'}
Found: ['Time', 'Unnamed: 1', 'ModATemp', 'ModBTemp', 'ModCTemp', 'GateDriTemp', 'ContTemp', 'RTD1Temp', 'RTD2Temp', 'StallBurTemp', 'CoolTemp', 'HotSpotTemp', 'MotTemp', 'TorqShud', 'OilTemp', 'OilPres', 'AnIn4', 'AnIn5', 'AnIn6', 'DiIn1', 'DiIn2', 'DiIn3', 'DiIn4', 'DiIn5', 'DiIn6', 'DiIn7', 'DiIn8', 'MotAngElec', 'MotRPM', 'ElecOutFreq', ' DeltResFilt', 'PhaATemp', 'PhaBTemp', 'PhaCTemp', 'DCCurr', 'DCVolt', 'OutVolt', 'VABVd', 'VBCVq', 'Vdff', 'Vqff', 'Id', 'Iq', 'Ref15', 'Ref25', 'Ref50', 'Ref120', 'VSM', 'PWM', 'InvSta', 'R1', 'R2', 'R3', 'R4', 'R5', 'R6', 'Run', 'SelfSens', 'DisSta', 'CommMode', 'RollCoun', 'EnaSta', 'BurstMod', 'KeySta', 'EnaLock', 'DirComm', 'BMSAct', 'BMSTLim', 'LimMaxRPM', 'LimHotSpot', 'LowRPMLim', 'LimCoolDer', 'LimStallBur', 'PostLo', 'PostHi', 'RunLo', 'RunHi', 'CommTorq', 'TorqFeed', 'PowOnTime', 'ModInd', 'FluxWeakOut', 'IdComm', 'IqComm', 'ProjCode', 'SWVer', 'MMDD', 'YYYY', 'DiagRec', 'DiagSeg', 'DiagGRes', 'DiagGObs', 'DiagSin', 'FTorqComm', 'FTorqFeed', 'FMotRPM', 'FDCVolt', 'ParRespAdd', 'ParRespWri', 'ParRespDat']
NoneType: None
2025-04-20 21:50:59,668 - ERROR - Header mismatch for drive2.
Expected: {'Time': 'object', 'Unnamed: 1': 'float', 'ModATemp': 'float', 'ModBTemp': 'float', 'ModCTemp': 'float', 'GateDriTemp': 'float', 'ContTemp': 'float', 'RTD1Temp': 'float', 'RTD2Temp': 'float', 'StallBurTemp': 'float', 'CoolTemp': 'float', 'HotSpotTemp': 'float', 'MotTemp': 'float', 'TorqShud': 'float', 'OilTemp': 'float', 'OilPres': 'float', 'AnIn4': 'float', 'AnIn5': 'float', 'AnIn6': 'float', 'DiIn1': 'int', 'DiIn2': 'int', 'DiIn3': 'int', 'DiIn4': 'int', 'DiIn5': 'int', 'DiIn6': 'int', 'DiIn7': 'int', 'DiIn8': 'int', 'MotAngElec': 'float', 'MotRPM': 'int', 'ElecOutFreq': 'float', 'DeltResFilt': 'float', 'PhaATemp': 'float', 'PhaBTemp': 'float', 'PhaCTemp': 'float', 'DCCurr': 'float', 'DCVolt': 'float', 'OutVolt': 'float', 'VABVd': 'float', 'VBCVq': 'float', 'Vdff': 'float', 'Vqff': 'float', 'Id': 'float', 'Iq': 'float', 'Ref15': 'float', 'Ref25': 'float', 'Ref50': 'float', 'Ref120': 'float', 'VSM': 'int', 'PWM': 'int', 'InvSta': 'int', 'R1': 'int', 'R2': 'int', 'R3': 'int', 'R4': 'int', 'R5': 'int', 'R6': 'int', 'Run': 'int', 'SelfSens': 'int', 'DisSta': 'int', 'CommMode': 'int', 'RollCoun': 'int', 'EnaSta': 'int', 'BurstMod': 'int', 'KeySta': 'int', 'EnaLock': 'int', 'DirComm': 'int', 'BMSAct': 'int', 'BMSTLim': 'int', 'LimMaxRPM': 'int', 'LimHotSpot': 'int', 'LowRPMLim': 'int', 'LimCoolDer': 'int', 'LimStallBur': 'int', 'PostLo': 'int', 'PostHi': 'int', 'RunLo': 'int', 'RunHi': 'int', 'CommTorq': 'float', 'TorqFeed': 'float', 'PowOnTime': 'float', 'ModInd': 'float', 'FluxWeakOut': 'float', 'IdComm': 'float', 'IqComm': 'float', 'ProjCode': 'int', 'SWVer': 'int', 'MMDD': 'int', 'YYYY': 'int', 'DiagRec': 'int', 'DiagSeg': 'int', 'DiagGRes': 'float', 'DiagGObs': 'float', 'DiagSin': 'int', 'FTorqComm': 'float', 'FTorqFeed': 'float', 'FMotRPM': 'int', 'FDCVolt': 'float', 'ParRespAdd': 'int', 'ParRespWri': 'int', 'ParRespDat': 'int'}
Found: ['Time', 'Unnamed: 1', 'ModATemp', 'ModBTemp', 'ModCTemp', 'GateDriTemp', 'ContTemp', 'RTD1Temp', 'RTD2Temp', 'StallBurTemp', 'CoolTemp', 'HotSpotTemp', 'MotTemp', 'TorqShud', 'OilTemp', 'OilPres', 'AnIn4', 'AnIn5', 'AnIn6', 'DiIn1', 'DiIn2', 'DiIn3', 'DiIn4', 'DiIn5', 'DiIn6', 'DiIn7', 'DiIn8', 'MotAngElec', 'MotRPM', 'ElecOutFreq', ' DeltResFilt', 'PhaATemp', 'PhaBTemp', 'PhaCTemp', 'DCCurr', 'DCVolt', 'OutVolt', 'VABVd', 'VBCVq', 'Vdff', 'Vqff', 'Id', 'Iq', 'Ref15', 'Ref25', 'Ref50', 'Ref120', 'VSM', 'PWM', 'InvSta', 'R1', 'R2', 'R3', 'R4', 'R5', 'R6', 'Run', 'SelfSens', 'DisSta', 'CommMode', 'RollCoun', 'EnaSta', 'BurstMod', 'KeySta', 'EnaLock', 'DirComm', 'BMSAct', 'BMSTLim', 'LimMaxRPM', 'LimHotSpot', 'LowRPMLim', 'LimCoolDer', 'LimStallBur', 'PostLo', 'PostHi', 'RunLo', 'RunHi', 'CommTorq', 'TorqFeed', 'PowOnTime', 'ModInd', 'FluxWeakOut', 'IdComm', 'IqComm', 'ProjCode', 'SWVer', 'MMDD', 'YYYY', 'DiagRec', 'DiagSeg', 'DiagGRes', 'DiagGObs', 'DiagSin', 'FTorqComm', 'FTorqFeed', 'FMotRPM', 'FDCVolt', 'ParRespAdd', 'ParRespWri', 'ParRespDat']
NoneType: None
2025-04-20 21:51:09,019 - ERROR - Header mismatch for vehicle.
Expected: {'Time': 'str', 'Unnamed: 1': 'float', 'PLC_HB': 'int', '24Volt': 'int', 'VCUMode': 'int', 'VehState': 'int', 'WhlSpd': 'int', 'UpTime': 'str', 'DownTime': 'str', 'GearChngeTime': 'str', 'BodyPos': 'int', 'Throttle': 'float', 'BodyUp': 'int', 'BrakeAirPres': 'int', 'BrakeOilTemp': 'int', 'DownShiftOn': 'int', 'HoistPosAve': 'int', 'KeyAccessVolt': 'int', 'Ignition': 'int', 'ParkBrakeLeft': 'int', 'ParkBrakeRight': 'int', 'Retarder': 'float', 'FLStrut': 'int', 'FRStrut': 'int', 'RLStrut': 'int', 'RRStrut': 'int', 'GearReq': 'int', 'GearAct': 'int', 'UpShiftOn': 'int', 'WSpeedLeft': 'int', 'WSpeedRight': 'int', 'PDPPosConClos': 'int', 'PDPNegConClos': 'int', 'PDPChilConClos': 'int', 'PDPDrive1ContClos': 'int', 'PDPDrive2ContClos': 'int', 'PDPAux1ContClos': 'int', 'ChillConn': 'int', 'DriveConn': 'int', 'AuxConn': 'int', 'PDPPosConn': 'int', 'PDPNegConn': 'int', 'PDPDriveConn': 'int', 'PDPAuxConn': 'int', 'PDPChillConn': 'int', 'PDPDcdcConn': 'int', 'PressVal': 'float', 'TempVal': 'float', 'lvVolt': 'int', 'ProcesTemp': 'int', 'PCBTemp': 'int', 'VibVal': 'float', 'G1OutVolt': 'int', 'G2OutVolt': 'int', 'G3GOutVolt': 'int', 'TransDrainOn': 'int', 'BattOn': 'int', 'DcdcOn': 'int', 'DriveOn': 'int', 'AuxOn': 'int', 'Incli_x_raw': 'int', 'Incli_y_raw': 'int', 'Incli_x': 'float', 'Incli_y': 'float', 'CAN0ErrTx': 'int', 'CAN0ErrRx': 'int', 'CAN0BusLoad': 'int', 'CAN0BusState': 'int', 'CAN0MessCount': 'int', 'CAN1ErrTx': 'int', 'CAN1ErrRx': 'int', 'CAN1BusLoad': 'int', 'CAN1BusState': 'int', 'CAN1MessCount': 'int', 'CAN2ErrTx': 'int', 'CAN2ErrRx': 'int', 'CAN2BusLoad': 'int', 'CAN2BusState': 'int', 'CAN2MessCount': 'int', 'CAN3ErrTx': 'int', 'CAN3ErrRx': 'int', 'CAN3BusLoad': 'int', 'CAN3BusState': 'int', 'CAN3MessCount': 'int', 'RPMBefore': 'int', 'RPMAfter': 'int', 'GearChanged': 'int', 'RPMInit': 'int', 'ShutdownSafe': 'int', 'Fault': 'float'}
Found: ['Time', 'Unnamed: 1', 'PLC_HB', '24Volt', 'VCUMode', 'VehState', 'WhlSpd', 'UpTime', 'DownTime', 'GearChngeTime', 'BodyPos', 'Throttle', 'BodyUp', 'BrakeAirPres', 'BrakeOilTemp', 'DownShiftOn', 'HoistPosAve', 'KeyAccessVolt', 'Ignition', 'ParkBrakeLeft', 'ParkBrakeRight', 'Retarder', 'FLStrut', 'FRStrut', 'RLStrut', 'RRStrut', 'GearReq', 'GearAct', 'UpShiftOn', 'WSpeedLeft', 'WSpeedRight', 'PDPPosConClos', 'PDPNegConClos', 'PDPChilConClos', 'PDPDrive1ContClos', 'PDPDrive2ContClos', 'PDPAux1ContClos', 'ChillConn', 'DriveConn', 'AuxConn', 'PDPPosConn', 'PDPNegConn', 'PDPDriveConn', 'PDPAuxConn', 'PDPChillConn', 'PDPDcdcConn', 'PressVal', 'TempVal', 'lvVolt', 'ProcesTemp', 'PCBTemp', 'VibVal', 'G1OutVolt', 'G2OutVolt', 'G3GOutVolt', 'TransDrainOn', 'BattOn', 'DcdcOn', 'DriveOn', 'AuxOn', 'Incli_x_raw', 'Incli_y_raw', 'Incli_x', 'Incli_y', 'CAN0ErrTx', 'CAN0ErrRx', 'CAN0BusLoad', 'CAN0BusState', 'CAN0MessCount', 'CAN1ErrTx', 'CAN1ErrRx', 'CAN1BusLoad', 'CAN1BusState', 'CAN1MessCount', 'CAN2ErrTx', 'CAN2ErrRx', 'CAN2BusLoad', 'CAN2BusState', 'CAN2MessCount', 'CAN3ErrTx', 'CAN3ErrRx', 'CAN3BusLoad', 'CAN3BusState', 'CAN3MessCount', 'RPMBefore', 'RPMAfter', 'GearChanged', 'RPMInit', 'ShutdownSafe']
NoneType: None
2025-04-20 21:51:09,884 - ERROR - Header mismatch for vehicle.
Expected: {'Time': 'str', 'Unnamed: 1': 'float', 'PLC_HB': 'int', '24Volt': 'int', 'VCUMode': 'int', 'VehState': 'int', 'WhlSpd': 'int', 'UpTime': 'str', 'DownTime': 'str', 'GearChngeTime': 'str', 'BodyPos': 'int', 'Throttle': 'float', 'BodyUp': 'int', 'BrakeAirPres': 'int', 'BrakeOilTemp': 'int', 'DownShiftOn': 'int', 'HoistPosAve': 'int', 'KeyAccessVolt': 'int', 'Ignition': 'int', 'ParkBrakeLeft': 'int', 'ParkBrakeRight': 'int', 'Retarder': 'float', 'FLStrut': 'int', 'FRStrut': 'int', 'RLStrut': 'int', 'RRStrut': 'int', 'GearReq': 'int', 'GearAct': 'int', 'UpShiftOn': 'int', 'WSpeedLeft': 'int', 'WSpeedRight': 'int', 'PDPPosConClos': 'int', 'PDPNegConClos': 'int', 'PDPChilConClos': 'int', 'PDPDrive1ContClos': 'int', 'PDPDrive2ContClos': 'int', 'PDPAux1ContClos': 'int', 'ChillConn': 'int', 'DriveConn': 'int', 'AuxConn': 'int', 'PDPPosConn': 'int', 'PDPNegConn': 'int', 'PDPDriveConn': 'int', 'PDPAuxConn': 'int', 'PDPChillConn': 'int', 'PDPDcdcConn': 'int', 'PressVal': 'float', 'TempVal': 'float', 'lvVolt': 'int', 'ProcesTemp': 'int', 'PCBTemp': 'int', 'VibVal': 'float', 'G1OutVolt': 'int', 'G2OutVolt': 'int', 'G3GOutVolt': 'int', 'TransDrainOn': 'int', 'BattOn': 'int', 'DcdcOn': 'int', 'DriveOn': 'int', 'AuxOn': 'int', 'Incli_x_raw': 'int', 'Incli_y_raw': 'int', 'Incli_x': 'float', 'Incli_y': 'float', 'CAN0ErrTx': 'int', 'CAN0ErrRx': 'int', 'CAN0BusLoad': 'int', 'CAN0BusState': 'int', 'CAN0MessCount': 'int', 'CAN1ErrTx': 'int', 'CAN1ErrRx': 'int', 'CAN1BusLoad': 'int', 'CAN1BusState': 'int', 'CAN1MessCount': 'int', 'CAN2ErrTx': 'int', 'CAN2ErrRx': 'int', 'CAN2BusLoad': 'int', 'CAN2BusState': 'int', 'CAN2MessCount': 'int', 'CAN3ErrTx': 'int', 'CAN3ErrRx': 'int', 'CAN3BusLoad': 'int', 'CAN3BusState': 'int', 'CAN3MessCount': 'int', 'RPMBefore': 'int', 'RPMAfter': 'int', 'GearChanged': 'int', 'RPMInit': 'int', 'ShutdownSafe': 'int', 'Fault': 'float'}
Found: ['Time', 'Unnamed: 1', 'PLC_HB', '24Volt', 'VCUMode', 'VehState', 'WhlSpd', 'UpTime', 'DownTime', 'GearChngeTime', 'BodyPos', 'Throttle', 'BodyUp', 'BrakeAirPres', 'BrakeOilTemp', 'DownShiftOn', 'HoistPosAve', 'KeyAccessVolt', 'Ignition', 'ParkBrakeLeft', 'ParkBrakeRight', 'Retarder', 'FLStrut', 'FRStrut', 'RLStrut', 'RRStrut', 'GearReq', 'GearAct', 'UpShiftOn', 'WSpeedLeft', 'WSpeedRight', 'PDPPosConClos', 'PDPNegConClos', 'PDPChilConClos', 'PDPDrive1ContClos', 'PDPDrive2ContClos', 'PDPAux1ContClos', 'ChillConn', 'DriveConn', 'AuxConn', 'PDPPosConn', 'PDPNegConn', 'PDPDriveConn', 'PDPAuxConn', 'PDPChillConn', 'PDPDcdcConn', 'PressVal', 'TempVal', 'lvVolt', 'ProcesTemp', 'PCBTemp', 'VibVal', 'G1OutVolt', 'G2OutVolt', 'G3GOutVolt', 'TransDrainOn', 'BattOn', 'DcdcOn', 'DriveOn', 'AuxOn', 'Incli_x_raw', 'Incli_y_raw', 'Incli_x', 'Incli_y', 'CAN0ErrTx', 'CAN0ErrRx', 'CAN0BusLoad', 'CAN0BusState', 'CAN0MessCount', 'CAN1ErrTx', 'CAN1ErrRx', 'CAN1BusLoad', 'CAN1BusState', 'CAN1MessCount', 'CAN2ErrTx', 'CAN2ErrRx', 'CAN2BusLoad', 'CAN2BusState', 'CAN2MessCount', 'CAN3ErrTx', 'CAN3ErrRx', 'CAN3BusLoad', 'CAN3BusState', 'CAN3MessCount', 'RPMBefore', 'RPMAfter', 'GearChanged', 'RPMInit', 'ShutdownSafe']
NoneType: None
2025-04-20 21:51:11,122 - ERROR - Header mismatch for vehicle.
Expected: {'Time': 'str', 'Unnamed: 1': 'float', 'PLC_HB': 'int', '24Volt': 'int', 'VCUMode': 'int', 'VehState': 'int', 'WhlSpd': 'int', 'UpTime': 'str', 'DownTime': 'str', 'GearChngeTime': 'str', 'BodyPos': 'int', 'Throttle': 'float', 'BodyUp': 'int', 'BrakeAirPres': 'int', 'BrakeOilTemp': 'int', 'DownShiftOn': 'int', 'HoistPosAve': 'int', 'KeyAccessVolt': 'int', 'Ignition': 'int', 'ParkBrakeLeft': 'int', 'ParkBrakeRight': 'int', 'Retarder': 'float', 'FLStrut': 'int', 'FRStrut': 'int', 'RLStrut': 'int', 'RRStrut': 'int', 'GearReq': 'int', 'GearAct': 'int', 'UpShiftOn': 'int', 'WSpeedLeft': 'int', 'WSpeedRight': 'int', 'PDPPosConClos': 'int', 'PDPNegConClos': 'int', 'PDPChilConClos': 'int', 'PDPDrive1ContClos': 'int', 'PDPDrive2ContClos': 'int', 'PDPAux1ContClos': 'int', 'ChillConn': 'int', 'DriveConn': 'int', 'AuxConn': 'int', 'PDPPosConn': 'int', 'PDPNegConn': 'int', 'PDPDriveConn': 'int', 'PDPAuxConn': 'int', 'PDPChillConn': 'int', 'PDPDcdcConn': 'int', 'PressVal': 'float', 'TempVal': 'float', 'lvVolt': 'int', 'ProcesTemp': 'int', 'PCBTemp': 'int', 'VibVal': 'float', 'G1OutVolt': 'int', 'G2OutVolt': 'int', 'G3GOutVolt': 'int', 'TransDrainOn': 'int', 'BattOn': 'int', 'DcdcOn': 'int', 'DriveOn': 'int', 'AuxOn': 'int', 'Incli_x_raw': 'int', 'Incli_y_raw': 'int', 'Incli_x': 'float', 'Incli_y': 'float', 'CAN0ErrTx': 'int', 'CAN0ErrRx': 'int', 'CAN0BusLoad': 'int', 'CAN0BusState': 'int', 'CAN0MessCount': 'int', 'CAN1ErrTx': 'int', 'CAN1ErrRx': 'int', 'CAN1BusLoad': 'int', 'CAN1BusState': 'int', 'CAN1MessCount': 'int', 'CAN2ErrTx': 'int', 'CAN2ErrRx': 'int', 'CAN2BusLoad': 'int', 'CAN2BusState': 'int', 'CAN2MessCount': 'int', 'CAN3ErrTx': 'int', 'CAN3ErrRx': 'int', 'CAN3BusLoad': 'int', 'CAN3BusState': 'int', 'CAN3MessCount': 'int', 'RPMBefore': 'int', 'RPMAfter': 'int', 'GearChanged': 'int', 'RPMInit': 'int', 'ShutdownSafe': 'int', 'Fault': 'float'}
Found: ['Time', 'Unnamed: 1', 'PLC_HB', '24Volt', 'VCUMode', 'VehState', 'WhlSpd', 'UpTime', 'DownTime', 'GearChngeTime', 'BodyPos', 'Throttle', 'BodyUp', 'BrakeAirPres', 'BrakeOilTemp', 'DownShiftOn', 'HoistPosAve', 'KeyAccessVolt', 'Ignition', 'ParkBrakeLeft', 'ParkBrakeRight', 'Retarder', 'FLStrut', 'FRStrut', 'RLStrut', 'RRStrut', 'GearReq', 'GearAct', 'UpShiftOn', 'WSpeedLeft', 'WSpeedRight', 'PDPPosConClos', 'PDPNegConClos', 'PDPChilConClos', 'PDPDrive1ContClos', 'PDPDrive2ContClos', 'PDPAux1ContClos', 'ChillConn', 'DriveConn', 'AuxConn', 'PDPPosConn', 'PDPNegConn', 'PDPDriveConn', 'PDPAuxConn', 'PDPChillConn', 'PDPDcdcConn', 'PressVal', 'TempVal', 'lvVolt', 'ProcesTemp', 'PCBTemp', 'VibVal', 'G1OutVolt', 'G2OutVolt', 'G3GOutVolt', 'TransDrainOn', 'BattOn', 'DcdcOn', 'DriveOn', 'AuxOn', 'Incli_x_raw', 'Incli_y_raw', 'Incli_x', 'Incli_y', 'CAN0ErrTx', 'CAN0ErrRx', 'CAN0BusLoad', 'CAN0BusState', 'CAN0MessCount', 'CAN1ErrTx', 'CAN1ErrRx', 'CAN1BusLoad', 'CAN1BusState', 'CAN1MessCount', 'CAN2ErrTx', 'CAN2ErrRx', 'CAN2BusLoad', 'CAN2BusState', 'CAN2MessCount', 'CAN3ErrTx', 'CAN3ErrRx', 'CAN3BusLoad', 'CAN3BusState', 'CAN3MessCount', 'RPMBefore', 'RPMAfter', 'GearChanged', 'RPMInit', 'ShutdownSafe']
NoneType: None
2025-04-20 21:51:20,825 - ERROR - Header mismatch for vehicle.
Expected: {'Time': 'str', 'Unnamed: 1': 'float', 'PLC_HB': 'int', '24Volt': 'int', 'VCUMode': 'int', 'VehState': 'int', 'WhlSpd': 'int', 'UpTime': 'str', 'DownTime': 'str', 'GearChngeTime': 'str', 'BodyPos': 'int', 'Throttle': 'float', 'BodyUp': 'int', 'BrakeAirPres': 'int', 'BrakeOilTemp': 'int', 'DownShiftOn': 'int', 'HoistPosAve': 'int', 'KeyAccessVolt': 'int', 'Ignition': 'int', 'ParkBrakeLeft': 'int', 'ParkBrakeRight': 'int', 'Retarder': 'float', 'FLStrut': 'int', 'FRStrut': 'int', 'RLStrut': 'int', 'RRStrut': 'int', 'GearReq': 'int', 'GearAct': 'int', 'UpShiftOn': 'int', 'WSpeedLeft': 'int', 'WSpeedRight': 'int', 'PDPPosConClos': 'int', 'PDPNegConClos': 'int', 'PDPChilConClos': 'int', 'PDPDrive1ContClos': 'int', 'PDPDrive2ContClos': 'int', 'PDPAux1ContClos': 'int', 'ChillConn': 'int', 'DriveConn': 'int', 'AuxConn': 'int', 'PDPPosConn': 'int', 'PDPNegConn': 'int', 'PDPDriveConn': 'int', 'PDPAuxConn': 'int', 'PDPChillConn': 'int', 'PDPDcdcConn': 'int', 'PressVal': 'float', 'TempVal': 'float', 'lvVolt': 'int', 'ProcesTemp': 'int', 'PCBTemp': 'int', 'VibVal': 'float', 'G1OutVolt': 'int', 'G2OutVolt': 'int', 'G3GOutVolt': 'int', 'TransDrainOn': 'int', 'BattOn': 'int', 'DcdcOn': 'int', 'DriveOn': 'int', 'AuxOn': 'int', 'Incli_x_raw': 'int', 'Incli_y_raw': 'int', 'Incli_x': 'float', 'Incli_y': 'float', 'CAN0ErrTx': 'int', 'CAN0ErrRx': 'int', 'CAN0BusLoad': 'int', 'CAN0BusState': 'int', 'CAN0MessCount': 'int', 'CAN1ErrTx': 'int', 'CAN1ErrRx': 'int', 'CAN1BusLoad': 'int', 'CAN1BusState': 'int', 'CAN1MessCount': 'int', 'CAN2ErrTx': 'int', 'CAN2ErrRx': 'int', 'CAN2BusLoad': 'int', 'CAN2BusState': 'int', 'CAN2MessCount': 'int', 'CAN3ErrTx': 'int', 'CAN3ErrRx': 'int', 'CAN3BusLoad': 'int', 'CAN3BusState': 'int', 'CAN3MessCount': 'int', 'RPMBefore': 'int', 'RPMAfter': 'int', 'GearChanged': 'int', 'RPMInit': 'int', 'ShutdownSafe': 'int', 'Fault': 'float'}
Found: ['19.02.2025 10:16:05', 'Unnamed: 1', '0', '0.1', '0.2', '0.3', '0.4', 'T#0ms', 'T#10s', 'T#10s.1', '0.5', '-0.07', '0.6', '5637', '4595', '1', '3036', '23923', '0.7', '423', '318', '1.341464', '537', '539', '538', '589', '0.8', '0.9', '0.10', '537.1', '537.2', '0.11', '0.12', '0.13', '0.14', '0.15', '1.1', '1.2', '1.3', '0.16', '0.17', '0.18', '0.19', '0.20', '0.21', '0.22', '62.5', '44.35978', '23840', '38', '33', '0.0', '23861', '23834', '0.23', '0.24', '1.4', '1.5', '1.6', '1.7', '12', '31', '0.2094441', '0.5410683', '71', '0.25', '3', '1.8', '1309', '0.26', '0.27', '56', '1.9', '9786', '0.28', '0.29', '35', '1.10', '13920', '0.30', '0.31', '35.1', '1.11', '13920.1', '0.32', '0.33', '0.34', '0.35', '0.36', 'None']
NoneType: None
